Archive member included to satisfy reference by file (symbol)

lib\librrf\librrf.a(CRC16.cpp.obj)
                              CMakeFiles\paneldue.elf.dir\src\Hardware\SerialIo.cpp.obj (CRC16::CRC16())
lib\librrf\librrf.a(SafeStrtod.cpp.obj)
                              CMakeFiles\paneldue.elf.dir\src\PanelDue.cpp.obj (SafeStrtof(char const*, char const**))
lib\librrf\librrf.a(SafeVsnprintf.cpp.obj)
                              CMakeFiles\paneldue.elf.dir\src\Hardware\SerialIo.cpp.obj (vuprintf(function_ref<bool (char)>, char const*, std::__va_list))
lib\librrf\librrf.a(StringFunctions.cpp.obj)
                              CMakeFiles\paneldue.elf.dir\src\FileManager.cpp.obj (StringEqualsIgnoreCase(char const*, char const*))
lib\librrf\librrf.a(StringRef.cpp.obj)
                              CMakeFiles\paneldue.elf.dir\src\FileManager.cpp.obj (StringRef::vprintf(char const*, std::__va_list) const)
lib\librrf\librrf.a(Strnlen.cpp.obj)
                              CMakeFiles\paneldue.elf.dir\src\FileManager.cpp.obj (Strnlen(char const*, unsigned int))
lib\librrf\librrf.a(NumericConverter.cpp.obj)
                              lib\librrf\librrf.a(SafeStrtod.cpp.obj) (NumericConverter::Accumulate(char, unsigned char, function_ref<char ()>))
c:/progra~2/gnutoo~1/1142da~1.3re/bin/../lib/gcc/arm-none-eabi/11.3.1/thumb/v7e-m/nofp\libm.a(libm_a-s_llrint.o)
                              lib\librrf\librrf.a(SafeVsnprintf.cpp.obj) (llrint)
c:/progra~2/gnutoo~1/1142da~1.3re/bin/../lib/gcc/arm-none-eabi/11.3.1/thumb/v7e-m/nofp\libgcc.a(_arm_muldf3.o)
                              lib\librrf\librrf.a(SafeVsnprintf.cpp.obj) (__aeabi_dmul)
c:/progra~2/gnutoo~1/1142da~1.3re/bin/../lib/gcc/arm-none-eabi/11.3.1/thumb/v7e-m/nofp\libgcc.a(_arm_mulsf3.o)
                              CMakeFiles\paneldue.elf.dir\src\PanelDue.cpp.obj (__aeabi_fmul)
c:/progra~2/gnutoo~1/1142da~1.3re/bin/../lib/gcc/arm-none-eabi/11.3.1/thumb/v7e-m/nofp\libgcc.a(_arm_addsubdf3.o)
                              c:/progra~2/gnutoo~1/1142da~1.3re/bin/../lib/gcc/arm-none-eabi/11.3.1/thumb/v7e-m/nofp\libm.a(libm_a-s_llrint.o) (__aeabi_dsub)
c:/progra~2/gnutoo~1/1142da~1.3re/bin/../lib/gcc/arm-none-eabi/11.3.1/thumb/v7e-m/nofp\libgcc.a(_arm_muldivdf3.o)
                              lib\librrf\librrf.a(SafeVsnprintf.cpp.obj) (__aeabi_ddiv)
c:/progra~2/gnutoo~1/1142da~1.3re/bin/../lib/gcc/arm-none-eabi/11.3.1/thumb/v7e-m/nofp\libgcc.a(_arm_cmpdf2.o)
                              lib\librrf\librrf.a(SafeVsnprintf.cpp.obj) (__aeabi_dcmpeq)
c:/progra~2/gnutoo~1/1142da~1.3re/bin/../lib/gcc/arm-none-eabi/11.3.1/thumb/v7e-m/nofp\libgcc.a(_arm_unorddf2.o)
                              lib\librrf\librrf.a(SafeVsnprintf.cpp.obj) (__aeabi_dcmpun)
c:/progra~2/gnutoo~1/1142da~1.3re/bin/../lib/gcc/arm-none-eabi/11.3.1/thumb/v7e-m/nofp\libgcc.a(_arm_truncdfsf2.o)
                              lib\librrf\librrf.a(NumericConverter.cpp.obj) (__aeabi_d2f)
c:/progra~2/gnutoo~1/1142da~1.3re/bin/../lib/gcc/arm-none-eabi/11.3.1/thumb/v7e-m/nofp\libgcc.a(_arm_addsubsf3.o)
                              CMakeFiles\paneldue.elf.dir\src\PanelDue.cpp.obj (__aeabi_fsub)
c:/progra~2/gnutoo~1/1142da~1.3re/bin/../lib/gcc/arm-none-eabi/11.3.1/thumb/v7e-m/nofp\libgcc.a(_arm_muldivsf3.o)
                              CMakeFiles\paneldue.elf.dir\src\PanelDue.cpp.obj (__aeabi_fdiv)
c:/progra~2/gnutoo~1/1142da~1.3re/bin/../lib/gcc/arm-none-eabi/11.3.1/thumb/v7e-m/nofp\libgcc.a(_arm_cmpsf2.o)
                              CMakeFiles\paneldue.elf.dir\src\PanelDue.cpp.obj (__aeabi_fcmplt)
c:/progra~2/gnutoo~1/1142da~1.3re/bin/../lib/gcc/arm-none-eabi/11.3.1/thumb/v7e-m/nofp\libgcc.a(_arm_fixsfsi.o)
                              CMakeFiles\paneldue.elf.dir\src\PanelDue.cpp.obj (__aeabi_f2iz)
c:/progra~2/gnutoo~1/1142da~1.3re/bin/../lib/gcc/arm-none-eabi/11.3.1/thumb/v7e-m/nofp\libgcc.a(_arm_fixunssfsi.o)
                              CMakeFiles\paneldue.elf.dir\src\PanelDue.cpp.obj (__aeabi_f2uiz)
c:/progra~2/gnutoo~1/1142da~1.3re/bin/../lib/gcc/arm-none-eabi/11.3.1/thumb/v7e-m/nofp\libgcc.a(_aeabi_uldivmod.o)
                              lib\librrf\librrf.a(SafeVsnprintf.cpp.obj) (__aeabi_uldivmod)
c:/progra~2/gnutoo~1/1142da~1.3re/bin/../lib/gcc/arm-none-eabi/11.3.1/thumb/v7e-m/nofp\libgcc.a(_fixdfdi.o)
                              c:/progra~2/gnutoo~1/1142da~1.3re/bin/../lib/gcc/arm-none-eabi/11.3.1/thumb/v7e-m/nofp\libm.a(libm_a-s_llrint.o) (__aeabi_d2lz)
c:/progra~2/gnutoo~1/1142da~1.3re/bin/../lib/gcc/arm-none-eabi/11.3.1/thumb/v7e-m/nofp\libgcc.a(_fixunsdfdi.o)
                              c:/progra~2/gnutoo~1/1142da~1.3re/bin/../lib/gcc/arm-none-eabi/11.3.1/thumb/v7e-m/nofp\libgcc.a(_fixdfdi.o) (__aeabi_d2ulz)
c:/progra~2/gnutoo~1/1142da~1.3re/bin/../lib/gcc/arm-none-eabi/11.3.1/thumb/v7e-m/nofp\libgcc.a(_udivmoddi4.o)
                              c:/progra~2/gnutoo~1/1142da~1.3re/bin/../lib/gcc/arm-none-eabi/11.3.1/thumb/v7e-m/nofp\libgcc.a(_aeabi_uldivmod.o) (__udivmoddi4)
[...]
Memory Configuration

Name             Origin             Length             Attributes
rom              0x00400000         0x00040000         xr
ram              0x20000000         0x00010000         xrw
*default*        0x00000000         0xffffffff

Linker script and memory map

LOAD c:/progra~2/gnutoo~1/1142da~1.3re/bin/../lib/gcc/arm-none-eabi/11.3.1/thumb/v7e-m/nofp/crti.o
LOAD c:/progra~2/gnutoo~1/1142da~1.3re/bin/../lib/gcc/arm-none-eabi/11.3.1/thumb/v7e-m/nofp/crtbegin.o
LOAD c:/progra~2/gnutoo~1/1142da~1.3re/bin/../lib/gcc/arm-none-eabi/11.3.1/thumb/v7e-m/nofp/crt0.o
                0x00001000                __stack_size__ = 0x1000
LOAD CMakeFiles\paneldue.elf.dir\src\Wallpaper\Wallpaper.cpp.obj
LOAD CMakeFiles\paneldue.elf.dir\src\Icons\WojIcons.cpp.obj
LOAD CMakeFiles\paneldue.elf.dir\src\ASF\sam\utils\cmsis\sam4s\source\templates\system_sam4s.c.obj
LOAD CMakeFiles\paneldue.elf.dir\src\ASF\sam\utils\cmsis\sam4s\source\templates\gcc\startup_sam4s.c.obj
LOAD CMakeFiles\paneldue.elf.dir\src\ASF\common\services\clock\sam4s\sysclk.c.obj
LOAD CMakeFiles\paneldue.elf.dir\src\ASF\common\boards\user_board\init.c.obj
LOAD CMakeFiles\paneldue.elf.dir\src\ASF\common\services\delay\sam\cycle_counter.c.obj
LOAD CMakeFiles\paneldue.elf.dir\src\ASF\common\utils\interrupt\interrupt_sam_nvic.c.obj
LOAD CMakeFiles\paneldue.elf.dir\src\ASF\sam\drivers\chipid\chipid.c.obj
LOAD CMakeFiles\paneldue.elf.dir\src\ASF\sam\drivers\efc\efc.c.obj
LOAD CMakeFiles\paneldue.elf.dir\src\ASF\sam\drivers\matrix\matrix.c.obj
LOAD CMakeFiles\paneldue.elf.dir\src\ASF\sam\drivers\pio\pio.c.obj
LOAD CMakeFiles\paneldue.elf.dir\src\ASF\sam\drivers\pio\pio_handler.c.obj
LOAD CMakeFiles\paneldue.elf.dir\src\ASF\sam\drivers\pmc\pmc.c.obj
LOAD CMakeFiles\paneldue.elf.dir\src\ASF\sam\drivers\pwm\pwm.c.obj
LOAD CMakeFiles\paneldue.elf.dir\src\ASF\sam\drivers\rstc\rstc.c.obj
LOAD CMakeFiles\paneldue.elf.dir\src\ASF\sam\drivers\uart\uart.c.obj
LOAD CMakeFiles\paneldue.elf.dir\src\ASF\sam\drivers\wdt\wdt.c.obj
LOAD CMakeFiles\paneldue.elf.dir\src\ASF\sam\services\flash_efc\flash_efc.c.obj
LOAD CMakeFiles\paneldue.elf.dir\src\ASF\sam\utils\syscalls\gcc\syscalls.c.obj
LOAD CMakeFiles\paneldue.elf.dir\src\FileManager.cpp.obj
LOAD CMakeFiles\paneldue.elf.dir\src\FlashData.cpp.obj
LOAD CMakeFiles\paneldue.elf.dir\src\Fonts\glcd19x21.cpp.obj
LOAD CMakeFiles\paneldue.elf.dir\src\Fonts\glcd28x32.cpp.obj
LOAD CMakeFiles\paneldue.elf.dir\src\Hardware\Backlight.cpp.obj
LOAD CMakeFiles\paneldue.elf.dir\src\Hardware\Buzzer.cpp.obj
LOAD CMakeFiles\paneldue.elf.dir\src\Hardware\FlashStorage.cpp.obj
LOAD CMakeFiles\paneldue.elf.dir\src\Hardware\Mem.cpp.obj
LOAD CMakeFiles\paneldue.elf.dir\src\Hardware\OneBitPort.cpp.obj
LOAD CMakeFiles\paneldue.elf.dir\src\Hardware\Reset.cpp.obj
LOAD CMakeFiles\paneldue.elf.dir\src\Hardware\RotaryEncoder.cpp.obj
LOAD CMakeFiles\paneldue.elf.dir\src\Hardware\SerialIo.cpp.obj
LOAD CMakeFiles\paneldue.elf.dir\src\Hardware\SysTick.cpp.obj
LOAD CMakeFiles\paneldue.elf.dir\src\Hardware\UTFT.cpp.obj
LOAD CMakeFiles\paneldue.elf.dir\src\Hardware\UTouch.cpp.obj
LOAD CMakeFiles\paneldue.elf.dir\src\Icons\HomeIcons.cpp.obj
LOAD CMakeFiles\paneldue.elf.dir\src\Icons\KeyIcons.cpp.obj
LOAD CMakeFiles\paneldue.elf.dir\src\Icons\MiscIcons.cpp.obj
LOAD CMakeFiles\paneldue.elf.dir\src\Icons\NozzleIcons.cpp.obj
LOAD CMakeFiles\paneldue.elf.dir\src\Library\Misc.cpp.obj
LOAD CMakeFiles\paneldue.elf.dir\src\Library\Thumbnail.cpp.obj
LOAD CMakeFiles\paneldue.elf.dir\src\ObjectModel\Axis.cpp.obj
LOAD CMakeFiles\paneldue.elf.dir\src\ObjectModel\BedOrChamber.cpp.obj
LOAD CMakeFiles\paneldue.elf.dir\src\ObjectModel\Spindle.cpp.obj
LOAD CMakeFiles\paneldue.elf.dir\src\ObjectModel\Tool.cpp.obj
LOAD CMakeFiles\paneldue.elf.dir\src\ObjectModel\Utils.cpp.obj
LOAD CMakeFiles\paneldue.elf.dir\src\PanelDue.cpp.obj
LOAD CMakeFiles\paneldue.elf.dir\src\RequestTimer.cpp.obj
LOAD CMakeFiles\paneldue.elf.dir\src\UI\ColourSchemes.cpp.obj
LOAD CMakeFiles\paneldue.elf.dir\src\UI\Display.cpp.obj
LOAD CMakeFiles\paneldue.elf.dir\src\UI\MessageLog.cpp.obj
LOAD CMakeFiles\paneldue.elf.dir\src\UI\Popup.cpp.obj
LOAD CMakeFiles\paneldue.elf.dir\src\UI\UserInterface.cpp.obj
LOAD CMakeFiles\paneldue.elf.dir\lib\base64\base64.c.obj
LOAD lib\librrf\librrf.a
LOAD c:/progra~2/gnutoo~1/1142da~1.3re/bin/../lib/gcc/arm-none-eabi/11.3.1/thumb/v7e-m/nofp\libstdc++_nano.a
LOAD c:/progra~2/gnutoo~1/1142da~1.3re/bin/../lib/gcc/arm-none-eabi/11.3.1/thumb/v7e-m/nofp\libm.a
START GROUP
LOAD c:/progra~2/gnutoo~1/1142da~1.3re/bin/../lib/gcc/arm-none-eabi/11.3.1/thumb/v7e-m/nofp\libgcc.a
LOAD c:/progra~2/gnutoo~1/1142da~1.3re/bin/../lib/gcc/arm-none-eabi/11.3.1/thumb/v7e-m/nofp\libg_nano.a
LOAD c:/progra~2/gnutoo~1/1142da~1.3re/bin/../lib/gcc/arm-none-eabi/11.3.1/thumb/v7e-m/nofp\libc_nano.a
END GROUP
START GROUP
LOAD c:/progra~2/gnutoo~1/1142da~1.3re/bin/../lib/gcc/arm-none-eabi/11.3.1/thumb/v7e-m/nofp\libgcc.a
LOAD c:/progra~2/gnutoo~1/1142da~1.3re/bin/../lib/gcc/arm-none-eabi/11.3.1/thumb/v7e-m/nofp\libc_nano.a
END GROUP
LOAD c:/progra~2/gnutoo~1/1142da~1.3re/bin/../lib/gcc/arm-none-eabi/11.3.1/thumb/v7e-m/nofp/crtend.o
LOAD c:/progra~2/gnutoo~1/1142da~1.3re/bin/../lib/gcc/arm-none-eabi/11.3.1/thumb/v7e-m/nofp/crtn.o
                0x20000000                __ram_start__ = ORIGIN (ram)
                0x2000fffc                __ram_end__ = ((ORIGIN (ram) + LENGTH (ram)) - 0x4)
                0x00400000                __flash_start__ = ORIGIN (rom)
                0x00440000                __flash_end__ = (ORIGIN (rom) + LENGTH (rom))

.text           0x00400000    0x26ad4
                0x00400000                . = ALIGN (0x4)
                0x00400000                _sfixed = .
 *(.vectors .vectors.*)
 .vectors       0x00400000       0xcc CMakeFiles\paneldue.elf.dir\src\ASF\sam\utils\cmsis\sam4s\source\templates\gcc\startup_sam4s.c.obj
                0x00400000                exception_table
 *(.text .text.* .gnu.linkonce.t.*)
 .text.deregister_tm_clones
                0x004000cc       0x1c c:/progra~2/gnutoo~1/1142da~1.3re/bin/../lib/gcc/arm-none-eabi/11.3.1/thumb/v7e-m/nofp/crtbegin.o
 .text.register_tm_clones
                0x004000e8       0x24 c:/progra~2/gnutoo~1/1142da~1.3re/bin/../lib/gcc/arm-none-eabi/11.3.1/thumb/v7e-m/nofp/crtbegin.o
 .text.__do_global_dtors_aux
                0x0040010c       0x28 c:/progra~2/gnutoo~1/1142da~1.3re/bin/../lib/gcc/arm-none-eabi/11.3.1/thumb/v7e-m/nofp/crtbegin.o
 .text.frame_dummy
                0x00400134       0x24 c:/progra~2/gnutoo~1/1142da~1.3re/bin/../lib/gcc/arm-none-eabi/11.3.1/thumb/v7e-m/nofp/crtbegin.o
 .text._Z17DrawWallpaperDataR9WallpaperR4UTFT
                0x00400158       0xb8 CMakeFiles\paneldue.elf.dir\src\Wallpaper\Wallpaper.cpp.obj
                0x00400158                DrawWallpaperData(Wallpaper&, UTFT&)
 .text.SystemInit
                0x00400210        0x8 CMakeFiles\paneldue.elf.dir\src\ASF\sam\utils\cmsis\sam4s\source\templates\system_sam4s.c.obj
                0x00400210                SystemInit
 .text.SystemCoreClockUpdate
                0x00400218       0xd4 CMakeFiles\paneldue.elf.dir\src\ASF\sam\utils\cmsis\sam4s\source\templates\system_sam4s.c.obj
                0x00400218                SystemCoreClockUpdate
 .text.system_init_flash
                0x004002ec       0x60 CMakeFiles\paneldue.elf.dir\src\ASF\sam\utils\cmsis\sam4s\source\templates\system_sam4s.c.obj
                0x004002ec                system_init_flash
 .text.Dummy_Handler
                0x0040034c        0x4 CMakeFiles\paneldue.elf.dir\src\ASF\sam\utils\cmsis\sam4s\source\templates\gcc\startup_sam4s.c.obj
                0x0040034c                DACC_Handler
                0x0040034c                DebugMon_Handler
                0x0040034c                HardFault_Handler
                0x0040034c                TC2_Handler
                0x0040034c                SPI_Handler
                0x0040034c                TWI1_Handler
                0x0040034c                PendSV_Handler
                0x0040034c                NMI_Handler
                0x0040034c                ADC_Handler
                0x0040034c                CRCCU_Handler
                0x0040034c                USART0_Handler
                0x0040034c                RTT_Handler
                0x0040034c                RTC_Handler
                0x0040034c                UsageFault_Handler
                0x0040034c                WDT_Handler
                0x0040034c                TC1_Handler
                0x0040034c                HSMCI_Handler
                0x0040034c                UART1_Handler
                0x0040034c                Dummy_Handler
                0x0040034c                TWI0_Handler
                0x0040034c                USART1_Handler
                0x0040034c                SSC_Handler
                0x0040034c                EFC0_Handler
                0x0040034c                ACC_Handler
                0x0040034c                PMC_Handler
                0x0040034c                PWM_Handler
                0x0040034c                MemManage_Handler
                0x0040034c                SUPC_Handler
                0x0040034c                SVC_Handler
                0x0040034c                UDP_Handler
                0x0040034c                BusFault_Handler
                0x0040034c                RSTC_Handler
                0x0040034c                TC0_Handler
 .text.Reset_Handler
                0x00400350       0x74 CMakeFiles\paneldue.elf.dir\src\ASF\sam\utils\cmsis\sam4s\source\templates\gcc\startup_sam4s.c.obj
                0x00400350                Reset_Handler
 .text.sysclk_init
                0x004003c4       0x6c CMakeFiles\paneldue.elf.dir\src\ASF\common\services\clock\sam4s\sysclk.c.obj
                0x004003c4                sysclk_init
 .text.efc_get_result
                0x00400430        0x4 CMakeFiles\paneldue.elf.dir\src\ASF\sam\drivers\efc\efc.c.obj
                0x00400430                efc_get_result
 .text.efc_perform_command
                0x00400434       0x28 CMakeFiles\paneldue.elf.dir\src\ASF\sam\drivers\efc\efc.c.obj
                0x00400434                efc_perform_command
 .text.matrix_set_system_io
                0x0040045c        0xc CMakeFiles\paneldue.elf.dir\src\ASF\sam\drivers\matrix\matrix.c.obj
                0x0040045c                matrix_set_system_io
 .text.pio_get  0x00400468       0x18 CMakeFiles\paneldue.elf.dir\src\ASF\sam\drivers\pio\pio.c.obj
                0x00400468                pio_get
 .text.pio_set_peripheral
                0x00400480       0x7c CMakeFiles\paneldue.elf.dir\src\ASF\sam\drivers\pio\pio.c.obj
                0x00400480                pio_set_peripheral
 .text.pio_configure
                0x004004fc       0xa8 CMakeFiles\paneldue.elf.dir\src\ASF\sam\drivers\pio\pio.c.obj
                0x004004fc                pio_configure
 .text.pio_enable_output_write
                0x004005a4        0x8 CMakeFiles\paneldue.elf.dir\src\ASF\sam\drivers\pio\pio.c.obj
                0x004005a4                pio_enable_output_write
 .text.pio_get_interrupt_status
                0x004005ac        0x4 CMakeFiles\paneldue.elf.dir\src\ASF\sam\drivers\pio\pio.c.obj
                0x004005ac                pio_get_interrupt_status
 .text.pio_get_interrupt_mask
                0x004005b0        0x4 CMakeFiles\paneldue.elf.dir\src\ASF\sam\drivers\pio\pio.c.obj
                0x004005b0                pio_get_interrupt_mask
 .text.pio_handler_process
                0x004005b4       0x7c CMakeFiles\paneldue.elf.dir\src\ASF\sam\drivers\pio\pio_handler.c.obj
                0x004005b4                pio_handler_process
 .text.PIOA_Handler
                0x00400630       0x10 CMakeFiles\paneldue.elf.dir\src\ASF\sam\drivers\pio\pio_handler.c.obj
                0x00400630                PIOA_Handler
 .text.PIOB_Handler
                0x00400640       0x10 CMakeFiles\paneldue.elf.dir\src\ASF\sam\drivers\pio\pio_handler.c.obj
                0x00400640                PIOB_Handler
 .text.pmc_switch_mck_to_pllack
                0x00400650       0x5c CMakeFiles\paneldue.elf.dir\src\ASF\sam\drivers\pmc\pmc.c.obj
                0x00400650                pmc_switch_mck_to_pllack
 .text.pmc_switch_mainck_to_xtal
                0x004006ac       0x50 CMakeFiles\paneldue.elf.dir\src\ASF\sam\drivers\pmc\pmc.c.obj
                0x004006ac                pmc_switch_mainck_to_xtal
 .text.pmc_osc_is_ready_mainck
                0x004006fc       0x10 CMakeFiles\paneldue.elf.dir\src\ASF\sam\drivers\pmc\pmc.c.obj
                0x004006fc                pmc_osc_is_ready_mainck
 .text.pmc_disable_pllack
                0x0040070c       0x10 CMakeFiles\paneldue.elf.dir\src\ASF\sam\drivers\pmc\pmc.c.obj
                0x0040070c                pmc_disable_pllack
 .text.pmc_is_locked_pllack
                0x0040071c       0x10 CMakeFiles\paneldue.elf.dir\src\ASF\sam\drivers\pmc\pmc.c.obj
                0x0040071c                pmc_is_locked_pllack
 .text.pmc_enable_periph_clk
                0x0040072c       0x40 CMakeFiles\paneldue.elf.dir\src\ASF\sam\drivers\pmc\pmc.c.obj
                0x0040072c                pmc_enable_periph_clk
 .text.pwm_clocks_generate
                0x0040076c       0x58 CMakeFiles\paneldue.elf.dir\src\ASF\sam\drivers\pwm\pwm.c.obj
 .text.pwm_init
                0x004007c4       0x44 CMakeFiles\paneldue.elf.dir\src\ASF\sam\drivers\pwm\pwm.c.obj
                0x004007c4                pwm_init
 .text.pwm_channel_init
                0x00400808       0xe8 CMakeFiles\paneldue.elf.dir\src\ASF\sam\drivers\pwm\pwm.c.obj
                0x00400808                pwm_channel_init
 .text.pwm_channel_enable
                0x004008f0        0x8 CMakeFiles\paneldue.elf.dir\src\ASF\sam\drivers\pwm\pwm.c.obj
                0x004008f0                pwm_channel_enable
 .text.pwm_channel_disable
                0x004008f8        0x8 CMakeFiles\paneldue.elf.dir\src\ASF\sam\drivers\pwm\pwm.c.obj
                0x004008f8                pwm_channel_disable
 .text.rstc_start_software_reset
                0x00400900        0xc CMakeFiles\paneldue.elf.dir\src\ASF\sam\drivers\rstc\rstc.c.obj
                0x00400900                rstc_start_software_reset
 .text.rstc_get_reset_cause
                0x0040090c        0x8 CMakeFiles\paneldue.elf.dir\src\ASF\sam\drivers\rstc\rstc.c.obj
                0x0040090c                rstc_get_reset_cause
 .text.uart_init
                0x00400914       0x3c CMakeFiles\paneldue.elf.dir\src\ASF\sam\drivers\uart\uart.c.obj
                0x00400914                uart_init
 .text.uart_enable_interrupt
                0x00400950        0x4 CMakeFiles\paneldue.elf.dir\src\ASF\sam\drivers\uart\uart.c.obj
                0x00400950                uart_enable_interrupt
 .text.uart_disable_interrupt
                0x00400954        0x4 CMakeFiles\paneldue.elf.dir\src\ASF\sam\drivers\uart\uart.c.obj
                0x00400954                uart_disable_interrupt
 .text.uart_write
                0x00400958       0x10 CMakeFiles\paneldue.elf.dir\src\ASF\sam\drivers\uart\uart.c.obj
                0x00400958                uart_write
 .text.wdt_init
                0x00400968       0x1c CMakeFiles\paneldue.elf.dir\src\ASF\sam\drivers\wdt\wdt.c.obj
                0x00400968                wdt_init
 .text.wdt_restart
                0x00400984       0x18 CMakeFiles\paneldue.elf.dir\src\ASF\sam\drivers\wdt\wdt.c.obj
                0x00400984                wdt_restart
 .text.flash_unlock
                0x0040099c       0x5c CMakeFiles\paneldue.elf.dir\src\ASF\sam\services\flash_efc\flash_efc.c.obj
                0x0040099c                flash_unlock
 .text.flash_clear_gpnvm
                0x004009f8       0x48 CMakeFiles\paneldue.elf.dir\src\ASF\sam\services\flash_efc\flash_efc.c.obj
                0x004009f8                flash_clear_gpnvm
 .text.flash_read_user_signature
                0x00400a40       0x2c CMakeFiles\paneldue.elf.dir\src\ASF\sam\services\flash_efc\flash_efc.c.obj
                0x00400a40                flash_read_user_signature
 .text.flash_write_user_signature
                0x00400a6c       0x58 CMakeFiles\paneldue.elf.dir\src\ASF\sam\services\flash_efc\flash_efc.c.obj
                0x00400a6c                flash_write_user_signature
 .text.flash_erase_user_signature
                0x00400ac4       0x14 CMakeFiles\paneldue.elf.dir\src\ASF\sam\services\flash_efc\flash_efc.c.obj
                0x00400ac4                flash_erase_user_signature
 .text._ZN11FileManager7FileSetC2EPKcjb
                0x00400ad8       0x60 CMakeFiles\paneldue.elf.dir\src\FileManager.cpp.obj
                0x00400ad8                FileManager::FileSet::FileSet(char const*, unsigned int, bool)
                0x00400ad8                FileManager::FileSet::FileSet(char const*, unsigned int, bool)
 .text._ZN11FileManager7FileSet20ReloadMacroShortListEi
                0x00400b38       0x8c CMakeFiles\paneldue.elf.dir\src\FileManager.cpp.obj
                0x00400b38                FileManager::FileSet::ReloadMacroShortList(int)
 .text._ZNK11FileManager7FileSet10IsInSubdirEv
                0x00400bc4       0x94 CMakeFiles\paneldue.elf.dir\src\FileManager.cpp.obj
                0x00400bc4                FileManager::FileSet::IsInSubdir() const
 .text._ZN11FileManager7FileSet15FileListUpdatedEv
                0x00400c58      0x148 CMakeFiles\paneldue.elf.dir\src\FileManager.cpp.obj
                0x00400c58                FileManager::FileSet::FileListUpdated()
 .text._ZN11FileManager7FileSet16RequestParentDirEv
                0x00400da0       0xf0 CMakeFiles\paneldue.elf.dir\src\FileManager.cpp.obj
                0x00400da0                FileManager::FileSet::RequestParentDir()
 .text._ZN11FileManager7FileSet13RequestSubdirEPKc
                0x00400e90       0xdc CMakeFiles\paneldue.elf.dir\src\FileManager.cpp.obj
                0x00400e90                FileManager::FileSet::RequestSubdir(char const*)
 .text._ZN11FileManager15BeginNewMessageEv
                0x00400f6c       0x24 CMakeFiles\paneldue.elf.dir\src\FileManager.cpp.obj
                0x00400f6c                FileManager::BeginNewMessage()
 .text._ZN11FileManager18EndReceivedMessageEv
                0x00400f90      0x210 CMakeFiles\paneldue.elf.dir\src\FileManager.cpp.obj
                0x00400f90                FileManager::EndReceivedMessage()
 .text._ZN11FileManager19BeginReceivingFilesEv
                0x004011a0       0x60 CMakeFiles\paneldue.elf.dir\src\FileManager.cpp.obj
                0x004011a0                FileManager::BeginReceivingFiles()
 .text._ZN11FileManager11ReceiveFileEPKc
                0x00401200       0x8c CMakeFiles\paneldue.elf.dir\src\FileManager.cpp.obj
                0x00401200                FileManager::ReceiveFile(char const*)
 .text._ZN11FileManager20ReceiveDirectoryNameEPKc
                0x0040128c       0x20 CMakeFiles\paneldue.elf.dir\src\FileManager.cpp.obj
                0x0040128c                FileManager::ReceiveDirectoryName(char const*)
 .text._ZN11FileManager16ReceiveErrorCodeEi
                0x004012ac       0x18 CMakeFiles\paneldue.elf.dir\src\FileManager.cpp.obj
                0x004012ac                FileManager::ReceiveErrorCode(int)
 .text._ZN11FileManager16DisplayFilesListEv
                0x004012c4       0x6c CMakeFiles\paneldue.elf.dir\src\FileManager.cpp.obj
                0x004012c4                FileManager::DisplayFilesList()
 .text._ZN11FileManager17DisplayMacrosListEv
                0x00401330       0x6c CMakeFiles\paneldue.elf.dir\src\FileManager.cpp.obj
                0x00401330                FileManager::DisplayMacrosList()
 .text._ZN11FileManager11ScrollFilesEi
                0x0040139c       0x1c CMakeFiles\paneldue.elf.dir\src\FileManager.cpp.obj
                0x0040139c                FileManager::ScrollFiles(int)
 .text._ZN11FileManager12ScrollMacrosEi
                0x004013b8       0x1c CMakeFiles\paneldue.elf.dir\src\FileManager.cpp.obj
                0x004013b8                FileManager::ScrollMacros(int)
 .text._ZN11FileManager18RequestFilesSubdirEPKc
                0x004013d4       0x10 CMakeFiles\paneldue.elf.dir\src\FileManager.cpp.obj
                0x004013d4                FileManager::RequestFilesSubdir(char const*)
 .text._ZN11FileManager19RequestMacrosSubdirEPKc
                0x004013e4       0x10 CMakeFiles\paneldue.elf.dir\src\FileManager.cpp.obj
                0x004013e4                FileManager::RequestMacrosSubdir(char const*)
 .text._ZN11FileManager21RequestFilesParentDirEv
                0x004013f4       0x10 CMakeFiles\paneldue.elf.dir\src\FileManager.cpp.obj
                0x004013f4                FileManager::RequestFilesParentDir()
 .text._ZN11FileManager22RequestMacrosParentDirEv
                0x00401404       0x10 CMakeFiles\paneldue.elf.dir\src\FileManager.cpp.obj
                0x00401404                FileManager::RequestMacrosParentDir()
 .text._ZN11FileManager11GetFilesDirEv
                0x00401414        0x8 CMakeFiles\paneldue.elf.dir\src\FileManager.cpp.obj
                0x00401414                FileManager::GetFilesDir()
 .text._ZN11FileManager12GetMacrosDirEv
                0x0040141c        0x8 CMakeFiles\paneldue.elf.dir\src\FileManager.cpp.obj
                0x0040141c                FileManager::GetMacrosDir()
 .text._ZN11FileManager16GetMacrosRootDirEv
                0x00401424        0xc CMakeFiles\paneldue.elf.dir\src\FileManager.cpp.obj
                0x00401424                FileManager::GetMacrosRootDir()
 .text._ZN11FileManager16RefreshFilesListEv
                0x00401430       0x4c CMakeFiles\paneldue.elf.dir\src\FileManager.cpp.obj
                0x00401430                FileManager::RefreshFilesList()
 .text._ZN11FileManager17RefreshMacrosListEv
                0x0040147c       0x4c CMakeFiles\paneldue.elf.dir\src\FileManager.cpp.obj
                0x0040147c                FileManager::RefreshMacrosList()
 .text._ZN11FileManager13ProcessTimersEv
                0x004014c8       0x24 CMakeFiles\paneldue.elf.dir\src\FileManager.cpp.obj
                0x004014c8                FileManager::ProcessTimers()
 .text._ZN11FileManager13SetNumVolumesEj
                0x004014ec       0x10 CMakeFiles\paneldue.elf.dir\src\FileManager.cpp.obj
                0x004014ec                FileManager::SetNumVolumes(unsigned int)
 .text._ZN11FileManager23FirmwareFeaturesChangedEv
                0x004014fc       0x48 CMakeFiles\paneldue.elf.dir\src\FileManager.cpp.obj
                0x004014fc                FileManager::FirmwareFeaturesChanged()
 .text._ZN6StringILj100EE6printfEPKcz
                0x00401544       0x28 CMakeFiles\paneldue.elf.dir\src\FileManager.cpp.obj
                0x00401544                String<100u>::printf(char const*, ...)
 .text._ZN11FileManager7FileSet10SelectCardEj.part.0
                0x0040156c       0xfc CMakeFiles\paneldue.elf.dir\src\FileManager.cpp.obj
 .text._ZN11FileManager8NextCardEv
                0x00401668       0x30 CMakeFiles\paneldue.elf.dir\src\FileManager.cpp.obj
                0x00401668                FileManager::NextCard()
 .text.startup._GLOBAL__sub_I__ZN11FileManager9filesRootE
                0x00401698       0x80 CMakeFiles\paneldue.elf.dir\src\FileManager.cpp.obj
 .text._ZNK9FlashData7IsValidEv
                0x00401718       0x54 CMakeFiles\paneldue.elf.dir\src\FlashData.cpp.obj
                0x00401718                FlashData::IsValid() const
 .text._ZN9FlashData11SetDefaultsEv
                0x0040176c       0x50 CMakeFiles\paneldue.elf.dir\src\FlashData.cpp.obj
                0x0040176c                FlashData::SetDefaults()
 .text._ZN9FlashData4LoadEv
                0x004017bc       0x10 CMakeFiles\paneldue.elf.dir\src\FlashData.cpp.obj
                0x004017bc                FlashData::Load()
 .text._ZNK9FlashData4SaveEv
                0x004017cc       0x1c CMakeFiles\paneldue.elf.dir\src\FlashData.cpp.obj
                0x004017cc                FlashData::Save() const
 .text._ZN9FlashData12IsSaveNeededEv
                0x004017e8       0x6c CMakeFiles\paneldue.elf.dir\src\FlashData.cpp.obj
                0x004017e8                FlashData::IsSaveNeeded()
 .text._ZN9FlashData15SetColourSchemeEh
                0x00401854       0x14 CMakeFiles\paneldue.elf.dir\src\FlashData.cpp.obj
                0x00401854                FlashData::SetColourScheme(unsigned char)
 .text._ZN9FlashData11SetLanguageEh
                0x00401868       0x14 CMakeFiles\paneldue.elf.dir\src\FlashData.cpp.obj
                0x00401868                FlashData::SetLanguage(unsigned char)
 .text.startup._GLOBAL__sub_I_nvData
                0x0040187c       0x28 CMakeFiles\paneldue.elf.dir\src\FlashData.cpp.obj
 .text._ZN9BacklightC2EP13pwm_channel_tmmmmmm
                0x004018a4       0x74 CMakeFiles\paneldue.elf.dir\src\Hardware\Backlight.cpp.obj
                0x004018a4                Backlight::Backlight(pwm_channel_t*, unsigned long, unsigned long, unsigned long, unsigned long, unsigned long, unsigned long)
                0x004018a4                Backlight::Backlight(pwm_channel_t*, unsigned long, unsigned long, unsigned long, unsigned long, unsigned long, unsigned long)
 .text._ZN9Backlight16UpdateBrightnessEm
                0x00401918       0x54 CMakeFiles\paneldue.elf.dir\src\Hardware\Backlight.cpp.obj
                0x00401918                Backlight::UpdateBrightness(unsigned long)
 .text._ZN9Backlight8SetStateE14BacklightState
                0x0040196c       0x34 CMakeFiles\paneldue.elf.dir\src\Hardware\Backlight.cpp.obj
                0x0040196c                Backlight::SetState(BacklightState)
 .text._ZN6Buzzer4InitEv
                0x004019a0       0x2c CMakeFiles\paneldue.elf.dir\src\Hardware\Buzzer.cpp.obj
                0x004019a0                Buzzer::Init()
 .text._ZN6Buzzer4BeepEmmm
                0x004019cc       0xd4 CMakeFiles\paneldue.elf.dir\src\Hardware\Buzzer.cpp.obj
                0x004019cc                Buzzer::Beep(unsigned long, unsigned long, unsigned long)
 .text._ZN6Buzzer4TickEv
                0x00401aa0       0x4c CMakeFiles\paneldue.elf.dir\src\Hardware\Buzzer.cpp.obj
                0x00401aa0                Buzzer::Tick()
 .text._ZN6Buzzer5NoisyEv
                0x00401aec       0x10 CMakeFiles\paneldue.elf.dir\src\Hardware\Buzzer.cpp.obj
                0x00401aec                Buzzer::Noisy()
 .text._Z10InitMemoryv
                0x00401afc       0x40 CMakeFiles\paneldue.elf.dir\src\Hardware\Mem.cpp.obj
                0x00401afc                InitMemory()
 .text._Znwj    0x00401b3c       0x24 CMakeFiles\paneldue.elf.dir\src\Hardware\Mem.cpp.obj
                0x00401b3c                operator new(unsigned int)
 .text._Z13GetFreeMemoryv
                0x00401b60       0x10 CMakeFiles\paneldue.elf.dir\src\Hardware\Mem.cpp.obj
                0x00401b60                GetFreeMemory()
 .text._ZN10OneBitPortC2Ej
                0x00401b70       0x24 CMakeFiles\paneldue.elf.dir\src\Hardware\OneBitPort.cpp.obj
                0x00401b70                OneBitPort::OneBitPort(unsigned int)
                0x00401b70                OneBitPort::OneBitPort(unsigned int)
 .text._ZNK10OneBitPort7setModeENS_8PortModeE
                0x00401b94       0x34 CMakeFiles\paneldue.elf.dir\src\Hardware\OneBitPort.cpp.obj
                0x00401b94                OneBitPort::setMode(OneBitPort::PortMode) const
 .text._ZN10OneBitPort5delayEh
                0x00401bc8        0xc CMakeFiles\paneldue.elf.dir\src\Hardware\OneBitPort.cpp.obj
                0x00401bc8                OneBitPort::delay(unsigned char)
 .text.Reset    0x00401bd4       0x10 CMakeFiles\paneldue.elf.dir\src\Hardware\Reset.cpp.obj
                0x00401bd4                Reset
 .text.EraseAndReset
                0x00401be4       0x70 CMakeFiles\paneldue.elf.dir\src\Hardware\Reset.cpp.obj
                0x00401be4                EraseAndReset
 .text._ZN8SerialIoL12RemoveLastIdEv
                0x00401c54       0x38 CMakeFiles\paneldue.elf.dir\src\Hardware\SerialIo.cpp.obj
 .text._ZN8SerialIoL12ProcessFieldEv
                0x00401c8c       0x60 CMakeFiles\paneldue.elf.dir\src\Hardware\SerialIo.cpp.obj
 .text._ZN8SerialIoL19SendCharAndChecksumEc
                0x00401cec       0x58 CMakeFiles\paneldue.elf.dir\src\Hardware\SerialIo.cpp.obj
 .text._ZN12function_refIFbcEE11callback_fnIZN8SerialIo8SendCharEcEUlcE_EEbPvc
                0x00401d44       0x24 CMakeFiles\paneldue.elf.dir\src\Hardware\SerialIo.cpp.obj
 .text._ZN8SerialIoL8EndArrayEv
                0x00401d68       0x54 CMakeFiles\paneldue.elf.dir\src\Hardware\SerialIo.cpp.obj
 .text._ZN8SerialIoL19CheckValueCompletedEcb
                0x00401dbc      0x160 CMakeFiles\paneldue.elf.dir\src\Hardware\SerialIo.cpp.obj
 .text._ZN8SerialIo4InitEmPNS_11SerialIoCbsE
                0x00401f1c       0x88 CMakeFiles\paneldue.elf.dir\src\Hardware\SerialIo.cpp.obj
                0x00401f1c                SerialIo::Init(unsigned long, SerialIo::SerialIoCbs*)
 .text._ZN8SerialIo11SetBaudRateEm
                0x00401fa4       0x10 CMakeFiles\paneldue.elf.dir\src\Hardware\SerialIo.cpp.obj
                0x00401fa4                SerialIo::SetBaudRate(unsigned long)
 .text._ZN8SerialIo5SendfEPKcz
                0x00401fb4       0x34 CMakeFiles\paneldue.elf.dir\src\Hardware\SerialIo.cpp.obj
                0x00401fb4                SerialIo::Sendf(char const*, ...)
 .text._ZN8SerialIo8SendCharEc
                0x00401fe8      0x140 CMakeFiles\paneldue.elf.dir\src\Hardware\SerialIo.cpp.obj
                0x00401fe8                SerialIo::SendChar(char)
 .text._ZN12function_refIFbcEE11callback_fnIZN8SerialIo5SendfEPKczEUlcE_EEbPvc
                0x00402128       0x18 CMakeFiles\paneldue.elf.dir\src\Hardware\SerialIo.cpp.obj
 .text._ZN8SerialIo12SendFilenameEPKcS1_
                0x00402140       0x5c CMakeFiles\paneldue.elf.dir\src\Hardware\SerialIo.cpp.obj
                0x00402140                SerialIo::SendFilename(char const*, char const*)
 .text._ZN8SerialIo10CheckInputEv
                0x0040219c      0x774 CMakeFiles\paneldue.elf.dir\src\Hardware\SerialIo.cpp.obj
                0x0040219c                SerialIo::CheckInput()
 .text._ZN8SerialIo11receiveCharEc
                0x00402910       0x48 CMakeFiles\paneldue.elf.dir\src\Hardware\SerialIo.cpp.obj
                0x00402910                SerialIo::receiveChar(char)
 .text.UART0_Handler
                0x00402958       0x38 CMakeFiles\paneldue.elf.dir\src\Hardware\SerialIo.cpp.obj
                0x00402958                UART0_Handler
 .text.startup._GLOBAL__sub_I__ZN8SerialIo8numCharsE
                0x00402990       0x24 CMakeFiles\paneldue.elf.dir\src\Hardware\SerialIo.cpp.obj
 .text._ZN10SystemTick12GetTickCountEv
                0x004029b4        0xc CMakeFiles\paneldue.elf.dir\src\Hardware\SysTick.cpp.obj
                0x004029b4                SystemTick::GetTickCount()
 .text.SysTick_Handler
                0x004029c0       0x30 CMakeFiles\paneldue.elf.dir\src\Hardware\SysTick.cpp.obj
                0x004029c0                SysTick_Handler
 .text._ZN4UTFTC2E11DisplayTypejjjjj
                0x004029f0       0xcc CMakeFiles\paneldue.elf.dir\src\Hardware\UTFT.cpp.obj
                0x004029f0                UTFT::UTFT(DisplayType, unsigned int, unsigned int, unsigned int, unsigned int, unsigned int)
                0x004029f0                UTFT::UTFT(DisplayType, unsigned int, unsigned int, unsigned int, unsigned int, unsigned int)
 .text._ZN4UTFT14setOrientationE18DisplayOrientationbb
                0x00402abc       0xa4 CMakeFiles\paneldue.elf.dir\src\Hardware\UTFT.cpp.obj
                0x00402abc                UTFT::setOrientation(DisplayOrientation, bool, bool)
 .text._ZN4UTFT5setXYEtttt
                0x00402b60      0x26c CMakeFiles\paneldue.elf.dir\src\Hardware\UTFT.cpp.obj
                0x00402b60                UTFT::setXY(unsigned short, unsigned short, unsigned short, unsigned short)
 .text._ZN4UTFT7InitLCDE18DisplayOrientationbb
                0x00402dcc      0xb5c CMakeFiles\paneldue.elf.dir\src\Hardware\UTFT.cpp.obj
                0x00402dcc                UTFT::InitLCD(DisplayOrientation, bool, bool)
 .text._ZN4UTFT10fillCircleEiii
                0x00403928      0x270 CMakeFiles\paneldue.elf.dir\src\Hardware\UTFT.cpp.obj
                0x00403928                UTFT::fillCircle(int, int, int)
 .text._ZN4UTFT7fillScrEtt
                0x00403b98       0x8c CMakeFiles\paneldue.elf.dir\src\Hardware\UTFT.cpp.obj
                0x00403b98                UTFT::fillScr(unsigned short, unsigned short)
 .text._ZN4UTFT9drawPixelEii
                0x00403c24       0x50 CMakeFiles\paneldue.elf.dir\src\Hardware\UTFT.cpp.obj
                0x00403c24                UTFT::drawPixel(int, int)
 .text._ZN4UTFT9drawHLineEiii
                0x00403c74       0x64 CMakeFiles\paneldue.elf.dir\src\Hardware\UTFT.cpp.obj
                0x00403c74                UTFT::drawHLine(int, int, int)
 .text._ZN4UTFT13fillRoundRectEiiiith
                0x00403cd8      0x138 CMakeFiles\paneldue.elf.dir\src\Hardware\UTFT.cpp.obj
                0x00403cd8                UTFT::fillRoundRect(int, int, int, int, unsigned short, unsigned char)
 .text._ZN4UTFT9drawVLineEiii
                0x00403e10       0x6c CMakeFiles\paneldue.elf.dir\src\Hardware\UTFT.cpp.obj
                0x00403e10                UTFT::drawVLine(int, int, int)
 .text._ZN4UTFT8drawRectEiiii
                0x00403e7c       0x68 CMakeFiles\paneldue.elf.dir\src\Hardware\UTFT.cpp.obj
                0x00403e7c                UTFT::drawRect(int, int, int, int)
 .text._ZN4UTFT13drawRoundRectEiiii
                0x00403ee4       0xc0 CMakeFiles\paneldue.elf.dir\src\Hardware\UTFT.cpp.obj
                0x00403ee4                UTFT::drawRoundRect(int, int, int, int)
 .text._ZN4UTFT8fillRectEiiiith
                0x00403fa4       0xb8 CMakeFiles\paneldue.elf.dir\src\Hardware\UTFT.cpp.obj
                0x00403fa4                UTFT::fillRect(int, int, int, int, unsigned short, unsigned char)
 .text._ZN4UTFT8drawLineEiiii
                0x0040405c      0x164 CMakeFiles\paneldue.elf.dir\src\Hardware\UTFT.cpp.obj
                0x0040405c                UTFT::drawLine(int, int, int, int)
 .text._ZN4UTFT10setTextPosEttt
                0x004041c0       0x2c CMakeFiles\paneldue.elf.dir\src\Hardware\UTFT.cpp.obj
                0x004041c0                UTFT::setTextPos(unsigned short, unsigned short, unsigned short)
 .text._ZN4UTFT6printfEPKcz
                0x004041ec       0x34 CMakeFiles\paneldue.elf.dir\src\Hardware\UTFT.cpp.obj
                0x004041ec                UTFT::printf(char const*, ...)
 .text._ZN4UTFT13clearToMarginEv
                0x00404220       0xa8 CMakeFiles\paneldue.elf.dir\src\Hardware\UTFT.cpp.obj
                0x00404220                UTFT::clearToMargin()
 .text._ZN4UTFT11writeNativeEt
                0x004042c8      0x314 CMakeFiles\paneldue.elf.dir\src\Hardware\UTFT.cpp.obj
                0x004042c8                UTFT::writeNative(unsigned short)
 .text._ZN4UTFT5writeEh
                0x004045dc       0xc4 CMakeFiles\paneldue.elf.dir\src\Hardware\UTFT.cpp.obj
                0x004045dc                UTFT::write(unsigned char)
 .text._ZN12function_refIFbcEE11callback_fnIZN4UTFT6printfEPKczEUlcE_EEbPvc
                0x004046a0       0x20 CMakeFiles\paneldue.elf.dir\src\Hardware\UTFT.cpp.obj
 .text._ZN4UTFT7setFontEPKh
                0x004046c0       0x24 CMakeFiles\paneldue.elf.dir\src\Hardware\UTFT.cpp.obj
                0x004046c0                UTFT::setFont(unsigned char const*)
 .text._ZN4UTFT20drawBitmapRgbaStreamEiiiiiPKmj
                0x004046e4       0xb8 CMakeFiles\paneldue.elf.dir\src\Hardware\UTFT.cpp.obj
                0x004046e4                UTFT::drawBitmapRgbaStream(int, int, int, int, int, unsigned long const*, unsigned int)
 .text._ZN4UTFT11drawBitmap4EiiiiPKhPKtib
                0x0040479c      0x17c CMakeFiles\paneldue.elf.dir\src\Hardware\UTFT.cpp.obj
                0x0040479c                UTFT::drawBitmap4(int, int, int, int, unsigned char const*, unsigned short const*, int, bool)
 .text._ZN4UTFT31drawCompressedBitmapBottomToTopEiiiiPKt
                0x00404918      0x11c CMakeFiles\paneldue.elf.dir\src\Hardware\UTFT.cpp.obj
                0x00404918                UTFT::drawCompressedBitmapBottomToTop(int, int, int, int, unsigned short const*)
 .text._ZN6UTouchC2Ejjjjj
                0x00404a34       0x34 CMakeFiles\paneldue.elf.dir\src\Hardware\UTouch.cpp.obj
                0x00404a34                UTouch::UTouch(unsigned int, unsigned int, unsigned int, unsigned int, unsigned int)
                0x00404a34                UTouch::UTouch(unsigned int, unsigned int, unsigned int, unsigned int, unsigned int)
 .text._ZN6UTouch4initEtt18DisplayOrientation
                0x00404a68       0x84 CMakeFiles\paneldue.elf.dir\src\Hardware\UTouch.cpp.obj
                0x00404a68                UTouch::init(unsigned short, unsigned short, DisplayOrientation)
 .text._ZN6UTouch14touch_ReadDataEh
                0x00404aec       0x68 CMakeFiles\paneldue.elf.dir\src\Hardware\UTouch.cpp.obj
                0x00404aec                UTouch::touch_ReadData(unsigned char)
 .text._ZN6UTouch12getTouchDataEbRt
                0x00404b54       0xf0 CMakeFiles\paneldue.elf.dir\src\Hardware\UTouch.cpp.obj
                0x00404b54                UTouch::getTouchData(bool, unsigned short&)
 .text._ZN6UTouch4readERtS0_RbPtS2_
                0x00404c44      0x140 CMakeFiles\paneldue.elf.dir\src\Hardware\UTouch.cpp.obj
                0x00404c44                UTouch::read(unsigned short&, unsigned short&, bool&, unsigned short*, unsigned short*)
 .text._ZN6UTouch9calibrateEttttt
                0x00404d84       0x54 CMakeFiles\paneldue.elf.dir\src\Hardware\UTouch.cpp.obj
                0x00404d84                UTouch::calibrate(unsigned short, unsigned short, unsigned short, unsigned short, unsigned short)
 .text._Z23SkipDigitsAndUnderscorePKc
                0x00404dd8       0x24 CMakeFiles\paneldue.elf.dir\src\Library\Misc.cpp.obj
                0x00404dd8                SkipDigitsAndUnderscore(char const*)
 .text._ZL11qoi_read_32PKhPi
                0x00404dfc       0x30 CMakeFiles\paneldue.elf.dir\src\Library\Thumbnail.cpp.obj
 .text.qoi_decode_header
                0x00404e2c       0xb4 CMakeFiles\paneldue.elf.dir\src\Library\Thumbnail.cpp.obj
                0x00404e2c                qoi_decode_header
 .text.qoi_decode_body
                0x00404ee0      0x258 CMakeFiles\paneldue.elf.dir\src\Library\Thumbnail.cpp.obj
                0x00404ee0                qoi_decode_body
 .text.qoi_decode_body_last
                0x00405138       0xa8 CMakeFiles\paneldue.elf.dir\src\Library\Thumbnail.cpp.obj
                0x00405138                qoi_decode_body_last
 .text.qoi_decode_chunked
                0x004051e0       0x70 CMakeFiles\paneldue.elf.dir\src\Library\Thumbnail.cpp.obj
                0x004051e0                qoi_decode_chunked
 .text._Z16ThumbnailIsValidR9Thumbnail
                0x00405250       0x18 CMakeFiles\paneldue.elf.dir\src\Library\Thumbnail.cpp.obj
                0x00405250                ThumbnailIsValid(Thumbnail&)
 .text._Z20ThumbnailDataIsValidR13ThumbnailData
                0x00405268        0xc CMakeFiles\paneldue.elf.dir\src\Library\Thumbnail.cpp.obj
                0x00405268                ThumbnailDataIsValid(ThumbnailData&)
 .text._Z13ThumbnailInitR9Thumbnail
                0x00405274       0x20 CMakeFiles\paneldue.elf.dir\src\Library\Thumbnail.cpp.obj
                0x00405274                ThumbnailInit(Thumbnail&)
 .text._Z20ThumbnailDecodeChunkR9ThumbnailR13ThumbnailDataPFbRKS_mPK10qoi_rgba_tjE
                0x00405294       0xe8 CMakeFiles\paneldue.elf.dir\src\Library\Thumbnail.cpp.obj
                0x00405294                ThumbnailDecodeChunk(Thumbnail&, ThumbnailData&, bool (*)(Thumbnail const&, unsigned long, qoi_rgba_t const*, unsigned int))
 .text._ZN2OM7GetAxisEj
                0x0040537c       0x3c CMakeFiles\paneldue.elf.dir\src\ObjectModel\Axis.cpp.obj
                0x0040537c                OM::GetAxis(unsigned int)
 .text._ZN2OM16IterateAxesWhileE12function_refIFbRPNS_4AxisEjEEj
                0x004053b8       0x40 CMakeFiles\paneldue.elf.dir\src\ObjectModel\Axis.cpp.obj
                0x004053b8                OM::IterateAxesWhile(function_ref<bool (OM::Axis*&, unsigned int)>, unsigned int)
 .text._ZN2OM10RemoveAxisEjb
                0x004053f8       0xa0 CMakeFiles\paneldue.elf.dir\src\ObjectModel\Axis.cpp.obj
                0x004053f8                OM::RemoveAxis(unsigned int, bool)
 .text._Z11GetOrCreateI6VectorIPN2OM4AxisELj15EES2_EPT0_RT_jb
                0x00405498      0x118 CMakeFiles\paneldue.elf.dir\src\ObjectModel\Axis.cpp.obj
                0x00405498                OM::Axis* GetOrCreate<Vector<OM::Axis*, 15u>, OM::Axis>(Vector<OM::Axis*, 15u>&, unsigned int, bool)
 .text._ZN2OM15GetOrCreateAxisEj
                0x004055b0       0x20 CMakeFiles\paneldue.elf.dir\src\ObjectModel\Axis.cpp.obj
                0x004055b0                OM::GetOrCreateAxis(unsigned int)
 .text.startup._GLOBAL__sub_I__ZN2OM4Axis5ResetEv
                0x004055d0        0xc CMakeFiles\paneldue.elf.dir\src\ObjectModel\Axis.cpp.obj
 .text._Z11GetOrCreateI6VectorIPN2OM12BedOrChamberELj7EES2_EPT0_RT_jb.part.0
                0x004055dc       0xc0 CMakeFiles\paneldue.elf.dir\src\ObjectModel\BedOrChamber.cpp.obj
 .text._ZN2OM6GetBedEj
                0x0040569c       0x34 CMakeFiles\paneldue.elf.dir\src\ObjectModel\BedOrChamber.cpp.obj
                0x0040569c                OM::GetBed(unsigned int)
 .text._ZN2OM14GetOrCreateBedEj
                0x004056d0       0x44 CMakeFiles\paneldue.elf.dir\src\ObjectModel\BedOrChamber.cpp.obj
                0x004056d0                OM::GetOrCreateBed(unsigned int)
 .text._ZN2OM11GetFirstBedEv
                0x00405714       0x34 CMakeFiles\paneldue.elf.dir\src\ObjectModel\BedOrChamber.cpp.obj
                0x00405714                OM::GetFirstBed()
 .text._ZN2OM11GetBedCountEv
                0x00405748        0xc CMakeFiles\paneldue.elf.dir\src\ObjectModel\BedOrChamber.cpp.obj
                0x00405748                OM::GetBedCount()
 .text._ZN2OM16IterateBedsWhileE12function_refIFbRPNS_12BedOrChamberEjEEj
                0x00405754       0x40 CMakeFiles\paneldue.elf.dir\src\ObjectModel\BedOrChamber.cpp.obj
                0x00405754                OM::IterateBedsWhile(function_ref<bool (OM::BedOrChamber*&, unsigned int)>, unsigned int)
 .text._ZN2OM10GetChamberEj
                0x00405794       0x34 CMakeFiles\paneldue.elf.dir\src\ObjectModel\BedOrChamber.cpp.obj
                0x00405794                OM::GetChamber(unsigned int)
 .text._ZN2OM18GetOrCreateChamberEj
                0x004057c8       0x44 CMakeFiles\paneldue.elf.dir\src\ObjectModel\BedOrChamber.cpp.obj
                0x004057c8                OM::GetOrCreateChamber(unsigned int)
 .text._ZN2OM15GetFirstChamberEv
                0x0040580c       0x34 CMakeFiles\paneldue.elf.dir\src\ObjectModel\BedOrChamber.cpp.obj
                0x0040580c                OM::GetFirstChamber()
 .text._ZN2OM15GetChamberCountEv
                0x00405840        0xc CMakeFiles\paneldue.elf.dir\src\ObjectModel\BedOrChamber.cpp.obj
                0x00405840                OM::GetChamberCount()
 .text._ZN2OM20IterateChambersWhileE12function_refIFbRPNS_12BedOrChamberEjEEj
                0x0040584c       0x40 CMakeFiles\paneldue.elf.dir\src\ObjectModel\BedOrChamber.cpp.obj
                0x0040584c                OM::IterateChambersWhile(function_ref<bool (OM::BedOrChamber*&, unsigned int)>, unsigned int)
 .text._Z6RemoveI6VectorIPN2OM12BedOrChamberELj7EES2_EjRT_jb
                0x0040588c       0x94 CMakeFiles\paneldue.elf.dir\src\ObjectModel\BedOrChamber.cpp.obj
                0x0040588c                unsigned int Remove<Vector<OM::BedOrChamber*, 7u>, OM::BedOrChamber>(Vector<OM::BedOrChamber*, 7u>&, unsigned int, bool)
 .text._ZN2OM9RemoveBedEjb
                0x00405920       0x18 CMakeFiles\paneldue.elf.dir\src\ObjectModel\BedOrChamber.cpp.obj
                0x00405920                OM::RemoveBed(unsigned int, bool)
 .text._ZN2OM13RemoveChamberEjb
                0x00405938       0x18 CMakeFiles\paneldue.elf.dir\src\ObjectModel\BedOrChamber.cpp.obj
                0x00405938                OM::RemoveChamber(unsigned int, bool)
 .text.startup._GLOBAL__sub_I__ZN2OM12BedOrChamber5ResetEv
                0x00405950       0x14 CMakeFiles\paneldue.elf.dir\src\ObjectModel\BedOrChamber.cpp.obj
 .text._ZN2OM10GetSpindleEj
                0x00405964       0x34 CMakeFiles\paneldue.elf.dir\src\ObjectModel\Spindle.cpp.obj
                0x00405964                OM::GetSpindle(unsigned int)
 .text._ZN2OM18GetOrCreateSpindleEj
                0x00405998       0xec CMakeFiles\paneldue.elf.dir\src\ObjectModel\Spindle.cpp.obj
                0x00405998                OM::GetOrCreateSpindle(unsigned int)
 .text._ZN2OM13RemoveSpindleEjb
                0x00405a84       0x98 CMakeFiles\paneldue.elf.dir\src\ObjectModel\Spindle.cpp.obj
                0x00405a84                OM::RemoveSpindle(unsigned int, bool)
 .text.startup._GLOBAL__sub_I__ZN2OM7Spindle5ResetEv
                0x00405b1c        0xc CMakeFiles\paneldue.elf.dir\src\ObjectModel\Spindle.cpp.obj
 .text._ZN2OM4Tool17GetOrCreateHeaterEh
                0x00405b28       0x3c CMakeFiles\paneldue.elf.dir\src\ObjectModel\Tool.cpp.obj
                0x00405b28                OM::Tool::GetOrCreateHeater(unsigned char)
 .text._ZN2OM4Tool14GetHeaterTempsERK9StringRefb
                0x00405b64       0x60 CMakeFiles\paneldue.elf.dir\src\ObjectModel\Tool.cpp.obj
                0x00405b64                OM::Tool::GetHeaterTemps(StringRef const&, bool)
 .text._ZN2OM4Tool14IterateHeatersE12function_refIFvPNS_10ToolHeaterEjEEj
                0x00405bc4       0x30 CMakeFiles\paneldue.elf.dir\src\ObjectModel\Tool.cpp.obj
                0x00405bc4                OM::Tool::IterateHeaters(function_ref<void (OM::ToolHeater*, unsigned int)>, unsigned int)
 .text._ZN2OM4Tool17RemoveHeatersFromEh
                0x00405bf4       0x3c CMakeFiles\paneldue.elf.dir\src\ObjectModel\Tool.cpp.obj
                0x00405bf4                OM::Tool::RemoveHeatersFrom(unsigned char)
 .text._ZN2OM4Tool10UpdateTempEhlb
                0x00405c30       0x58 CMakeFiles\paneldue.elf.dir\src\ObjectModel\Tool.cpp.obj
                0x00405c30                OM::Tool::UpdateTemp(unsigned char, long, bool)
 .text._ZN2OM7GetToolEj
                0x00405c88       0x34 CMakeFiles\paneldue.elf.dir\src\ObjectModel\Tool.cpp.obj
                0x00405c88                OM::GetTool(unsigned int)
 .text._ZN2OM15GetOrCreateToolEj
                0x00405cbc      0x10c CMakeFiles\paneldue.elf.dir\src\ObjectModel\Tool.cpp.obj
                0x00405cbc                OM::GetOrCreateTool(unsigned int)
 .text._ZN2OM17IterateToolsWhileE12function_refIFbRPNS_4ToolEjEEj
                0x00405dc8       0x40 CMakeFiles\paneldue.elf.dir\src\ObjectModel\Tool.cpp.obj
                0x00405dc8                OM::IterateToolsWhile(function_ref<bool (OM::Tool*&, unsigned int)>, unsigned int)
 .text._ZN2OM10RemoveToolEjb
                0x00405e08       0xb8 CMakeFiles\paneldue.elf.dir\src\ObjectModel\Tool.cpp.obj
                0x00405e08                OM::RemoveTool(unsigned int, bool)
 .text.startup._GLOBAL__sub_I__ZN2OM10ToolHeater5ResetEv
                0x00405ec0        0xc CMakeFiles\paneldue.elf.dir\src\ObjectModel\Tool.cpp.obj
 .text._ZN12function_refIFvPN2OM10ToolHeaterEjEE11callback_fnIZZNS0_14GetHeaterSlotsEjR6VectorIhLj7EEbbbENKUlRPNS0_4ToolEjE1_clESB_jEUlS2_jE_EEvPvS2_j
                0x00405ecc       0x28 CMakeFiles\paneldue.elf.dir\src\ObjectModel\Utils.cpp.obj
 .text._ZN12function_refIFbRPN2OM4ToolEjEE11callback_fnIZNS0_14GetHeaterSlotsEjR6VectorIhLj7EEbbbEUlS3_jE1_EEbPvS3_j
                0x00405ef4       0x78 CMakeFiles\paneldue.elf.dir\src\ObjectModel\Utils.cpp.obj
 .text._ZN12function_refIFbRPN2OM12BedOrChamberEjEE11callback_fnIZNS0_14GetHeaterSlotsEjR6VectorIhLj7EEbbbEUlS3_jE0_EEbPvS3_j
                0x00405f6c       0x3c CMakeFiles\paneldue.elf.dir\src\ObjectModel\Utils.cpp.obj
 .text._ZN12function_refIFbRPN2OM12BedOrChamberEjEE11callback_fnIZNS0_14GetHeaterSlotsEjR6VectorIhLj7EEbbbEUlS3_jE_EEbPvS3_j
                0x00405fa8       0x3c CMakeFiles\paneldue.elf.dir\src\ObjectModel\Utils.cpp.obj
 .text._ZN2OM14GetHeaterSlotsEjR6VectorIhLj7EEbbb
                0x00405fe4       0x88 CMakeFiles\paneldue.elf.dir\src\ObjectModel\Utils.cpp.obj
                0x00405fe4                OM::GetHeaterSlots(unsigned int, Vector<unsigned char, 7u>&, bool, bool, bool)
 .text._ZL22ParserErrorEncounterediPKci
                0x0040606c       0x28 CMakeFiles\paneldue.elf.dir\src\PanelDue.cpp.obj
 .text._Z7compareI15FieldTableEntryEiPKvS2_
                0x00406094        0xc CMakeFiles\paneldue.elf.dir\src\PanelDue.cpp.obj
                0x00406094                int compare<FieldTableEntry>(void const*, void const*)
 .text._Z7compareI22ControlCommandMapEntryEiPKvS2_
                0x004060a0        0xc CMakeFiles\paneldue.elf.dir\src\PanelDue.cpp.obj
                0x004060a0                int compare<ControlCommandMapEntry>(void const*, void const*)
 .text._Z7compareIN2OM18ToolStatusMapEntryEEiPKvS3_
                0x004060ac        0xc CMakeFiles\paneldue.elf.dir\src\PanelDue.cpp.obj
                0x004060ac                int compare<OM::ToolStatusMapEntry>(void const*, void const*)
 .text._Z7compareIN2OM21PrinterStatusMapEntryEEiPKvS3_
                0x004060b8        0xc CMakeFiles\paneldue.elf.dir\src\PanelDue.cpp.obj
                0x004060b8                int compare<OM::PrinterStatusMapEntry>(void const*, void const*)
 .text._Z7compareIN2OM20SpindleStateMapEntryEEiPKvS3_
                0x004060c4        0xc CMakeFiles\paneldue.elf.dir\src\PanelDue.cpp.obj
                0x004060c4                int compare<OM::SpindleStateMapEntry>(void const*, void const*)
 .text._Z7compareIN2OM20HeaterStatusMapEntryEEiPKvS3_
                0x004060d0        0xc CMakeFiles\paneldue.elf.dir\src\PanelDue.cpp.obj
                0x004060d0                int compare<OM::HeaterStatusMapEntry>(void const*, void const*)
 .text._ZL15ProcessArrayEndPKcPKj
                0x004060dc      0x1a4 CMakeFiles\paneldue.elf.dir\src\PanelDue.cpp.obj
 .text._ZL18EndReceivedMessagev
                0x00406280      0x148 CMakeFiles\paneldue.elf.dir\src\PanelDue.cpp.obj
 .text._ZL10GetIntegerPKcRl.part.0
                0x004063c8       0x74 CMakeFiles\paneldue.elf.dir\src\PanelDue.cpp.obj
 .text._ZL20StartReceivedMessagev
                0x0040643c       0x74 CMakeFiles\paneldue.elf.dir\src\PanelDue.cpp.obj
 .text._ZL9Reconnectv
                0x004064b0       0x98 CMakeFiles\paneldue.elf.dir\src\PanelDue.cpp.obj
 .text._Z19GetFirmwareFeaturesv
                0x00406548        0xc CMakeFiles\paneldue.elf.dir\src\PanelDue.cpp.obj
                0x00406548                GetFirmwareFeatures()
 .text._Z14CondStripDrivePKc
                0x00406554       0x20 CMakeFiles\paneldue.elf.dir\src\PanelDue.cpp.obj
                0x00406554                CondStripDrive(char const*)
 .text._Z5Delaym
                0x00406574       0x18 CMakeFiles\paneldue.elf.dir\src\PanelDue.cpp.obj
                0x00406574                Delay(unsigned long)
 .text._Z15PrintInProgressv
                0x0040658c       0x1c CMakeFiles\paneldue.elf.dir\src\PanelDue.cpp.obj
                0x0040658c                PrintInProgress()
 .text._Z9GetStatusv
                0x004065a8        0xc CMakeFiles\paneldue.elf.dir\src\PanelDue.cpp.obj
                0x004065a8                GetStatus()
 .text._Z9TouchBeepv
                0x004065b4       0x18 CMakeFiles\paneldue.elf.dir\src\PanelDue.cpp.obj
                0x004065b4                TouchBeep()
 .text._Z9ErrorBeepv
                0x004065cc       0x28 CMakeFiles\paneldue.elf.dir\src\PanelDue.cpp.obj
                0x004065cc                ErrorBeep()
 .text._Z12DoTouchCalibttttbRt
                0x004065f4       0xd8 CMakeFiles\paneldue.elf.dir\src\PanelDue.cpp.obj
                0x004065f4                DoTouchCalib(unsigned short, unsigned short, unsigned short, unsigned short, bool, unsigned short&)
 .text._Z13MirrorDisplayv
                0x004066cc       0x28 CMakeFiles\paneldue.elf.dir\src\PanelDue.cpp.obj
                0x004066cc                MirrorDisplay()
 .text._Z13InvertDisplayv
                0x004066f4       0x28 CMakeFiles\paneldue.elf.dir\src\PanelDue.cpp.obj
                0x004066f4                InvertDisplay()
 .text._Z11SetBaudRatem
                0x0040671c       0x10 CMakeFiles\paneldue.elf.dir\src\PanelDue.cpp.obj
                0x0040671c                SetBaudRate(unsigned long)
 .text._Z13SetBrightnessi
                0x0040672c       0x44 CMakeFiles\paneldue.elf.dir\src\PanelDue.cpp.obj
                0x0040672c                SetBrightness(int)
 .text._Z21CurrentAlertModeClearv
                0x00406770        0xc CMakeFiles\paneldue.elf.dir\src\PanelDue.cpp.obj
                0x00406770                CurrentAlertModeClear()
 .text._Z12FactoryResetv
                0x0040677c       0x64 CMakeFiles\paneldue.elf.dir\src\PanelDue.cpp.obj
                0x0040677c                FactoryReset()
 .text._Z12SaveSettingsv
                0x004067e0       0x30 CMakeFiles\paneldue.elf.dir\src\PanelDue.cpp.obj
                0x004067e0                SaveSettings()
 .text._Z25HandleOutOfBufferResponsev
                0x00406810       0xa8 CMakeFiles\paneldue.elf.dir\src\PanelDue.cpp.obj
                0x00406810                HandleOutOfBufferResponse()
 .text._ZL20ProcessReceivedValue9StringRefPKcPKj
                0x004068b8     0x12c8 CMakeFiles\paneldue.elf.dir\src\PanelDue.cpp.obj
 .text.__cxa_pure_virtual
                0x00407b80        0x4 CMakeFiles\paneldue.elf.dir\src\PanelDue.cpp.obj
                0x00407b80                __cxa_pure_virtual
 .text.startup._GLOBAL__sub_I_lcd
                0x00407b84       0xa4 CMakeFiles\paneldue.elf.dir\src\PanelDue.cpp.obj
 .text._Z14CalibrateTouchv
                0x00407c28      0x11c CMakeFiles\paneldue.elf.dir\src\PanelDue.cpp.obj
                0x00407c28                CalibrateTouch()
 .text.startup.main
                0x00407d44      0x928 CMakeFiles\paneldue.elf.dir\src\PanelDue.cpp.obj
                0x00407d44                main
 .text._ZN12RequestTimerC2EmPKcS1_
                0x0040866c       0x24 CMakeFiles\paneldue.elf.dir\src\RequestTimer.cpp.obj
                0x0040866c                RequestTimer::RequestTimer(unsigned long, char const*, char const*)
                0x0040866c                RequestTimer::RequestTimer(unsigned long, char const*, char const*)
 .text._ZN12RequestTimer7ProcessEv
                0x00408690       0x68 CMakeFiles\paneldue.elf.dir\src\RequestTimer.cpp.obj
                0x00408690                RequestTimer::Process()
 .text._ZN12DisplayField10CheckEventEttRiR11ButtonPress
                0x004086f8        0x4 CMakeFiles\paneldue.elf.dir\src\UI\Display.cpp.obj
                0x004086f8                DisplayField::CheckEvent(unsigned short, unsigned short, int&, ButtonPress&)
 .text._ZNK12DisplayField8IsButtonEv
                0x004086fc        0x4 CMakeFiles\paneldue.elf.dir\src\UI\Display.cpp.obj
                0x004086fc                DisplayField::IsButton() const
 .text._ZNK12DisplayField9IsVisibleEv
                0x00408700        0x8 CMakeFiles\paneldue.elf.dir\src\UI\Display.cpp.obj
                0x00408700                DisplayField::IsVisible() const
 .text._ZNK12DisplayField8GetEventEv
                0x00408708        0x4 CMakeFiles\paneldue.elf.dir\src\UI\Display.cpp.obj
                0x00408708                DisplayField::GetEvent() const
 .text._ZNK6Window4XposEv
                0x0040870c        0x4 CMakeFiles\paneldue.elf.dir\src\UI\Display.cpp.obj
                0x0040870c                Window::Xpos() const
 .text._ZNK6Window4YposEv
                0x00408710        0x4 CMakeFiles\paneldue.elf.dir\src\UI\Display.cpp.obj
                0x00408710                Window::Ypos() const
 .text._ZNK11PopupWindow4XposEv
                0x00408714        0x4 CMakeFiles\paneldue.elf.dir\src\UI\Display.cpp.obj
                0x00408714                PopupWindow::Xpos() const
 .text._ZNK11PopupWindow4YposEv
                0x00408718        0x4 CMakeFiles\paneldue.elf.dir\src\UI\Display.cpp.obj
                0x00408718                PopupWindow::Ypos() const
 .text._ZNK10ButtonBase8GetEventEv
                0x0040871c        0x8 CMakeFiles\paneldue.elf.dir\src\UI\Display.cpp.obj
                0x0040871c                ButtonBase::GetEvent() const
 .text._ZNK10ButtonBase9GetSParamEj
                0x00408724        0x4 CMakeFiles\paneldue.elf.dir\src\UI\Display.cpp.obj
                0x00408724                ButtonBase::GetSParam(unsigned int) const
 .text._ZNK12SingleButton8IsButtonEv
                0x00408728        0x4 CMakeFiles\paneldue.elf.dir\src\UI\Display.cpp.obj
                0x00408728                SingleButton::IsButton() const
 .text._ZNK12SingleButton9GetSParamEj
                0x0040872c        0x4 CMakeFiles\paneldue.elf.dir\src\UI\Display.cpp.obj
                0x0040872c                SingleButton::GetSParam(unsigned int) const
 .text._ZNK12SingleButton9GetIParamEj
                0x00408730        0x4 CMakeFiles\paneldue.elf.dir\src\UI\Display.cpp.obj
                0x00408730                SingleButton::GetIParam(unsigned int) const
 .text._ZNK13CharButtonRow9GetIParamEj
                0x00408734        0x8 CMakeFiles\paneldue.elf.dir\src\UI\Display.cpp.obj
                0x00408734                CharButtonRow::GetIParam(unsigned int) const
 .text._ZNK10TextButton9IsVisibleEv
                0x0040873c       0x10 CMakeFiles\paneldue.elf.dir\src\UI\Display.cpp.obj
                0x0040873c                TextButton::IsVisible() const
 .text._ZNK10IconButton9GetHeightEv
                0x0040874c       0x18 CMakeFiles\paneldue.elf.dir\src\UI\Display.cpp.obj
                0x0040874c                IconButton::GetHeight() const
 .text._ZNK10DrawDirect9GetHeightEv
                0x00408764        0x4 CMakeFiles\paneldue.elf.dir\src\UI\Display.cpp.obj
                0x00408764                DrawDirect::GetHeight() const
 .text._ZNK10MainWindow8ContainsEtttt
                0x00408768        0x4 CMakeFiles\paneldue.elf.dir\src\UI\Display.cpp.obj
                0x00408768                MainWindow::Contains(unsigned short, unsigned short, unsigned short, unsigned short) const
 .text._ZNK11PopupWindow8ContainsEtttt
                0x0040876c       0x3c CMakeFiles\paneldue.elf.dir\src\UI\Display.cpp.obj
                0x0040876c                PopupWindow::Contains(unsigned short, unsigned short, unsigned short, unsigned short) const
 .text._ZNK13FieldWithText9GetHeightEv
                0x004087a8       0x28 CMakeFiles\paneldue.elf.dir\src\UI\Display.cpp.obj
                0x004087a8                FieldWithText::GetHeight() const
 .text._ZN12SingleButton5PressEbi
                0x004087d0       0x18 CMakeFiles\paneldue.elf.dir\src\UI\Display.cpp.obj
                0x004087d0                SingleButton::Press(bool, int)
 .text._ZNK14ButtonWithText9GetHeightEv
                0x004087e8       0x24 CMakeFiles\paneldue.elf.dir\src\UI\Display.cpp.obj
                0x004087e8                ButtonWithText::GetHeight() const
 .text._ZNK17ButtonRowWithText9GetHeightEv
                0x0040880c       0x24 CMakeFiles\paneldue.elf.dir\src\UI\Display.cpp.obj
                0x0040880c                ButtonRowWithText::GetHeight() const
 .text._ZN13CharButtonRow5PressEbi
                0x00408830        0xc CMakeFiles\paneldue.elf.dir\src\UI\Display.cpp.obj
                0x00408830                CharButtonRow::Press(bool, int)
 .text._ZN10DrawDirect7RefreshEbtt
                0x0040883c       0x1c CMakeFiles\paneldue.elf.dir\src\UI\Display.cpp.obj
                0x0040883c                DrawDirect::Refresh(bool, unsigned short, unsigned short)
 .text._ZNK9TextField9PrintTextEv
                0x00408858       0x30 CMakeFiles\paneldue.elf.dir\src\UI\Display.cpp.obj
                0x00408858                TextField::PrintText() const
 .text._ZNK10FloatField9PrintTextEv
                0x00408888       0x58 CMakeFiles\paneldue.elf.dir\src\UI\Display.cpp.obj
                0x00408888                FloatField::PrintText() const
 .text._ZNK12IntegerField9PrintTextEv
                0x004088e0       0x40 CMakeFiles\paneldue.elf.dir\src\UI\Display.cpp.obj
                0x004088e0                IntegerField::PrintText() const
 .text._ZNK15StaticTextField9PrintTextEv
                0x00408920       0x1c CMakeFiles\paneldue.elf.dir\src\UI\Display.cpp.obj
                0x00408920                StaticTextField::PrintText() const
 .text._ZNK10TextButton9PrintTextEj
                0x0040893c       0x28 CMakeFiles\paneldue.elf.dir\src\UI\Display.cpp.obj
                0x0040893c                TextButton::PrintText(unsigned int) const
 .text._ZNK13CharButtonRow9PrintTextEj
                0x00408964       0x14 CMakeFiles\paneldue.elf.dir\src\UI\Display.cpp.obj
                0x00408964                CharButtonRow::PrintText(unsigned int) const
 .text._ZNK19TextButtonWithLabel9IsVisibleEv
                0x00408978       0x20 CMakeFiles\paneldue.elf.dir\src\UI\Display.cpp.obj
                0x00408978                TextButtonWithLabel::IsVisible() const
 .text._ZN6Window10ClearPopupEbP11PopupWindow.part.0
                0x00408998      0x10c CMakeFiles\paneldue.elf.dir\src\UI\Display.cpp.obj
 .text._ZN10ButtonBase10CheckEventEttRiR11ButtonPress
                0x00408aa4       0x9c CMakeFiles\paneldue.elf.dir\src\UI\Display.cpp.obj
                0x00408aa4                ButtonBase::CheckEvent(unsigned short, unsigned short, int&, ButtonPress&)
 .text._ZNK19TextButtonWithLabel9PrintTextEj
                0x00408b40       0x38 CMakeFiles\paneldue.elf.dir\src\UI\Display.cpp.obj
                0x00408b40                TextButtonWithLabel::PrintText(unsigned int) const
 .text._ZN13FieldWithText7RefreshEbtt
                0x00408b78      0x1e8 CMakeFiles\paneldue.elf.dir\src\UI\Display.cpp.obj
                0x00408b78                FieldWithText::Refresh(bool, unsigned short, unsigned short)
 .text._ZN13CharButtonRow10CheckEventEttRiR11ButtonPress
                0x00408d60      0x134 CMakeFiles\paneldue.elf.dir\src\UI\Display.cpp.obj
                0x00408d60                CharButtonRow::CheckEvent(unsigned short, unsigned short, int&, ButtonPress&)
 .text._ZN12DisplayFieldC2Ettt
                0x00408e94       0x34 CMakeFiles\paneldue.elf.dir\src\UI\Display.cpp.obj
                0x00408e94                DisplayField::DisplayField(unsigned short, unsigned short, unsigned short)
                0x00408e94                DisplayField::DisplayField(unsigned short, unsigned short, unsigned short)
 .text._ZN12DisplayField11SetTextRowsEPKc
                0x00408ec8       0x30 CMakeFiles\paneldue.elf.dir\src\UI\Display.cpp.obj
                0x00408ec8                DisplayField::SetTextRows(char const*)
 .text._ZN12DisplayField19SetPositionAndWidthEtt
                0x00408ef8       0x1c CMakeFiles\paneldue.elf.dir\src\UI\Display.cpp.obj
                0x00408ef8                DisplayField::SetPositionAndWidth(unsigned short, unsigned short)
 .text._ZN12DisplayField11SetPositionEtt
                0x00408f14       0x1c CMakeFiles\paneldue.elf.dir\src\UI\Display.cpp.obj
                0x00408f14                DisplayField::SetPosition(unsigned short, unsigned short)
 .text._ZN12DisplayField17SetDefaultColoursEttttttPKt
                0x00408f30       0x4c CMakeFiles\paneldue.elf.dir\src\UI\Display.cpp.obj
                0x00408f30                DisplayField::SetDefaultColours(unsigned short, unsigned short, unsigned short, unsigned short, unsigned short, unsigned short, unsigned short const*)
 .text._ZN12DisplayField12GetTextWidthEPKct
                0x00408f7c       0x48 CMakeFiles\paneldue.elf.dir\src\UI\Display.cpp.obj
                0x00408f7c                DisplayField::GetTextWidth(char const*, unsigned short)
 .text._ZN12DisplayField12GetTextWidthEPKctj
                0x00408fc4       0x38 CMakeFiles\paneldue.elf.dir\src\UI\Display.cpp.obj
                0x00408fc4                DisplayField::GetTextWidth(char const*, unsigned short, unsigned int)
 .text._ZN12DisplayField4ShowEb
                0x00408ffc       0x18 CMakeFiles\paneldue.elf.dir\src\UI\Display.cpp.obj
                0x00408ffc                DisplayField::Show(bool)
 .text._ZN12DisplayField10SetColoursEtt
                0x00409014       0x1c CMakeFiles\paneldue.elf.dir\src\UI\Display.cpp.obj
                0x00409014                DisplayField::SetColours(unsigned short, unsigned short)
 .text._ZN11ButtonPressC2Ev
                0x00409030        0x8 CMakeFiles\paneldue.elf.dir\src\UI\Display.cpp.obj
                0x00409030                ButtonPress::ButtonPress()
                0x00409030                ButtonPress::ButtonPress()
 .text._ZN11ButtonPressC2EP10ButtonBasej
                0x00409038        0x8 CMakeFiles\paneldue.elf.dir\src\UI\Display.cpp.obj
                0x00409038                ButtonPress::ButtonPress(ButtonBase*, unsigned int)
                0x00409038                ButtonPress::ButtonPress(ButtonBase*, unsigned int)
 .text._ZN11ButtonPress5ClearEv
                0x00409040        0x8 CMakeFiles\paneldue.elf.dir\src\UI\Display.cpp.obj
                0x00409040                ButtonPress::Clear()
 .text._ZNK11ButtonPress8GetEventEv
                0x00409048       0x18 CMakeFiles\paneldue.elf.dir\src\UI\Display.cpp.obj
                0x00409048                ButtonPress::GetEvent() const
 .text._ZNK11ButtonPress9GetIParamEv
                0x00409060        0xc CMakeFiles\paneldue.elf.dir\src\UI\Display.cpp.obj
                0x00409060                ButtonPress::GetIParam() const
 .text._ZNK11ButtonPress9GetSParamEv
                0x0040906c        0xc CMakeFiles\paneldue.elf.dir\src\UI\Display.cpp.obj
                0x0040906c                ButtonPress::GetSParam() const
 .text._ZNK11ButtonPresseqERKS_
                0x00409078       0x1c CMakeFiles\paneldue.elf.dir\src\UI\Display.cpp.obj
                0x00409078                ButtonPress::operator==(ButtonPress const&) const
 .text._ZN6Window8AddFieldEP12DisplayField
                0x00409094        0xc CMakeFiles\paneldue.elf.dir\src\UI\Display.cpp.obj
                0x00409094                Window::AddField(DisplayField*)
 .text._ZNK6Window15ObscuredByPopupEPK12DisplayField
                0x004090a0       0xc4 CMakeFiles\paneldue.elf.dir\src\UI\Display.cpp.obj
                0x004090a0                Window::ObscuredByPopup(DisplayField const*) const
 .text._ZN11PopupWindow7RefreshEb
                0x00409164      0x118 CMakeFiles\paneldue.elf.dir\src\UI\Display.cpp.obj
                0x00409164                PopupWindow::Refresh(bool)
 .text._ZN10MainWindow7RefreshEb
                0x0040927c       0x70 CMakeFiles\paneldue.elf.dir\src\UI\Display.cpp.obj
                0x0040927c                MainWindow::Refresh(bool)
 .text._ZN6Window9FindEventEtt
                0x004092ec       0x8c CMakeFiles\paneldue.elf.dir\src\UI\Display.cpp.obj
                0x004092ec                Window::FindEvent(unsigned short, unsigned short)
 .text._ZN6Window21FindEventOutsidePopupEtt
                0x00409378       0x88 CMakeFiles\paneldue.elf.dir\src\UI\Display.cpp.obj
                0x00409378                Window::FindEventOutsidePopup(unsigned short, unsigned short)
 .text._ZN6Window8SetPopupEP11PopupWindowttbtt
                0x00409400       0x74 CMakeFiles\paneldue.elf.dir\src\UI\Display.cpp.obj
                0x00409400                Window::SetPopup(PopupWindow*, unsigned short, unsigned short, bool, unsigned short, unsigned short)
 .text._ZN6Window10ClearPopupEbP11PopupWindow
                0x00409474       0x10 CMakeFiles\paneldue.elf.dir\src\UI\Display.cpp.obj
                0x00409474                Window::ClearPopup(bool, PopupWindow*)
 .text._ZN6Window13IsPopupActiveEPK11PopupWindow
                0x00409484       0x1c CMakeFiles\paneldue.elf.dir\src\UI\Display.cpp.obj
                0x00409484                Window::IsPopupActive(PopupWindow const*)
 .text._ZN6Window6RedrawEP12DisplayField
                0x004094a0       0xe8 CMakeFiles\paneldue.elf.dir\src\UI\Display.cpp.obj
                0x004094a0                Window::Redraw(DisplayField*)
 .text._ZN6Window4ShowEP12DisplayFieldb
                0x00409588       0xe0 CMakeFiles\paneldue.elf.dir\src\UI\Display.cpp.obj
                0x00409588                Window::Show(DisplayField*, bool)
 .text._ZN6Window5PressE11ButtonPressb
                0x00409668       0x3c CMakeFiles\paneldue.elf.dir\src\UI\Display.cpp.obj
                0x00409668                Window::Press(ButtonPress, bool)
 .text._ZN10MainWindowC2Ev
                0x004096a4       0x14 CMakeFiles\paneldue.elf.dir\src\UI\Display.cpp.obj
                0x004096a4                MainWindow::MainWindow()
                0x004096a4                MainWindow::MainWindow()
 .text._ZN10MainWindow4InitEt
                0x004096b8        0x4 CMakeFiles\paneldue.elf.dir\src\UI\Display.cpp.obj
                0x004096b8                MainWindow::Init(unsigned short)
 .text._ZN10MainWindow14ClearAllPopupsEv
                0x004096bc       0x20 CMakeFiles\paneldue.elf.dir\src\UI\Display.cpp.obj
                0x004096bc                MainWindow::ClearAllPopups()
 .text._ZN11PopupWindowC2Ettttb
                0x004096dc       0x24 CMakeFiles\paneldue.elf.dir\src\UI\Display.cpp.obj
                0x004096dc                PopupWindow::PopupWindow(unsigned short, unsigned short, unsigned short, unsigned short, bool)
                0x004096dc                PopupWindow::PopupWindow(unsigned short, unsigned short, unsigned short, unsigned short, bool)
 .text._ZNK10ButtonBase11DrawOutlineEttb
                0x00409700       0x9c CMakeFiles\paneldue.elf.dir\src\UI\Display.cpp.obj
                0x00409700                ButtonBase::DrawOutline(unsigned short, unsigned short, bool) const
 .text._ZN17ButtonRowWithText7RefreshEbtt
                0x0040979c      0x110 CMakeFiles\paneldue.elf.dir\src\UI\Display.cpp.obj
                0x0040979c                ButtonRowWithText::Refresh(bool, unsigned short, unsigned short)
 .text._ZN14ButtonWithText7RefreshEbtt
                0x004098ac       0xe4 CMakeFiles\paneldue.elf.dir\src\UI\Display.cpp.obj
                0x004098ac                ButtonWithText::Refresh(bool, unsigned short, unsigned short)
 .text._ZN10IconButton7RefreshEbtt
                0x00409990       0x84 CMakeFiles\paneldue.elf.dir\src\UI\Display.cpp.obj
                0x00409990                IconButton::Refresh(bool, unsigned short, unsigned short)
 .text._ZN10TextButtonC2EtttPKchi
                0x00409a14       0xa0 CMakeFiles\paneldue.elf.dir\src\UI\Display.cpp.obj
                0x00409a14                TextButton::TextButton(unsigned short, unsigned short, unsigned short, char const*, unsigned char, int)
                0x00409a14                TextButton::TextButton(unsigned short, unsigned short, unsigned short, char const*, unsigned char, int)
 .text._ZN10TextButtonC2EtttPKchS1_
                0x00409ab4       0x78 CMakeFiles\paneldue.elf.dir\src\UI\Display.cpp.obj
                0x00409ab4                TextButton::TextButton(unsigned short, unsigned short, unsigned short, char const*, unsigned char, char const*)
                0x00409ab4                TextButton::TextButton(unsigned short, unsigned short, unsigned short, char const*, unsigned char, char const*)
 .text._ZN19TextButtonWithLabelC2EtttPKchS1_S1_
                0x00409b2c       0x7c CMakeFiles\paneldue.elf.dir\src\UI\Display.cpp.obj
                0x00409b2c                TextButtonWithLabel::TextButtonWithLabel(unsigned short, unsigned short, unsigned short, char const*, unsigned char, char const*, char const*)
                0x00409b2c                TextButtonWithLabel::TextButtonWithLabel(unsigned short, unsigned short, unsigned short, char const*, unsigned char, char const*, char const*)
 .text._ZN10IconButtonC2EtttPKhhi
                0x00409ba8       0x78 CMakeFiles\paneldue.elf.dir\src\UI\Display.cpp.obj
                0x00409ba8                IconButton::IconButton(unsigned short, unsigned short, unsigned short, unsigned char const*, unsigned char, int)
                0x00409ba8                IconButton::IconButton(unsigned short, unsigned short, unsigned short, unsigned char const*, unsigned char, int)
 .text._ZN13CharButtonRowC2EttttPKch
                0x00409c20       0x9c CMakeFiles\paneldue.elf.dir\src\UI\Display.cpp.obj
                0x00409c20                CharButtonRow::CharButtonRow(unsigned short, unsigned short, unsigned short, unsigned short, char const*, unsigned char)
                0x00409c20                CharButtonRow::CharButtonRow(unsigned short, unsigned short, unsigned short, unsigned short, char const*, unsigned char)
 .text._ZN13CharButtonRow10ChangeTextEPKc
                0x00409cbc       0x20 CMakeFiles\paneldue.elf.dir\src\UI\Display.cpp.obj
                0x00409cbc                CharButtonRow::ChangeText(char const*)
 .text._ZN10DrawDirect8DrawRectEttjPK10qoi_rgba_tj
                0x00409cdc       0xb4 CMakeFiles\paneldue.elf.dir\src\UI\Display.cpp.obj
                0x00409cdc                DrawDirect::DrawRect(unsigned short, unsigned short, unsigned int, qoi_rgba_t const*, unsigned int)
 .text._ZN10MessageLog14UpdateMessagesEb
                0x00409d90      0x1ac CMakeFiles\paneldue.elf.dir\src\UI\MessageLog.cpp.obj
                0x00409d90                MessageLog::UpdateMessages(bool)
 .text._ZN10MessageLog4InitEv
                0x00409f3c       0x20 CMakeFiles\paneldue.elf.dir\src\UI\MessageLog.cpp.obj
                0x00409f3c                MessageLog::Init()
 .text._ZN10MessageLog11SaveMessageEPKc
                0x00409f5c       0x24 CMakeFiles\paneldue.elf.dir\src\UI\MessageLog.cpp.obj
                0x00409f5c                MessageLog::SaveMessage(char const*)
 .text._ZN10MessageLog15BeginNewMessageEv
                0x00409f80        0xc CMakeFiles\paneldue.elf.dir\src\UI\MessageLog.cpp.obj
                0x00409f80                MessageLog::BeginNewMessage()
 .text._ZN10MessageLog14FindSplitPointEPKcjt
                0x00409f8c       0xac CMakeFiles\paneldue.elf.dir\src\UI\MessageLog.cpp.obj
                0x00409f8c                MessageLog::FindSplitPoint(char const*, unsigned int, unsigned short)
 .text._ZN10MessageLog13AppendMessageEPKc
                0x0040a038      0x110 CMakeFiles\paneldue.elf.dir\src\UI\MessageLog.cpp.obj
                0x0040a038                MessageLog::AppendMessage(char const*)
 .text._ZN10MessageLog17DisplayNewMessageEv
                0x0040a148       0x40 CMakeFiles\paneldue.elf.dir\src\UI\MessageLog.cpp.obj
                0x0040a148                MessageLog::DisplayNewMessage()
 .text._ZN10MessageLog14AppendMessageFEPKcz
                0x0040a188       0x3c CMakeFiles\paneldue.elf.dir\src\UI\MessageLog.cpp.obj
                0x0040a188                MessageLog::AppendMessageF(char const*, ...)
 .text.startup._GLOBAL__sub_I__ZN10MessageLog4InitEv
                0x0040a1c4        0xc CMakeFiles\paneldue.elf.dir\src\UI\MessageLog.cpp.obj
 .text._ZN10AlertPopup12ChangeLetterEj.part.0
                0x0040a1d0       0x60 CMakeFiles\paneldue.elf.dir\src\UI\Popup.cpp.obj
 .text._ZN19StandardPopupWindowC2EttttttPKct
                0x0040a230      0x100 CMakeFiles\paneldue.elf.dir\src\UI\Popup.cpp.obj
                0x0040a230                StandardPopupWindow::StandardPopupWindow(unsigned short, unsigned short, unsigned short, unsigned short, unsigned short, unsigned short, char const*, unsigned short)
                0x0040a230                StandardPopupWindow::StandardPopupWindow(unsigned short, unsigned short, unsigned short, unsigned short, unsigned short, unsigned short, char const*, unsigned short)
 .text._ZN10AlertPopup3SetEPKcS1_lm
                0x0040a330      0x178 CMakeFiles\paneldue.elf.dir\src\UI\Popup.cpp.obj
                0x0040a330                AlertPopup::Set(char const*, char const*, long, unsigned long)
 .text._ZN10AlertPopup12ChangeLetterEj
                0x0040a4a8       0x10 CMakeFiles\paneldue.elf.dir\src\UI\Popup.cpp.obj
                0x0040a4a8                AlertPopup::ChangeLetter(unsigned int)
 .text._ZN10AlertPopupC2ERK12ColourScheme
                0x0040a4b8      0x380 CMakeFiles\paneldue.elf.dir\src\UI\Popup.cpp.obj
                0x0040a4b8                AlertPopup::AlertPopup(ColourScheme const&)
                0x0040a4b8                AlertPopup::AlertPopup(ColourScheme const&)
 .text._ZN12function_refIFbRPN2OM4AxisEjEE11callback_fnIZN2UI14UpdateAllHomedEvEUlS3_jE_EEbPvS3_j
                0x0040a838       0x18 CMakeFiles\paneldue.elf.dir\src\UI\UserInterface.cpp.obj
 .text._ZN12function_refIFbRPN2OM4ToolEjEE11callback_fnIZN2UI14SetSpindleToolEaaEUlS3_jE_EEbPvS3_j
                0x0040a850       0x14 CMakeFiles\paneldue.elf.dir\src\UI\UserInterface.cpp.obj
 .text._ZL22ThumbnailRefreshNotifybb
                0x0040a864       0x74 CMakeFiles\paneldue.elf.dir\src\UI\UserInterface.cpp.obj
 .text._ZN2UI8ShowAxisEjbPKc.part.0
                0x0040a8d8       0x90 CMakeFiles\paneldue.elf.dir\src\UI\UserInterface.cpp.obj
 .text._ZN12function_refIFbRPN2OM12BedOrChamberEjEE11callback_fnIZN2UI18UpdateHeaterStatusEjNS0_12HeaterStatusEEUlS3_jE_EEbPvS3_j
                0x0040a968       0x30 CMakeFiles\paneldue.elf.dir\src\UI\UserInterface.cpp.obj
 .text._ZN12function_refIFbRPN2OM12BedOrChamberEjEE11callback_fnIZN2UI18UpdateHeaterStatusEjNS0_12HeaterStatusEEUlS3_jE0_EEbPvS3_j
                0x0040a998       0x30 CMakeFiles\paneldue.elf.dir\src\UI\UserInterface.cpp.obj
 .text._ZN12function_refIFbRPN2OM4ToolEjEE11callback_fnIZN2UI16UpdateFanPercentEjiEUlS3_jE_EEbPvS3_j
                0x0040a9c8       0x44 CMakeFiles\paneldue.elf.dir\src\UI\UserInterface.cpp.obj
 .text._ZN12function_refIFbRPN2OM4ToolEjEE11callback_fnIZN2UI21UpdateExtrusionFactorEjiEUlS3_jE_EEbPvS3_j
                0x0040aa0c       0x34 CMakeFiles\paneldue.elf.dir\src\UI\UserInterface.cpp.obj
 .text._ZN12function_refIFbRPN2OM4ToolEjEE11callback_fnIZN2UI16SetSpindleActiveEjlEUlS3_jE_EEbPvS3_j
                0x0040aa40       0x3c CMakeFiles\paneldue.elf.dir\src\UI\UserInterface.cpp.obj
 .text._ZN12function_refIFbRPN2OM4ToolEjEE11callback_fnIZN2UI20UpdateSpindleCurrentEPNS0_7SpindleEEUlS3_jE_EEbPvS3_j
                0x0040aa7c       0x24 CMakeFiles\paneldue.elf.dir\src\UI\UserInterface.cpp.obj
 .text._ZL15PopupAreYouSure5EventPKcS1_
                0x0040aaa0       0x8c CMakeFiles\paneldue.elf.dir\src\UI\UserInterface.cpp.obj
 .text._ZN12function_refIFbRPN2OM4AxisEjEE11callback_fnIZN2UI14UpdateGeometryEjbEUlS3_jE_EEbPvS3_j
                0x0040ab2c       0x80 CMakeFiles\paneldue.elf.dir\src\UI\UserInterface.cpp.obj
 .text._Z21CreateStringButtonRowP6WindowttttjPKPKcS4_5EventibPP12DisplayField
                0x0040abac      0x118 CMakeFiles\paneldue.elf.dir\src\UI\UserInterface.cpp.obj
                0x0040abac                CreateStringButtonRow(Window*, unsigned short, unsigned short, unsigned short, unsigned short, unsigned int, char const* const*, char const* const*, Event, int, bool, DisplayField**)
 .text._Z17CreateIntPopupBarRK12ColourSchemetjPKPKcPKi5EventS8_
                0x0040acc4       0xec CMakeFiles\paneldue.elf.dir\src\UI\UserInterface.cpp.obj
                0x0040acc4                CreateIntPopupBar(ColourScheme const&, unsigned short, unsigned int, char const* const*, int const*, Event, Event)
 .text._Z11StripPrefixPKc
                0x0040adb0       0x7c CMakeFiles\paneldue.elf.dir\src\UI\UserInterface.cpp.obj
                0x0040adb0                StripPrefix(char const*)
 .text._Z19CreateFileListPopupR15FileListButtonsPP10TextButtonjjRK12ColourSchemebtt
                0x0040ae2c      0x390 CMakeFiles\paneldue.elf.dir\src\UI\UserInterface.cpp.obj
                0x0040ae2c                CreateFileListPopup(FileListButtons&, TextButton**, unsigned int, unsigned int, ColourScheme const&, bool, unsigned short, unsigned short)
 .text._ZN2UI15GetNumLanguagesEv
                0x0040b1bc        0x4 CMakeFiles\paneldue.elf.dir\src\UI\UserInterface.cpp.obj
                0x0040b1bc                UI::GetNumLanguages()
 .text._ZN2UI16InitColourSchemeEPK12ColourScheme
                0x0040b1c0        0xc CMakeFiles\paneldue.elf.dir\src\UI\UserInterface.cpp.obj
                0x0040b1c0                UI::InitColourScheme(ColourScheme const*)
 .text._ZN2UI12CreateFieldsEmRK12ColourSchemem
                0x0040b1cc     0x1370 CMakeFiles\paneldue.elf.dir\src\UI\UserInterface.cpp.obj
                0x0040b1cc                UI::CreateFields(unsigned long, ColourScheme const&, unsigned long)
 .text._ZN2UI15ShowFilesButtonEv
                0x0040c53c       0x54 CMakeFiles\paneldue.elf.dir\src\UI\UserInterface.cpp.obj
                0x0040c53c                UI::ShowFilesButton()
 .text._ZN2UI15ShowPauseButtonEv
                0x0040c590       0x4c CMakeFiles\paneldue.elf.dir\src\UI\UserInterface.cpp.obj
                0x0040c590                UI::ShowPauseButton()
 .text._ZN2UI18UpdateAxisPositionEjf
                0x0040c5dc       0x24 CMakeFiles\paneldue.elf.dir\src\UI\UserInterface.cpp.obj
                0x0040c5dc                UI::UpdateAxisPosition(unsigned int, float)
 .text._ZN2UI24UpdateCurrentTemperatureEjf
                0x0040c600       0x24 CMakeFiles\paneldue.elf.dir\src\UI\UserInterface.cpp.obj
                0x0040c600                UI::UpdateCurrentTemperature(unsigned int, float)
 .text._ZN2UI18UpdateHeaterStatusEjN2OM12HeaterStatusE
                0x0040c624      0x114 CMakeFiles\paneldue.elf.dir\src\UI\UserInterface.cpp.obj
                0x0040c624                UI::UpdateHeaterStatus(unsigned int, OM::HeaterStatus)
 .text._ZN2UI14SetCurrentToolEl
                0x0040c738       0x14 CMakeFiles\paneldue.elf.dir\src\UI\UserInterface.cpp.obj
                0x0040c738                UI::SetCurrentTool(long)
 .text._ZN2UI19ActivateScreensaverEv
                0x0040c74c       0x4c CMakeFiles\paneldue.elf.dir\src\UI\UserInterface.cpp.obj
                0x0040c74c                UI::ActivateScreensaver()
 .text._ZN2UI21DeactivateScreensaverEv
                0x0040c798        0x8 CMakeFiles\paneldue.elf.dir\src\UI\UserInterface.cpp.obj
                0x0040c798                UI::DeactivateScreensaver()
 .text._ZN2UI18AnimateScreensaverEv
                0x0040c7a0       0xb4 CMakeFiles\paneldue.elf.dir\src\UI\UserInterface.cpp.obj
                0x0040c7a0                UI::AnimateScreensaver()
 .text._ZN2UI10IsSetupTabEv
                0x0040c854       0x1c CMakeFiles\paneldue.elf.dir\src\UI\UserInterface.cpp.obj
                0x0040c854                UI::IsSetupTab()
 .text._ZN2UI4TickEv
                0x0040c870        0x4 CMakeFiles\paneldue.elf.dir\src\UI\UserInterface.cpp.obj
                0x0040c870                UI::Tick()
 .text._ZN2UI4SpinEv
                0x0040c874       0x8c CMakeFiles\paneldue.elf.dir\src\UI\UserInterface.cpp.obj
                0x0040c874                UI::Spin()
 .text._ZN2UI23PrintingFilenameChangedEPKc
                0x0040c900       0x5c CMakeFiles\paneldue.elf.dir\src\UI\UserInterface.cpp.obj
                0x0040c900                UI::PrintingFilenameChanged(char const*)
 .text._ZN2UI24LastJobFileNameAvailableEb
                0x0040c95c       0x30 CMakeFiles\paneldue.elf.dir\src\UI\UserInterface.cpp.obj
                0x0040c95c                UI::LastJobFileNameAvailable(bool)
 .text._ZN2UI20SetLastFileSimulatedEb
                0x0040c98c       0x10 CMakeFiles\paneldue.elf.dir\src\UI\UserInterface.cpp.obj
                0x0040c98c                UI::SetLastFileSimulated(bool)
 .text._ZN2UI20UpdatePrintingFieldsEv
                0x0040c99c       0x54 CMakeFiles\paneldue.elf.dir\src\UI\UserInterface.cpp.obj
                0x0040c99c                UI::UpdatePrintingFields()
 .text._ZN2UI23SetPrintProgressPercentEj
                0x0040c9f0        0x8 CMakeFiles\paneldue.elf.dir\src\UI\UserInterface.cpp.obj
                0x0040c9f0                UI::SetPrintProgressPercent(unsigned int)
 .text._ZN2UI14UpdateGeometryEjb
                0x0040c9f8       0x80 CMakeFiles\paneldue.elf.dir\src\UI\UserInterface.cpp.obj
                0x0040c9f8                UI::UpdateGeometry(unsigned int, bool)
 .text._ZN2UI14UpdateAllHomedEv
                0x0040ca78       0x68 CMakeFiles\paneldue.elf.dir\src\UI\UserInterface.cpp.obj
                0x0040ca78                UI::UpdateAllHomed()
 .text._ZN2UI17UpdateHomedStatusEjb
                0x0040cae0       0x50 CMakeFiles\paneldue.elf.dir\src\UI\UserInterface.cpp.obj
                0x0040cae0                UI::UpdateHomedStatus(unsigned int, bool)
 .text._ZN2UI12UpdateZProbeEPKc
                0x0040cb30       0x28 CMakeFiles\paneldue.elf.dir\src\UI\UserInterface.cpp.obj
                0x0040cb30                UI::UpdateZProbe(char const*)
 .text._ZN2UI17UpdateMachineNameEPKc
                0x0040cb58       0x28 CMakeFiles\paneldue.elf.dir\src\UI\UserInterface.cpp.obj
                0x0040cb58                UI::UpdateMachineName(char const*)
 .text._ZN2UI8UpdateIPEPKc
                0x0040cb80       0x30 CMakeFiles\paneldue.elf.dir\src\UI\UserInterface.cpp.obj
                0x0040cb80                UI::UpdateIP(char const*)
 .text._ZN2UI16UpdateFanPercentEji
                0x0040cbb0       0x50 CMakeFiles\paneldue.elf.dir\src\UI\UserInterface.cpp.obj
                0x0040cbb0                UI::UpdateFanPercent(unsigned int, int)
 .text._ZN2UI14UpdateToolTempEjjlb
                0x0040cc00       0x84 CMakeFiles\paneldue.elf.dir\src\UI\UserInterface.cpp.obj
                0x0040cc00                UI::UpdateToolTemp(unsigned int, unsigned int, long, bool)
 .text._ZN2UI17UpdateTemperatureEjiPP13IntegerButton
                0x0040cc84       0x50 CMakeFiles\paneldue.elf.dir\src\UI\UserInterface.cpp.obj
                0x0040cc84                UI::UpdateTemperature(unsigned int, int, IntegerButton**)
 .text._ZN2UI23UpdateActiveTemperatureEji
                0x0040ccd4       0x10 CMakeFiles\paneldue.elf.dir\src\UI\UserInterface.cpp.obj
                0x0040ccd4                UI::UpdateActiveTemperature(unsigned int, int)
 .text._ZN2UI24UpdateStandbyTemperatureEji
                0x0040cce4       0x10 CMakeFiles\paneldue.elf.dir\src\UI\UserInterface.cpp.obj
                0x0040cce4                UI::UpdateStandbyTemperature(unsigned int, int)
 .text._ZN2UI21UpdateExtrusionFactorEji
                0x0040ccf4       0x30 CMakeFiles\paneldue.elf.dir\src\UI\UserInterface.cpp.obj
                0x0040ccf4                UI::UpdateExtrusionFactor(unsigned int, int)
 .text._ZN2UI18UpdateSpeedPercentEi
                0x0040cd24       0x14 CMakeFiles\paneldue.elf.dir\src\UI\UserInterface.cpp.obj
                0x0040cd24                UI::UpdateSpeedPercent(int)
 .text._ZN2UI12ProcessAlertERK5Alert
                0x0040cd38       0x9c CMakeFiles\paneldue.elf.dir\src\UI\UserInterface.cpp.obj
                0x0040cd38                UI::ProcessAlert(Alert const&)
 .text._ZN2UI10ClearAlertEv
                0x0040cdd4       0x44 CMakeFiles\paneldue.elf.dir\src\UI\UserInterface.cpp.obj
                0x0040cdd4                UI::ClearAlert()
 .text._ZN2UI13CanDimDisplayEv
                0x0040ce18       0x14 CMakeFiles\paneldue.elf.dir\src\UI\UserInterface.cpp.obj
                0x0040ce18                UI::CanDimDisplay()
 .text._ZN2UI18ProcessSimpleAlertEPKc
                0x0040ce2c       0x84 CMakeFiles\paneldue.elf.dir\src\UI\UserInterface.cpp.obj
                0x0040ce2c                UI::ProcessSimpleAlert(char const*)
 .text._ZN2UI19NewResponseReceivedEPKc
                0x0040ceb0      0x11c CMakeFiles\paneldue.elf.dir\src\UI\UserInterface.cpp.obj
                0x0040ceb0                UI::NewResponseReceived(char const*)
 .text._ZN2UI12FileSelectedEPKc
                0x0040cfcc       0xdc CMakeFiles\paneldue.elf.dir\src\UI\UserInterface.cpp.obj
                0x0040cfcc                UI::FileSelected(char const*)
 .text._ZN2UI25UpdateFileGeneratedByTextEPKc
                0x0040d0a8       0x30 CMakeFiles\paneldue.elf.dir\src\UI\UserInterface.cpp.obj
                0x0040d0a8                UI::UpdateFileGeneratedByText(char const*)
 .text._ZN2UI26UpdateFileLastModifiedTextEPKc
                0x0040d0d8       0x5c CMakeFiles\paneldue.elf.dir\src\UI\UserInterface.cpp.obj
                0x0040d0d8                UI::UpdateFileLastModifiedText(char const*)
 .text._ZN2UI22UpdateFileObjectHeightEf
                0x0040d134       0x38 CMakeFiles\paneldue.elf.dir\src\UI\UserInterface.cpp.obj
                0x0040d134                UI::UpdateFileObjectHeight(float)
 .text._ZN2UI21UpdateFileLayerHeightEf
                0x0040d16c       0x38 CMakeFiles\paneldue.elf.dir\src\UI\UserInterface.cpp.obj
                0x0040d16c                UI::UpdateFileLayerHeight(float)
 .text._ZN2UI14UpdateFileSizeEi
                0x0040d1a4       0x1c CMakeFiles\paneldue.elf.dir\src\UI\UserInterface.cpp.obj
                0x0040d1a4                UI::UpdateFileSize(int)
 .text._ZN2UI18UpdateFileFilamentEi
                0x0040d1c0       0x1c CMakeFiles\paneldue.elf.dir\src\UI\UserInterface.cpp.obj
                0x0040d1c0                UI::UpdateFileFilament(int)
 .text._ZN2UI24UpdateFileThumbnailChunkERK9ThumbnailmPK10qoi_rgba_tj
                0x0040d1dc       0x5c CMakeFiles\paneldue.elf.dir\src\UI\UserInterface.cpp.obj
                0x0040d1dc                UI::UpdateFileThumbnailChunk(Thumbnail const&, unsigned long, qoi_rgba_t const*, unsigned int)
 .text._ZN2UI20IsDisplayingFileInfoEv
                0x0040d238       0x10 CMakeFiles\paneldue.elf.dir\src\UI\UserInterface.cpp.obj
                0x0040d238                UI::IsDisplayingFileInfo()
 .text._ZN2UI14ProcessReleaseE11ButtonPress
                0x0040d248       0x84 CMakeFiles\paneldue.elf.dir\src\UI\UserInterface.cpp.obj
                0x0040d248                UI::ProcessRelease(ButtonPress)
 .text._ZN2UI20OnButtonPressTimeoutEv
                0x0040d2cc       0x30 CMakeFiles\paneldue.elf.dir\src\UI\UserInterface.cpp.obj
                0x0040d2cc                UI::OnButtonPressTimeout()
 .text._ZN2UI24DisplayFilesOrMacrosListEbij
                0x0040d2fc       0x74 CMakeFiles\paneldue.elf.dir\src\UI\UserInterface.cpp.obj
                0x0040d2fc                UI::DisplayFilesOrMacrosList(bool, int, unsigned int)
 .text._ZN2UI14FileListLoadedEbi
                0x0040d370       0x40 CMakeFiles\paneldue.elf.dir\src\UI\UserInterface.cpp.obj
                0x0040d370                UI::FileListLoaded(bool, int)
 .text._ZN2UI20EnableFileNavButtonsEbbbb
                0x0040d3b0       0x44 CMakeFiles\paneldue.elf.dir\src\UI\UserInterface.cpp.obj
                0x0040d3b0                UI::EnableFileNavButtons(bool, bool, bool, bool)
 .text._ZN2UI16UpdateFileButtonEbjPKcS1_
                0x0040d3f4       0x6c CMakeFiles\paneldue.elf.dir\src\UI\UserInterface.cpp.obj
                0x0040d3f4                UI::UpdateFileButton(bool, unsigned int, char const*, char const*)
 .text._ZN2UI20UpdateMacroShortListEjPKc
                0x0040d460       0xd0 CMakeFiles\paneldue.elf.dir\src\UI\UserInterface.cpp.obj
                0x0040d460                UI::UpdateMacroShortList(unsigned int, char const*)
 .text._ZN2UI19GetNumScrolledFilesEb
                0x0040d530        0x4 CMakeFiles\paneldue.elf.dir\src\UI\UserInterface.cpp.obj
                0x0040d530                UI::GetNumScrolledFiles(bool)
 .text._ZN2UI24ResetToolAndHeaterStatesEv
                0x0040d534       0x38 CMakeFiles\paneldue.elf.dir\src\UI\UserInterface.cpp.obj
                0x0040d534                UI::ResetToolAndHeaterStates()
 .text._ZN2UI32ManageCurrentActiveStandbyFieldsERjb5EventiS1_i
                0x0040d56c       0x9c CMakeFiles\paneldue.elf.dir\src\UI\UserInterface.cpp.obj
                0x0040d56c                UI::ManageCurrentActiveStandbyFields(unsigned int&, bool, Event, int, Event, int)
 .text._ZN12function_refIFbRPN2OM4ToolEjEE11callback_fnIZN2UI12AllToolsSeenEvEUlS3_jE_EEbPvS3_j
                0x0040d608       0x1c CMakeFiles\paneldue.elf.dir\src\UI\UserInterface.cpp.obj
 .text._ZN2UI15AddBedOrChamberEPN2OM12BedOrChamberERjb
                0x0040d624       0x90 CMakeFiles\paneldue.elf.dir\src\UI\UserInterface.cpp.obj
                0x0040d624                UI::AddBedOrChamber(OM::BedOrChamber*, unsigned int&, bool)
 .text._ZN12function_refIFbRPN2OM12BedOrChamberEjEE11callback_fnIZN2UI12AllToolsSeenEvEUlS3_jE0_EEbPvS3_j
                0x0040d6b4       0x24 CMakeFiles\paneldue.elf.dir\src\UI\UserInterface.cpp.obj
 .text._ZN12function_refIFbRPN2OM12BedOrChamberEjEE11callback_fnIZN2UI12AllToolsSeenEvEUlS3_jE1_EEbPvS3_j
                0x0040d6d8       0x24 CMakeFiles\paneldue.elf.dir\src\UI\UserInterface.cpp.obj
 .text._ZN2UI16SetSpindleActiveEjl
                0x0040d6fc       0x5c CMakeFiles\paneldue.elf.dir\src\UI\UserInterface.cpp.obj
                0x0040d6fc                UI::SetSpindleActive(unsigned int, long)
 .text._ZN2UI17SetSpindleCurrentEjl
                0x0040d758       0x5c CMakeFiles\paneldue.elf.dir\src\UI\UserInterface.cpp.obj
                0x0040d758                UI::SetSpindleCurrent(unsigned int, long)
 .text._ZN2UI15SetSpindleLimitEjmb
                0x0040d7b4       0x1c CMakeFiles\paneldue.elf.dir\src\UI\UserInterface.cpp.obj
                0x0040d7b4                UI::SetSpindleLimit(unsigned int, unsigned long, bool)
 .text._ZN2UI15SetSpindleStateEjN2OM12SpindleStateE
                0x0040d7d0       0x40 CMakeFiles\paneldue.elf.dir\src\UI\UserInterface.cpp.obj
                0x0040d7d0                UI::SetSpindleState(unsigned int, OM::SpindleState)