Archive member included to satisfy reference by file (symbol)

lib\librrf\librrf.a(CRC16.cpp.obj)
                              CMakeFiles\paneldue.elf.dir\src\Hardware\SerialIo.cpp.obj (CRC16::CRC16())
lib\librrf\librrf.a(SafeStrtod.cpp.obj)
                              CMakeFiles\paneldue.elf.dir\src\PanelDue.cpp.obj (SafeStrtof(char const*, char const**))
lib\librrf\librrf.a(SafeVsnprintf.cpp.obj)
                              CMakeFiles\paneldue.elf.dir\src\Hardware\SerialIo.cpp.obj (vuprintf(function_ref<bool (char)>, char const*, std::__va_list))
lib\librrf\librrf.a(StringFunctions.cpp.obj)
                              CMakeFiles\paneldue.elf.dir\src\FileManager.cpp.obj (StringEqualsIgnoreCase(char const*, char const*))
lib\librrf\librrf.a(StringRef.cpp.obj)
                              CMakeFiles\paneldue.elf.dir\src\FileManager.cpp.obj (StringRef::vprintf(char const*, std::__va_list) const)
lib\librrf\librrf.a(Strnlen.cpp.obj)
                              CMakeFiles\paneldue.elf.dir\src\FileManager.cpp.obj (Strnlen(char const*, unsigned int))
lib\librrf\librrf.a(NumericConverter.cpp.obj)
                              lib\librrf\librrf.a(SafeStrtod.cpp.obj) (NumericConverter::Accumulate(char, unsigned char, function_ref<char ()>))
c:/progra~2/gnutoo~1/1142da~1.3re/bin/../lib/gcc/arm-none-eabi/11.3.1/thumb/v7e-m/nofp\libm.a(libm_a-s_llrint.o)
                              lib\librrf\librrf.a(SafeVsnprintf.cpp.obj) (llrint)
c:/progra~2/gnutoo~1/1142da~1.3re/bin/../lib/gcc/arm-none-eabi/11.3.1/thumb/v7e-m/nofp\libgcc.a(_arm_muldf3.o)
                              lib\librrf\librrf.a(SafeVsnprintf.cpp.obj) (__aeabi_dmul)
c:/progra~2/gnutoo~1/1142da~1.3re/bin/../lib/gcc/arm-none-eabi/11.3.1/thumb/v7e-m/nofp\libgcc.a(_arm_mulsf3.o)
                              CMakeFiles\paneldue.elf.dir\src\PanelDue.cpp.obj (__aeabi_fmul)
c:/progra~2/gnutoo~1/1142da~1.3re/bin/../lib/gcc/arm-none-eabi/11.3.1/thumb/v7e-m/nofp\libgcc.a(_arm_addsubdf3.o)
                              c:/progra~2/gnutoo~1/1142da~1.3re/bin/../lib/gcc/arm-none-eabi/11.3.1/thumb/v7e-m/nofp\libm.a(libm_a-s_llrint.o) (__aeabi_dsub)
c:/progra~2/gnutoo~1/1142da~1.3re/bin/../lib/gcc/arm-none-eabi/11.3.1/thumb/v7e-m/nofp\libgcc.a(_arm_muldivdf3.o)
                              lib\librrf\librrf.a(SafeVsnprintf.cpp.obj) (__aeabi_ddiv)
c:/progra~2/gnutoo~1/1142da~1.3re/bin/../lib/gcc/arm-none-eabi/11.3.1/thumb/v7e-m/nofp\libgcc.a(_arm_cmpdf2.o)
                              lib\librrf\librrf.a(SafeVsnprintf.cpp.obj) (__aeabi_dcmpeq)
c:/progra~2/gnutoo~1/1142da~1.3re/bin/../lib/gcc/arm-none-eabi/11.3.1/thumb/v7e-m/nofp\libgcc.a(_arm_unorddf2.o)
                              lib\librrf\librrf.a(SafeVsnprintf.cpp.obj) (__aeabi_dcmpun)
c:/progra~2/gnutoo~1/1142da~1.3re/bin/../lib/gcc/arm-none-eabi/11.3.1/thumb/v7e-m/nofp\libgcc.a(_arm_truncdfsf2.o)
                              lib\librrf\librrf.a(NumericConverter.cpp.obj) (__aeabi_d2f)
c:/progra~2/gnutoo~1/1142da~1.3re/bin/../lib/gcc/arm-none-eabi/11.3.1/thumb/v7e-m/nofp\libgcc.a(_arm_addsubsf3.o)
                              CMakeFiles\paneldue.elf.dir\src\PanelDue.cpp.obj (__aeabi_fsub)
c:/progra~2/gnutoo~1/1142da~1.3re/bin/../lib/gcc/arm-none-eabi/11.3.1/thumb/v7e-m/nofp\libgcc.a(_arm_muldivsf3.o)
                              CMakeFiles\paneldue.elf.dir\src\PanelDue.cpp.obj (__aeabi_fdiv)
c:/progra~2/gnutoo~1/1142da~1.3re/bin/../lib/gcc/arm-none-eabi/11.3.1/thumb/v7e-m/nofp\libgcc.a(_arm_cmpsf2.o)
                              CMakeFiles\paneldue.elf.dir\src\PanelDue.cpp.obj (__aeabi_fcmplt)
c:/progra~2/gnutoo~1/1142da~1.3re/bin/../lib/gcc/arm-none-eabi/11.3.1/thumb/v7e-m/nofp\libgcc.a(_arm_fixsfsi.o)
                              CMakeFiles\paneldue.elf.dir\src\PanelDue.cpp.obj (__aeabi_f2iz)
c:/progra~2/gnutoo~1/1142da~1.3re/bin/../lib/gcc/arm-none-eabi/11.3.1/thumb/v7e-m/nofp\libgcc.a(_arm_fixunssfsi.o)
                              CMakeFiles\paneldue.elf.dir\src\PanelDue.cpp.obj (__aeabi_f2uiz)
c:/progra~2/gnutoo~1/1142da~1.3re/bin/../lib/gcc/arm-none-eabi/11.3.1/thumb/v7e-m/nofp\libgcc.a(_aeabi_uldivmod.o)
                              lib\librrf\librrf.a(SafeVsnprintf.cpp.obj) (__aeabi_uldivmod)
c:/progra~2/gnutoo~1/1142da~1.3re/bin/../lib/gcc/arm-none-eabi/11.3.1/thumb/v7e-m/nofp\libgcc.a(_fixdfdi.o)
                              c:/progra~2/gnutoo~1/1142da~1.3re/bin/../lib/gcc/arm-none-eabi/11.3.1/thumb/v7e-m/nofp\libm.a(libm_a-s_llrint.o) (__aeabi_d2lz)
c:/progra~2/gnutoo~1/1142da~1.3re/bin/../lib/gcc/arm-none-eabi/11.3.1/thumb/v7e-m/nofp\libgcc.a(_fixunsdfdi.o)
                              c:/progra~2/gnutoo~1/1142da~1.3re/bin/../lib/gcc/arm-none-eabi/11.3.1/thumb/v7e-m/nofp\libgcc.a(_fixdfdi.o) (__aeabi_d2ulz)
c:/progra~2/gnutoo~1/1142da~1.3re/bin/../lib/gcc/arm-none-eabi/11.3.1/thumb/v7e-m/nofp\libgcc.a(_udivmoddi4.o)
                              c:/progra~2/gnutoo~1/1142da~1.3re/bin/../lib/gcc/arm-none-eabi/11.3.1/thumb/v7e-m/nofp\libgcc.a(_aeabi_uldivmod.o) (__udivmoddi4)
[...]
Memory Configuration

Name             Origin             Length             Attributes
rom              0x00400000         0x00040000         xr
ram              0x20000000         0x00010000         xrw
*default*        0x00000000         0xffffffff

Linker script and memory map

LOAD c:/progra~2/gnutoo~1/1142da~1.3re/bin/../lib/gcc/arm-none-eabi/11.3.1/thumb/v7e-m/nofp/crti.o
LOAD c:/progra~2/gnutoo~1/1142da~1.3re/bin/../lib/gcc/arm-none-eabi/11.3.1/thumb/v7e-m/nofp/crtbegin.o
LOAD c:/progra~2/gnutoo~1/1142da~1.3re/bin/../lib/gcc/arm-none-eabi/11.3.1/thumb/v7e-m/nofp/crt0.o
                0x00001000                __stack_size__ = 0x1000
LOAD CMakeFiles\paneldue.elf.dir\src\Wallpaper\Wallpaper.cpp.obj
LOAD CMakeFiles\paneldue.elf.dir\src\ASF\sam\utils\cmsis\sam4s\source\templates\system_sam4s.c.obj
LOAD CMakeFiles\paneldue.elf.dir\src\ASF\sam\utils\cmsis\sam4s\source\templates\gcc\startup_sam4s.c.obj
LOAD CMakeFiles\paneldue.elf.dir\src\ASF\common\services\clock\sam4s\sysclk.c.obj
LOAD CMakeFiles\paneldue.elf.dir\src\ASF\common\boards\user_board\init.c.obj
LOAD CMakeFiles\paneldue.elf.dir\src\ASF\common\services\delay\sam\cycle_counter.c.obj
LOAD CMakeFiles\paneldue.elf.dir\src\ASF\common\utils\interrupt\interrupt_sam_nvic.c.obj
LOAD CMakeFiles\paneldue.elf.dir\src\ASF\sam\drivers\chipid\chipid.c.obj
LOAD CMakeFiles\paneldue.elf.dir\src\ASF\sam\drivers\efc\efc.c.obj
LOAD CMakeFiles\paneldue.elf.dir\src\ASF\sam\drivers\matrix\matrix.c.obj
LOAD CMakeFiles\paneldue.elf.dir\src\ASF\sam\drivers\pio\pio.c.obj
LOAD CMakeFiles\paneldue.elf.dir\src\ASF\sam\drivers\pio\pio_handler.c.obj
LOAD CMakeFiles\paneldue.elf.dir\src\ASF\sam\drivers\pmc\pmc.c.obj
LOAD CMakeFiles\paneldue.elf.dir\src\ASF\sam\drivers\pwm\pwm.c.obj
LOAD CMakeFiles\paneldue.elf.dir\src\ASF\sam\drivers\rstc\rstc.c.obj
LOAD CMakeFiles\paneldue.elf.dir\src\ASF\sam\drivers\uart\uart.c.obj
LOAD CMakeFiles\paneldue.elf.dir\src\ASF\sam\drivers\wdt\wdt.c.obj
LOAD CMakeFiles\paneldue.elf.dir\src\ASF\sam\services\flash_efc\flash_efc.c.obj
LOAD CMakeFiles\paneldue.elf.dir\src\ASF\sam\utils\syscalls\gcc\syscalls.c.obj
LOAD CMakeFiles\paneldue.elf.dir\src\FileManager.cpp.obj
LOAD CMakeFiles\paneldue.elf.dir\src\FlashData.cpp.obj
LOAD CMakeFiles\paneldue.elf.dir\src\Fonts\glcd19x21.cpp.obj
LOAD CMakeFiles\paneldue.elf.dir\src\Fonts\glcd28x32.cpp.obj
LOAD CMakeFiles\paneldue.elf.dir\src\Hardware\Backlight.cpp.obj
LOAD CMakeFiles\paneldue.elf.dir\src\Hardware\Buzzer.cpp.obj
LOAD CMakeFiles\paneldue.elf.dir\src\Hardware\FlashStorage.cpp.obj
LOAD CMakeFiles\paneldue.elf.dir\src\Hardware\Mem.cpp.obj
LOAD CMakeFiles\paneldue.elf.dir\src\Hardware\OneBitPort.cpp.obj
LOAD CMakeFiles\paneldue.elf.dir\src\Hardware\Reset.cpp.obj
LOAD CMakeFiles\paneldue.elf.dir\src\Hardware\RotaryEncoder.cpp.obj
LOAD CMakeFiles\paneldue.elf.dir\src\Hardware\SerialIo.cpp.obj
LOAD CMakeFiles\paneldue.elf.dir\src\Hardware\SysTick.cpp.obj
LOAD CMakeFiles\paneldue.elf.dir\src\Hardware\UTFT.cpp.obj
LOAD CMakeFiles\paneldue.elf.dir\src\Hardware\UTouch.cpp.obj
LOAD CMakeFiles\paneldue.elf.dir\src\Icons\HomeIcons.cpp.obj
LOAD CMakeFiles\paneldue.elf.dir\src\Icons\KeyIcons.cpp.obj
LOAD CMakeFiles\paneldue.elf.dir\src\Icons\MiscIcons.cpp.obj
LOAD CMakeFiles\paneldue.elf.dir\src\Icons\NozzleIcons.cpp.obj
LOAD CMakeFiles\paneldue.elf.dir\src\Library\Misc.cpp.obj
LOAD CMakeFiles\paneldue.elf.dir\src\Library\Thumbnail.cpp.obj
LOAD CMakeFiles\paneldue.elf.dir\src\ObjectModel\Axis.cpp.obj
LOAD CMakeFiles\paneldue.elf.dir\src\ObjectModel\BedOrChamber.cpp.obj
LOAD CMakeFiles\paneldue.elf.dir\src\ObjectModel\Spindle.cpp.obj
LOAD CMakeFiles\paneldue.elf.dir\src\ObjectModel\Tool.cpp.obj
LOAD CMakeFiles\paneldue.elf.dir\src\ObjectModel\Utils.cpp.obj
LOAD CMakeFiles\paneldue.elf.dir\src\PanelDue.cpp.obj
LOAD CMakeFiles\paneldue.elf.dir\src\RequestTimer.cpp.obj
LOAD CMakeFiles\paneldue.elf.dir\src\UI\ColourSchemes.cpp.obj
LOAD CMakeFiles\paneldue.elf.dir\src\UI\Display.cpp.obj
LOAD CMakeFiles\paneldue.elf.dir\src\UI\MessageLog.cpp.obj
LOAD CMakeFiles\paneldue.elf.dir\src\UI\Popup.cpp.obj
LOAD CMakeFiles\paneldue.elf.dir\src\UI\UserInterface.cpp.obj
LOAD CMakeFiles\paneldue.elf.dir\lib\base64\base64.c.obj
LOAD lib\librrf\librrf.a
LOAD c:/progra~2/gnutoo~1/1142da~1.3re/bin/../lib/gcc/arm-none-eabi/11.3.1/thumb/v7e-m/nofp\libstdc++_nano.a
LOAD c:/progra~2/gnutoo~1/1142da~1.3re/bin/../lib/gcc/arm-none-eabi/11.3.1/thumb/v7e-m/nofp\libm.a
START GROUP
LOAD c:/progra~2/gnutoo~1/1142da~1.3re/bin/../lib/gcc/arm-none-eabi/11.3.1/thumb/v7e-m/nofp\libgcc.a
LOAD c:/progra~2/gnutoo~1/1142da~1.3re/bin/../lib/gcc/arm-none-eabi/11.3.1/thumb/v7e-m/nofp\libg_nano.a
LOAD c:/progra~2/gnutoo~1/1142da~1.3re/bin/../lib/gcc/arm-none-eabi/11.3.1/thumb/v7e-m/nofp\libc_nano.a
END GROUP
START GROUP
LOAD c:/progra~2/gnutoo~1/1142da~1.3re/bin/../lib/gcc/arm-none-eabi/11.3.1/thumb/v7e-m/nofp\libgcc.a
LOAD c:/progra~2/gnutoo~1/1142da~1.3re/bin/../lib/gcc/arm-none-eabi/11.3.1/thumb/v7e-m/nofp\libc_nano.a
END GROUP
LOAD c:/progra~2/gnutoo~1/1142da~1.3re/bin/../lib/gcc/arm-none-eabi/11.3.1/thumb/v7e-m/nofp/crtend.o
LOAD c:/progra~2/gnutoo~1/1142da~1.3re/bin/../lib/gcc/arm-none-eabi/11.3.1/thumb/v7e-m/nofp/crtn.o
                0x20000000                __ram_start__ = ORIGIN (ram)
                0x2000fffc                __ram_end__ = ((ORIGIN (ram) + LENGTH (ram)) - 0x4)
                0x00400000                __flash_start__ = ORIGIN (rom)
                0x00440000                __flash_end__ = (ORIGIN (rom) + LENGTH (rom))

.text           0x00400000    0x29d1c
                0x00400000                . = ALIGN (0x4)
                0x00400000                _sfixed = .
 *(.vectors .vectors.*)
 .vectors       0x00400000       0xcc CMakeFiles\paneldue.elf.dir\src\ASF\sam\utils\cmsis\sam4s\source\templates\gcc\startup_sam4s.c.obj
                0x00400000                exception_table
 *(.text .text.* .gnu.linkonce.t.*)
 .text.deregister_tm_clones
                0x004000cc       0x1c c:/progra~2/gnutoo~1/1142da~1.3re/bin/../lib/gcc/arm-none-eabi/11.3.1/thumb/v7e-m/nofp/crtbegin.o
 .text.register_tm_clones
                0x004000e8       0x24 c:/progra~2/gnutoo~1/1142da~1.3re/bin/../lib/gcc/arm-none-eabi/11.3.1/thumb/v7e-m/nofp/crtbegin.o
 .text.__do_global_dtors_aux
                0x0040010c       0x28 c:/progra~2/gnutoo~1/1142da~1.3re/bin/../lib/gcc/arm-none-eabi/11.3.1/thumb/v7e-m/nofp/crtbegin.o
 .text.frame_dummy
                0x00400134       0x24 c:/progra~2/gnutoo~1/1142da~1.3re/bin/../lib/gcc/arm-none-eabi/11.3.1/thumb/v7e-m/nofp/crtbegin.o
 .text._ZN13WallpaperTile4InitEv
                0x00400158       0x20 CMakeFiles\paneldue.elf.dir\src\Wallpaper\Wallpaper.cpp.obj
                0x00400158                WallpaperTile::Init()
 .text._Z17WallpaperTileInitR13WallpaperTile
                0x00400178        0x8 CMakeFiles\paneldue.elf.dir\src\Wallpaper\Wallpaper.cpp.obj
                0x00400178                WallpaperTileInit(WallpaperTile&)
 .text._Z17DrawWallpaperDataR13WallpaperTileR4UTFT
                0x00400180       0x88 CMakeFiles\paneldue.elf.dir\src\Wallpaper\Wallpaper.cpp.obj
                0x00400180                DrawWallpaperData(WallpaperTile&, UTFT&)
 .text.SystemInit
                0x00400208        0x8 CMakeFiles\paneldue.elf.dir\src\ASF\sam\utils\cmsis\sam4s\source\templates\system_sam4s.c.obj
                0x00400208                SystemInit
 .text.SystemCoreClockUpdate
                0x00400210       0xd4 CMakeFiles\paneldue.elf.dir\src\ASF\sam\utils\cmsis\sam4s\source\templates\system_sam4s.c.obj
                0x00400210                SystemCoreClockUpdate
 .text.system_init_flash
                0x004002e4       0x60 CMakeFiles\paneldue.elf.dir\src\ASF\sam\utils\cmsis\sam4s\source\templates\system_sam4s.c.obj
                0x004002e4                system_init_flash
 .text.Dummy_Handler
                0x00400344        0x4 CMakeFiles\paneldue.elf.dir\src\ASF\sam\utils\cmsis\sam4s\source\templates\gcc\startup_sam4s.c.obj
                0x00400344                DACC_Handler
                0x00400344                DebugMon_Handler
                0x00400344                HardFault_Handler
                0x00400344                TC2_Handler
                0x00400344                SPI_Handler
                0x00400344                TWI1_Handler
                0x00400344                PendSV_Handler
                0x00400344                NMI_Handler
                0x00400344                ADC_Handler
                0x00400344                CRCCU_Handler
                0x00400344                USART0_Handler
                0x00400344                RTT_Handler
                0x00400344                RTC_Handler
                0x00400344                UsageFault_Handler
                0x00400344                WDT_Handler
                0x00400344                TC1_Handler
                0x00400344                HSMCI_Handler
                0x00400344                UART1_Handler
                0x00400344                Dummy_Handler
                0x00400344                TWI0_Handler
                0x00400344                USART1_Handler
                0x00400344                SSC_Handler
                0x00400344                EFC0_Handler
                0x00400344                ACC_Handler
                0x00400344                PMC_Handler
                0x00400344                PWM_Handler
                0x00400344                MemManage_Handler
                0x00400344                SUPC_Handler
                0x00400344                SVC_Handler
                0x00400344                UDP_Handler
                0x00400344                BusFault_Handler
                0x00400344                RSTC_Handler
                0x00400344                TC0_Handler
 .text.Reset_Handler
                0x00400348       0x74 CMakeFiles\paneldue.elf.dir\src\ASF\sam\utils\cmsis\sam4s\source\templates\gcc\startup_sam4s.c.obj
                0x00400348                Reset_Handler
 .text.sysclk_init
                0x004003bc       0x6c CMakeFiles\paneldue.elf.dir\src\ASF\common\services\clock\sam4s\sysclk.c.obj
                0x004003bc                sysclk_init
 .text.efc_get_result
                0x00400428        0x4 CMakeFiles\paneldue.elf.dir\src\ASF\sam\drivers\efc\efc.c.obj
                0x00400428                efc_get_result
 .text.efc_perform_command
                0x0040042c       0x28 CMakeFiles\paneldue.elf.dir\src\ASF\sam\drivers\efc\efc.c.obj
                0x0040042c                efc_perform_command
 .text.matrix_set_system_io
                0x00400454        0xc CMakeFiles\paneldue.elf.dir\src\ASF\sam\drivers\matrix\matrix.c.obj
                0x00400454                matrix_set_system_io
 .text.pio_get  0x00400460       0x18 CMakeFiles\paneldue.elf.dir\src\ASF\sam\drivers\pio\pio.c.obj
                0x00400460                pio_get
 .text.pio_set_peripheral
                0x00400478       0x7c CMakeFiles\paneldue.elf.dir\src\ASF\sam\drivers\pio\pio.c.obj
                0x00400478                pio_set_peripheral
 .text.pio_configure
                0x004004f4       0xa8 CMakeFiles\paneldue.elf.dir\src\ASF\sam\drivers\pio\pio.c.obj
                0x004004f4                pio_configure
 .text.pio_enable_output_write
                0x0040059c        0x8 CMakeFiles\paneldue.elf.dir\src\ASF\sam\drivers\pio\pio.c.obj
                0x0040059c                pio_enable_output_write
 .text.pio_get_interrupt_status
                0x004005a4        0x4 CMakeFiles\paneldue.elf.dir\src\ASF\sam\drivers\pio\pio.c.obj
                0x004005a4                pio_get_interrupt_status
 .text.pio_get_interrupt_mask
                0x004005a8        0x4 CMakeFiles\paneldue.elf.dir\src\ASF\sam\drivers\pio\pio.c.obj
                0x004005a8                pio_get_interrupt_mask
 .text.pio_handler_process
                0x004005ac       0x7c CMakeFiles\paneldue.elf.dir\src\ASF\sam\drivers\pio\pio_handler.c.obj
                0x004005ac                pio_handler_process
 .text.PIOA_Handler
                0x00400628       0x10 CMakeFiles\paneldue.elf.dir\src\ASF\sam\drivers\pio\pio_handler.c.obj
                0x00400628                PIOA_Handler
 .text.PIOB_Handler
                0x00400638       0x10 CMakeFiles\paneldue.elf.dir\src\ASF\sam\drivers\pio\pio_handler.c.obj
                0x00400638                PIOB_Handler
 .text.pmc_switch_mck_to_pllack
                0x00400648       0x5c CMakeFiles\paneldue.elf.dir\src\ASF\sam\drivers\pmc\pmc.c.obj
                0x00400648                pmc_switch_mck_to_pllack
 .text.pmc_switch_mainck_to_xtal
                0x004006a4       0x50 CMakeFiles\paneldue.elf.dir\src\ASF\sam\drivers\pmc\pmc.c.obj
                0x004006a4                pmc_switch_mainck_to_xtal
 .text.pmc_osc_is_ready_mainck
                0x004006f4       0x10 CMakeFiles\paneldue.elf.dir\src\ASF\sam\drivers\pmc\pmc.c.obj
                0x004006f4                pmc_osc_is_ready_mainck
 .text.pmc_disable_pllack
                0x00400704       0x10 CMakeFiles\paneldue.elf.dir\src\ASF\sam\drivers\pmc\pmc.c.obj
                0x00400704                pmc_disable_pllack
 .text.pmc_is_locked_pllack
                0x00400714       0x10 CMakeFiles\paneldue.elf.dir\src\ASF\sam\drivers\pmc\pmc.c.obj
                0x00400714                pmc_is_locked_pllack
 .text.pmc_enable_periph_clk
                0x00400724       0x40 CMakeFiles\paneldue.elf.dir\src\ASF\sam\drivers\pmc\pmc.c.obj
                0x00400724                pmc_enable_periph_clk
 .text.pwm_clocks_generate
                0x00400764       0x58 CMakeFiles\paneldue.elf.dir\src\ASF\sam\drivers\pwm\pwm.c.obj
 .text.pwm_init
                0x004007bc       0x44 CMakeFiles\paneldue.elf.dir\src\ASF\sam\drivers\pwm\pwm.c.obj
                0x004007bc                pwm_init
 .text.pwm_channel_init
                0x00400800       0xe8 CMakeFiles\paneldue.elf.dir\src\ASF\sam\drivers\pwm\pwm.c.obj
                0x00400800                pwm_channel_init
 .text.pwm_channel_enable
                0x004008e8        0x8 CMakeFiles\paneldue.elf.dir\src\ASF\sam\drivers\pwm\pwm.c.obj
                0x004008e8                pwm_channel_enable
 .text.pwm_channel_disable
                0x004008f0        0x8 CMakeFiles\paneldue.elf.dir\src\ASF\sam\drivers\pwm\pwm.c.obj
                0x004008f0                pwm_channel_disable
 .text.rstc_start_software_reset
                0x004008f8        0xc CMakeFiles\paneldue.elf.dir\src\ASF\sam\drivers\rstc\rstc.c.obj
                0x004008f8                rstc_start_software_reset
 .text.rstc_get_reset_cause
                0x00400904        0x8 CMakeFiles\paneldue.elf.dir\src\ASF\sam\drivers\rstc\rstc.c.obj
                0x00400904                rstc_get_reset_cause
 .text.uart_init
                0x0040090c       0x3c CMakeFiles\paneldue.elf.dir\src\ASF\sam\drivers\uart\uart.c.obj
                0x0040090c                uart_init
 .text.uart_enable_interrupt
                0x00400948        0x4 CMakeFiles\paneldue.elf.dir\src\ASF\sam\drivers\uart\uart.c.obj
                0x00400948                uart_enable_interrupt
 .text.uart_disable_interrupt
                0x0040094c        0x4 CMakeFiles\paneldue.elf.dir\src\ASF\sam\drivers\uart\uart.c.obj
                0x0040094c                uart_disable_interrupt
 .text.uart_write
                0x00400950       0x10 CMakeFiles\paneldue.elf.dir\src\ASF\sam\drivers\uart\uart.c.obj
                0x00400950                uart_write
 .text.wdt_init
                0x00400960       0x1c CMakeFiles\paneldue.elf.dir\src\ASF\sam\drivers\wdt\wdt.c.obj
                0x00400960                wdt_init
 .text.wdt_restart
                0x0040097c       0x18 CMakeFiles\paneldue.elf.dir\src\ASF\sam\drivers\wdt\wdt.c.obj
                0x0040097c                wdt_restart
 .text.flash_unlock
                0x00400994       0x5c CMakeFiles\paneldue.elf.dir\src\ASF\sam\services\flash_efc\flash_efc.c.obj
                0x00400994                flash_unlock
 .text.flash_clear_gpnvm
                0x004009f0       0x48 CMakeFiles\paneldue.elf.dir\src\ASF\sam\services\flash_efc\flash_efc.c.obj
                0x004009f0                flash_clear_gpnvm
 .text.flash_read_user_signature
                0x00400a38       0x2c CMakeFiles\paneldue.elf.dir\src\ASF\sam\services\flash_efc\flash_efc.c.obj
                0x00400a38                flash_read_user_signature
 .text.flash_write_user_signature
                0x00400a64       0x58 CMakeFiles\paneldue.elf.dir\src\ASF\sam\services\flash_efc\flash_efc.c.obj
                0x00400a64                flash_write_user_signature
 .text.flash_erase_user_signature
                0x00400abc       0x14 CMakeFiles\paneldue.elf.dir\src\ASF\sam\services\flash_efc\flash_efc.c.obj
                0x00400abc                flash_erase_user_signature
 .text._ZN11FileManager7FileSetC2EPKcjb
                0x00400ad0       0x60 CMakeFiles\paneldue.elf.dir\src\FileManager.cpp.obj
                0x00400ad0                FileManager::FileSet::FileSet(char const*, unsigned int, bool)
                0x00400ad0                FileManager::FileSet::FileSet(char const*, unsigned int, bool)
 .text._ZN11FileManager7FileSet20ReloadMacroShortListEi
                0x00400b30       0x8c CMakeFiles\paneldue.elf.dir\src\FileManager.cpp.obj
                0x00400b30                FileManager::FileSet::ReloadMacroShortList(int)
 .text._ZNK11FileManager7FileSet10IsInSubdirEv
                0x00400bbc       0x94 CMakeFiles\paneldue.elf.dir\src\FileManager.cpp.obj
                0x00400bbc                FileManager::FileSet::IsInSubdir() const
 .text._ZN11FileManager7FileSet15FileListUpdatedEv
                0x00400c50      0x148 CMakeFiles\paneldue.elf.dir\src\FileManager.cpp.obj
                0x00400c50                FileManager::FileSet::FileListUpdated()
 .text._ZN11FileManager7FileSet16RequestParentDirEv
                0x00400d98       0xf0 CMakeFiles\paneldue.elf.dir\src\FileManager.cpp.obj
                0x00400d98                FileManager::FileSet::RequestParentDir()
 .text._ZN11FileManager7FileSet13RequestSubdirEPKc
                0x00400e88       0xdc CMakeFiles\paneldue.elf.dir\src\FileManager.cpp.obj
                0x00400e88                FileManager::FileSet::RequestSubdir(char const*)
 .text._ZN11FileManager15BeginNewMessageEv
                0x00400f64       0x24 CMakeFiles\paneldue.elf.dir\src\FileManager.cpp.obj
                0x00400f64                FileManager::BeginNewMessage()
 .text._ZN11FileManager18EndReceivedMessageEv
                0x00400f88      0x210 CMakeFiles\paneldue.elf.dir\src\FileManager.cpp.obj
                0x00400f88                FileManager::EndReceivedMessage()
 .text._ZN11FileManager19BeginReceivingFilesEv
                0x00401198       0x60 CMakeFiles\paneldue.elf.dir\src\FileManager.cpp.obj
                0x00401198                FileManager::BeginReceivingFiles()
 .text._ZN11FileManager11ReceiveFileEPKc
                0x004011f8       0x8c CMakeFiles\paneldue.elf.dir\src\FileManager.cpp.obj
                0x004011f8                FileManager::ReceiveFile(char const*)
 .text._ZN11FileManager20ReceiveDirectoryNameEPKc
                0x00401284       0x20 CMakeFiles\paneldue.elf.dir\src\FileManager.cpp.obj
                0x00401284                FileManager::ReceiveDirectoryName(char const*)
 .text._ZN11FileManager16ReceiveErrorCodeEi
                0x004012a4       0x18 CMakeFiles\paneldue.elf.dir\src\FileManager.cpp.obj
                0x004012a4                FileManager::ReceiveErrorCode(int)
 .text._ZN11FileManager16DisplayFilesListEv
                0x004012bc       0x6c CMakeFiles\paneldue.elf.dir\src\FileManager.cpp.obj
                0x004012bc                FileManager::DisplayFilesList()
 .text._ZN11FileManager17DisplayMacrosListEv
                0x00401328       0x6c CMakeFiles\paneldue.elf.dir\src\FileManager.cpp.obj
                0x00401328                FileManager::DisplayMacrosList()
 .text._ZN11FileManager11ScrollFilesEi
                0x00401394       0x1c CMakeFiles\paneldue.elf.dir\src\FileManager.cpp.obj
                0x00401394                FileManager::ScrollFiles(int)
 .text._ZN11FileManager12ScrollMacrosEi
                0x004013b0       0x1c CMakeFiles\paneldue.elf.dir\src\FileManager.cpp.obj
                0x004013b0                FileManager::ScrollMacros(int)
 .text._ZN11FileManager18RequestFilesSubdirEPKc
                0x004013cc       0x10 CMakeFiles\paneldue.elf.dir\src\FileManager.cpp.obj
                0x004013cc                FileManager::RequestFilesSubdir(char const*)
 .text._ZN11FileManager19RequestMacrosSubdirEPKc
                0x004013dc       0x10 CMakeFiles\paneldue.elf.dir\src\FileManager.cpp.obj
                0x004013dc                FileManager::RequestMacrosSubdir(char const*)
 .text._ZN11FileManager21RequestFilesParentDirEv
                0x004013ec       0x10 CMakeFiles\paneldue.elf.dir\src\FileManager.cpp.obj
                0x004013ec                FileManager::RequestFilesParentDir()
 .text._ZN11FileManager22RequestMacrosParentDirEv
                0x004013fc       0x10 CMakeFiles\paneldue.elf.dir\src\FileManager.cpp.obj
                0x004013fc                FileManager::RequestMacrosParentDir()
 .text._ZN11FileManager11GetFilesDirEv
                0x0040140c        0x8 CMakeFiles\paneldue.elf.dir\src\FileManager.cpp.obj
                0x0040140c                FileManager::GetFilesDir()
 .text._ZN11FileManager12GetMacrosDirEv
                0x00401414        0x8 CMakeFiles\paneldue.elf.dir\src\FileManager.cpp.obj
                0x00401414                FileManager::GetMacrosDir()
 .text._ZN11FileManager16GetMacrosRootDirEv
                0x0040141c        0xc CMakeFiles\paneldue.elf.dir\src\FileManager.cpp.obj
                0x0040141c                FileManager::GetMacrosRootDir()
 .text._ZN11FileManager16RefreshFilesListEv
                0x00401428       0x4c CMakeFiles\paneldue.elf.dir\src\FileManager.cpp.obj
                0x00401428                FileManager::RefreshFilesList()
 .text._ZN11FileManager17RefreshMacrosListEv
                0x00401474       0x4c CMakeFiles\paneldue.elf.dir\src\FileManager.cpp.obj
                0x00401474                FileManager::RefreshMacrosList()
 .text._ZN11FileManager13ProcessTimersEv
                0x004014c0       0x24 CMakeFiles\paneldue.elf.dir\src\FileManager.cpp.obj
                0x004014c0                FileManager::ProcessTimers()
 .text._ZN11FileManager13SetNumVolumesEj
                0x004014e4       0x10 CMakeFiles\paneldue.elf.dir\src\FileManager.cpp.obj
                0x004014e4                FileManager::SetNumVolumes(unsigned int)
 .text._ZN11FileManager23FirmwareFeaturesChangedEv
                0x004014f4       0x48 CMakeFiles\paneldue.elf.dir\src\FileManager.cpp.obj
                0x004014f4                FileManager::FirmwareFeaturesChanged()
 .text._ZN6StringILj100EE6printfEPKcz
                0x0040153c       0x28 CMakeFiles\paneldue.elf.dir\src\FileManager.cpp.obj
                0x0040153c                String<100u>::printf(char const*, ...)
 .text._ZN11FileManager7FileSet10SelectCardEj.part.0
                0x00401564       0xfc CMakeFiles\paneldue.elf.dir\src\FileManager.cpp.obj
 .text._ZN11FileManager8NextCardEv
                0x00401660       0x30 CMakeFiles\paneldue.elf.dir\src\FileManager.cpp.obj
                0x00401660                FileManager::NextCard()
 .text.startup._GLOBAL__sub_I__ZN11FileManager9filesRootE
                0x00401690       0x80 CMakeFiles\paneldue.elf.dir\src\FileManager.cpp.obj
 .text._ZNK9FlashData7IsValidEv
                0x00401710       0x54 CMakeFiles\paneldue.elf.dir\src\FlashData.cpp.obj
                0x00401710                FlashData::IsValid() const
 .text._ZN9FlashData11SetDefaultsEv
                0x00401764       0x50 CMakeFiles\paneldue.elf.dir\src\FlashData.cpp.obj
                0x00401764                FlashData::SetDefaults()
 .text._ZN9FlashData4LoadEv
                0x004017b4       0x10 CMakeFiles\paneldue.elf.dir\src\FlashData.cpp.obj
                0x004017b4                FlashData::Load()
 .text._ZNK9FlashData4SaveEv
                0x004017c4       0x1c CMakeFiles\paneldue.elf.dir\src\FlashData.cpp.obj
                0x004017c4                FlashData::Save() const
 .text._ZN9FlashData12IsSaveNeededEv
                0x004017e0       0x6c CMakeFiles\paneldue.elf.dir\src\FlashData.cpp.obj
                0x004017e0                FlashData::IsSaveNeeded()
 .text._ZN9FlashData15SetColourSchemeEh
                0x0040184c       0x14 CMakeFiles\paneldue.elf.dir\src\FlashData.cpp.obj
                0x0040184c                FlashData::SetColourScheme(unsigned char)
 .text._ZN9FlashData11SetLanguageEh
                0x00401860       0x14 CMakeFiles\paneldue.elf.dir\src\FlashData.cpp.obj
                0x00401860                FlashData::SetLanguage(unsigned char)
 .text.startup._GLOBAL__sub_I_nvData
                0x00401874       0x28 CMakeFiles\paneldue.elf.dir\src\FlashData.cpp.obj
 .text._ZN9BacklightC2EP13pwm_channel_tmmmmmm
                0x0040189c       0x74 CMakeFiles\paneldue.elf.dir\src\Hardware\Backlight.cpp.obj
                0x0040189c                Backlight::Backlight(pwm_channel_t*, unsigned long, unsigned long, unsigned long, unsigned long, unsigned long, unsigned long)
                0x0040189c                Backlight::Backlight(pwm_channel_t*, unsigned long, unsigned long, unsigned long, unsigned long, unsigned long, unsigned long)
 .text._ZN9Backlight16UpdateBrightnessEm
                0x00401910       0x54 CMakeFiles\paneldue.elf.dir\src\Hardware\Backlight.cpp.obj
                0x00401910                Backlight::UpdateBrightness(unsigned long)
 .text._ZN9Backlight8SetStateE14BacklightState
                0x00401964       0x34 CMakeFiles\paneldue.elf.dir\src\Hardware\Backlight.cpp.obj
                0x00401964                Backlight::SetState(BacklightState)
 .text._ZN6Buzzer4InitEv
                0x00401998       0x2c CMakeFiles\paneldue.elf.dir\src\Hardware\Buzzer.cpp.obj
                0x00401998                Buzzer::Init()
 .text._ZN6Buzzer4BeepEmmm
                0x004019c4       0xd4 CMakeFiles\paneldue.elf.dir\src\Hardware\Buzzer.cpp.obj
                0x004019c4                Buzzer::Beep(unsigned long, unsigned long, unsigned long)
 .text._ZN6Buzzer4TickEv
                0x00401a98       0x4c CMakeFiles\paneldue.elf.dir\src\Hardware\Buzzer.cpp.obj
                0x00401a98                Buzzer::Tick()
 .text._ZN6Buzzer5NoisyEv
                0x00401ae4       0x10 CMakeFiles\paneldue.elf.dir\src\Hardware\Buzzer.cpp.obj
                0x00401ae4                Buzzer::Noisy()
 .text._Z10InitMemoryv
                0x00401af4       0x40 CMakeFiles\paneldue.elf.dir\src\Hardware\Mem.cpp.obj
                0x00401af4                InitMemory()
 .text._Znwj    0x00401b34       0x24 CMakeFiles\paneldue.elf.dir\src\Hardware\Mem.cpp.obj
                0x00401b34                operator new(unsigned int)
 .text._Z13GetFreeMemoryv
                0x00401b58       0x10 CMakeFiles\paneldue.elf.dir\src\Hardware\Mem.cpp.obj
                0x00401b58                GetFreeMemory()
 .text._ZN10OneBitPortC2Ej
                0x00401b68       0x24 CMakeFiles\paneldue.elf.dir\src\Hardware\OneBitPort.cpp.obj
                0x00401b68                OneBitPort::OneBitPort(unsigned int)
                0x00401b68                OneBitPort::OneBitPort(unsigned int)
 .text._ZNK10OneBitPort7setModeENS_8PortModeE
                0x00401b8c       0x34 CMakeFiles\paneldue.elf.dir\src\Hardware\OneBitPort.cpp.obj
                0x00401b8c                OneBitPort::setMode(OneBitPort::PortMode) const
 .text._ZN10OneBitPort5delayEh
                0x00401bc0        0xc CMakeFiles\paneldue.elf.dir\src\Hardware\OneBitPort.cpp.obj
                0x00401bc0                OneBitPort::delay(unsigned char)
 .text.Reset    0x00401bcc       0x10 CMakeFiles\paneldue.elf.dir\src\Hardware\Reset.cpp.obj
                0x00401bcc                Reset
 .text.EraseAndReset
                0x00401bdc       0x70 CMakeFiles\paneldue.elf.dir\src\Hardware\Reset.cpp.obj
                0x00401bdc                EraseAndReset
 .text._ZN8SerialIoL12RemoveLastIdEv
                0x00401c4c       0x38 CMakeFiles\paneldue.elf.dir\src\Hardware\SerialIo.cpp.obj
 .text._ZN8SerialIoL12ProcessFieldEv
                0x00401c84       0x60 CMakeFiles\paneldue.elf.dir\src\Hardware\SerialIo.cpp.obj
 .text._ZN8SerialIoL19SendCharAndChecksumEc
                0x00401ce4       0x58 CMakeFiles\paneldue.elf.dir\src\Hardware\SerialIo.cpp.obj
 .text._ZN12function_refIFbcEE11callback_fnIZN8SerialIo8SendCharEcEUlcE_EEbPvc
                0x00401d3c       0x24 CMakeFiles\paneldue.elf.dir\src\Hardware\SerialIo.cpp.obj
 .text._ZN8SerialIoL8EndArrayEv
                0x00401d60       0x54 CMakeFiles\paneldue.elf.dir\src\Hardware\SerialIo.cpp.obj
 .text._ZN8SerialIoL19CheckValueCompletedEcb
                0x00401db4      0x160 CMakeFiles\paneldue.elf.dir\src\Hardware\SerialIo.cpp.obj
 .text._ZN8SerialIo4InitEmPNS_11SerialIoCbsE
                0x00401f14       0x88 CMakeFiles\paneldue.elf.dir\src\Hardware\SerialIo.cpp.obj
                0x00401f14                SerialIo::Init(unsigned long, SerialIo::SerialIoCbs*)
 .text._ZN8SerialIo11SetBaudRateEm
                0x00401f9c       0x10 CMakeFiles\paneldue.elf.dir\src\Hardware\SerialIo.cpp.obj
                0x00401f9c                SerialIo::SetBaudRate(unsigned long)
 .text._ZN8SerialIo5SendfEPKcz
                0x00401fac       0x34 CMakeFiles\paneldue.elf.dir\src\Hardware\SerialIo.cpp.obj
                0x00401fac                SerialIo::Sendf(char const*, ...)
 .text._ZN8SerialIo8SendCharEc
                0x00401fe0      0x140 CMakeFiles\paneldue.elf.dir\src\Hardware\SerialIo.cpp.obj
                0x00401fe0                SerialIo::SendChar(char)
 .text._ZN12function_refIFbcEE11callback_fnIZN8SerialIo5SendfEPKczEUlcE_EEbPvc
                0x00402120       0x18 CMakeFiles\paneldue.elf.dir\src\Hardware\SerialIo.cpp.obj
 .text._ZN8SerialIo12SendFilenameEPKcS1_
                0x00402138       0x5c CMakeFiles\paneldue.elf.dir\src\Hardware\SerialIo.cpp.obj
                0x00402138                SerialIo::SendFilename(char const*, char const*)
 .text._ZN8SerialIo10CheckInputEv
                0x00402194      0x774 CMakeFiles\paneldue.elf.dir\src\Hardware\SerialIo.cpp.obj
                0x00402194                SerialIo::CheckInput()
 .text._ZN8SerialIo11receiveCharEc
                0x00402908       0x48 CMakeFiles\paneldue.elf.dir\src\Hardware\SerialIo.cpp.obj
                0x00402908                SerialIo::receiveChar(char)
 .text.UART0_Handler
                0x00402950       0x38 CMakeFiles\paneldue.elf.dir\src\Hardware\SerialIo.cpp.obj
                0x00402950                UART0_Handler
 .text.startup._GLOBAL__sub_I__ZN8SerialIo8numCharsE
                0x00402988       0x24 CMakeFiles\paneldue.elf.dir\src\Hardware\SerialIo.cpp.obj
 .text._ZN10SystemTick12GetTickCountEv
                0x004029ac        0xc CMakeFiles\paneldue.elf.dir\src\Hardware\SysTick.cpp.obj
                0x004029ac                SystemTick::GetTickCount()
 .text.SysTick_Handler
                0x004029b8       0x30 CMakeFiles\paneldue.elf.dir\src\Hardware\SysTick.cpp.obj
                0x004029b8                SysTick_Handler
 .text._ZN4UTFTC2E11DisplayTypejjjjj
                0x004029e8       0xcc CMakeFiles\paneldue.elf.dir\src\Hardware\UTFT.cpp.obj
                0x004029e8                UTFT::UTFT(DisplayType, unsigned int, unsigned int, unsigned int, unsigned int, unsigned int)
                0x004029e8                UTFT::UTFT(DisplayType, unsigned int, unsigned int, unsigned int, unsigned int, unsigned int)
 .text._ZN4UTFT14setOrientationE18DisplayOrientationbb
                0x00402ab4       0xa4 CMakeFiles\paneldue.elf.dir\src\Hardware\UTFT.cpp.obj
                0x00402ab4                UTFT::setOrientation(DisplayOrientation, bool, bool)
 .text._ZN4UTFT5setXYEtttt
                0x00402b58      0x26c CMakeFiles\paneldue.elf.dir\src\Hardware\UTFT.cpp.obj
                0x00402b58                UTFT::setXY(unsigned short, unsigned short, unsigned short, unsigned short)
 .text._ZN4UTFT7InitLCDE18DisplayOrientationbb
                0x00402dc4      0xb5c CMakeFiles\paneldue.elf.dir\src\Hardware\UTFT.cpp.obj
                0x00402dc4                UTFT::InitLCD(DisplayOrientation, bool, bool)
 .text._ZN4UTFT10fillCircleEiii
                0x00403920      0x270 CMakeFiles\paneldue.elf.dir\src\Hardware\UTFT.cpp.obj
                0x00403920                UTFT::fillCircle(int, int, int)
 .text._ZN4UTFT7fillScrEtt
                0x00403b90       0x8c CMakeFiles\paneldue.elf.dir\src\Hardware\UTFT.cpp.obj
                0x00403b90                UTFT::fillScr(unsigned short, unsigned short)
 .text._ZN4UTFT9drawPixelEii
                0x00403c1c       0x50 CMakeFiles\paneldue.elf.dir\src\Hardware\UTFT.cpp.obj
                0x00403c1c                UTFT::drawPixel(int, int)
 .text._ZN4UTFT9drawHLineEiii
                0x00403c6c       0x64 CMakeFiles\paneldue.elf.dir\src\Hardware\UTFT.cpp.obj
                0x00403c6c                UTFT::drawHLine(int, int, int)
 .text._ZN4UTFT13fillRoundRectEiiiith
                0x00403cd0      0x138 CMakeFiles\paneldue.elf.dir\src\Hardware\UTFT.cpp.obj
                0x00403cd0                UTFT::fillRoundRect(int, int, int, int, unsigned short, unsigned char)
 .text._ZN4UTFT9drawVLineEiii
                0x00403e08       0x6c CMakeFiles\paneldue.elf.dir\src\Hardware\UTFT.cpp.obj
                0x00403e08                UTFT::drawVLine(int, int, int)
 .text._ZN4UTFT8drawRectEiiii
                0x00403e74       0x68 CMakeFiles\paneldue.elf.dir\src\Hardware\UTFT.cpp.obj
                0x00403e74                UTFT::drawRect(int, int, int, int)
 .text._ZN4UTFT13drawRoundRectEiiii
                0x00403edc       0xc0 CMakeFiles\paneldue.elf.dir\src\Hardware\UTFT.cpp.obj
                0x00403edc                UTFT::drawRoundRect(int, int, int, int)
 .text._ZN4UTFT8fillRectEiiiith
                0x00403f9c       0xb8 CMakeFiles\paneldue.elf.dir\src\Hardware\UTFT.cpp.obj
                0x00403f9c                UTFT::fillRect(int, int, int, int, unsigned short, unsigned char)
 .text._ZN4UTFT8drawLineEiiii
                0x00404054      0x164 CMakeFiles\paneldue.elf.dir\src\Hardware\UTFT.cpp.obj
                0x00404054                UTFT::drawLine(int, int, int, int)
 .text._ZN4UTFT10setTextPosEttt
                0x004041b8       0x2c CMakeFiles\paneldue.elf.dir\src\Hardware\UTFT.cpp.obj
                0x004041b8                UTFT::setTextPos(unsigned short, unsigned short, unsigned short)
 .text._ZN4UTFT6printfEPKcz
                0x004041e4       0x34 CMakeFiles\paneldue.elf.dir\src\Hardware\UTFT.cpp.obj
                0x004041e4                UTFT::printf(char const*, ...)
 .text._ZN4UTFT13clearToMarginEv
                0x00404218       0xa8 CMakeFiles\paneldue.elf.dir\src\Hardware\UTFT.cpp.obj
                0x00404218                UTFT::clearToMargin()
 .text._ZN4UTFT11writeNativeEt
                0x004042c0      0x314 CMakeFiles\paneldue.elf.dir\src\Hardware\UTFT.cpp.obj
                0x004042c0                UTFT::writeNative(unsigned short)
 .text._ZN4UTFT5writeEh
                0x004045d4       0xc4 CMakeFiles\paneldue.elf.dir\src\Hardware\UTFT.cpp.obj
                0x004045d4                UTFT::write(unsigned char)
 .text._ZN12function_refIFbcEE11callback_fnIZN4UTFT6printfEPKczEUlcE_EEbPvc
                0x00404698       0x20 CMakeFiles\paneldue.elf.dir\src\Hardware\UTFT.cpp.obj
 .text._ZN4UTFT7setFontEPKh
                0x004046b8       0x24 CMakeFiles\paneldue.elf.dir\src\Hardware\UTFT.cpp.obj
                0x004046b8                UTFT::setFont(unsigned char const*)
 .text._ZN4UTFT12drawBitmap16EiiiiPKtib
                0x004046dc      0x154 CMakeFiles\paneldue.elf.dir\src\Hardware\UTFT.cpp.obj
                0x004046dc                UTFT::drawBitmap16(int, int, int, int, unsigned short const*, int, bool)
 .text._ZN4UTFT20drawBitmapRgbaStreamEiiiiiPKmj
                0x00404830       0xb8 CMakeFiles\paneldue.elf.dir\src\Hardware\UTFT.cpp.obj
                0x00404830                UTFT::drawBitmapRgbaStream(int, int, int, int, int, unsigned long const*, unsigned int)
 .text._ZN4UTFT11drawBitmap4EiiiiPKhPKtib
                0x004048e8      0x17c CMakeFiles\paneldue.elf.dir\src\Hardware\UTFT.cpp.obj
                0x004048e8                UTFT::drawBitmap4(int, int, int, int, unsigned char const*, unsigned short const*, int, bool)
 .text._ZN4UTFT31drawCompressedBitmapBottomToTopEiiiiPKt
                0x00404a64      0x11c CMakeFiles\paneldue.elf.dir\src\Hardware\UTFT.cpp.obj
                0x00404a64                UTFT::drawCompressedBitmapBottomToTop(int, int, int, int, unsigned short const*)
 .text._ZN6UTouchC2Ejjjjj
                0x00404b80       0x34 CMakeFiles\paneldue.elf.dir\src\Hardware\UTouch.cpp.obj
                0x00404b80                UTouch::UTouch(unsigned int, unsigned int, unsigned int, unsigned int, unsigned int)
                0x00404b80                UTouch::UTouch(unsigned int, unsigned int, unsigned int, unsigned int, unsigned int)
 .text._ZN6UTouch4initEtt18DisplayOrientation
                0x00404bb4       0x84 CMakeFiles\paneldue.elf.dir\src\Hardware\UTouch.cpp.obj
                0x00404bb4                UTouch::init(unsigned short, unsigned short, DisplayOrientation)
 .text._ZN6UTouch14touch_ReadDataEh
                0x00404c38       0x68 CMakeFiles\paneldue.elf.dir\src\Hardware\UTouch.cpp.obj
                0x00404c38                UTouch::touch_ReadData(unsigned char)
 .text._ZN6UTouch12getTouchDataEbRt
                0x00404ca0       0xf0 CMakeFiles\paneldue.elf.dir\src\Hardware\UTouch.cpp.obj
                0x00404ca0                UTouch::getTouchData(bool, unsigned short&)
 .text._ZN6UTouch4readERtS0_RbPtS2_
                0x00404d90      0x140 CMakeFiles\paneldue.elf.dir\src\Hardware\UTouch.cpp.obj
                0x00404d90                UTouch::read(unsigned short&, unsigned short&, bool&, unsigned short*, unsigned short*)
 .text._ZN6UTouch9calibrateEttttt
                0x00404ed0       0x54 CMakeFiles\paneldue.elf.dir\src\Hardware\UTouch.cpp.obj
                0x00404ed0                UTouch::calibrate(unsigned short, unsigned short, unsigned short, unsigned short, unsigned short)
 .text._Z23SkipDigitsAndUnderscorePKc
                0x00404f24       0x24 CMakeFiles\paneldue.elf.dir\src\Library\Misc.cpp.obj
                0x00404f24                SkipDigitsAndUnderscore(char const*)
 .text._ZL11qoi_read_32PKhPi
                0x00404f48       0x30 CMakeFiles\paneldue.elf.dir\src\Library\Thumbnail.cpp.obj
 .text.qoi_decode_header
                0x00404f78       0xb4 CMakeFiles\paneldue.elf.dir\src\Library\Thumbnail.cpp.obj
                0x00404f78                qoi_decode_header
 .text.qoi_decode_body
                0x0040502c      0x258 CMakeFiles\paneldue.elf.dir\src\Library\Thumbnail.cpp.obj
                0x0040502c                qoi_decode_body
 .text.qoi_decode_body_last
                0x00405284       0xa8 CMakeFiles\paneldue.elf.dir\src\Library\Thumbnail.cpp.obj
                0x00405284                qoi_decode_body_last
 .text.qoi_decode_chunked
                0x0040532c       0x70 CMakeFiles\paneldue.elf.dir\src\Library\Thumbnail.cpp.obj
                0x0040532c                qoi_decode_chunked
 .text._Z16ThumbnailIsValidR9Thumbnail
                0x0040539c       0x18 CMakeFiles\paneldue.elf.dir\src\Library\Thumbnail.cpp.obj
                0x0040539c                ThumbnailIsValid(Thumbnail&)
 .text._Z20ThumbnailDataIsValidR13ThumbnailData
                0x004053b4        0xc CMakeFiles\paneldue.elf.dir\src\Library\Thumbnail.cpp.obj
                0x004053b4                ThumbnailDataIsValid(ThumbnailData&)
 .text._Z13ThumbnailInitR9Thumbnail
                0x004053c0       0x20 CMakeFiles\paneldue.elf.dir\src\Library\Thumbnail.cpp.obj
                0x004053c0                ThumbnailInit(Thumbnail&)
 .text._Z20ThumbnailDecodeChunkR9ThumbnailR13ThumbnailDataPFbRKS_mPK10qoi_rgba_tjE
                0x004053e0       0xe8 CMakeFiles\paneldue.elf.dir\src\Library\Thumbnail.cpp.obj
                0x004053e0                ThumbnailDecodeChunk(Thumbnail&, ThumbnailData&, bool (*)(Thumbnail const&, unsigned long, qoi_rgba_t const*, unsigned int))
 .text._ZN2OM7GetAxisEj
                0x004054c8       0x3c CMakeFiles\paneldue.elf.dir\src\ObjectModel\Axis.cpp.obj
                0x004054c8                OM::GetAxis(unsigned int)
 .text._ZN2OM16IterateAxesWhileE12function_refIFbRPNS_4AxisEjEEj
                0x00405504       0x40 CMakeFiles\paneldue.elf.dir\src\ObjectModel\Axis.cpp.obj
                0x00405504                OM::IterateAxesWhile(function_ref<bool (OM::Axis*&, unsigned int)>, unsigned int)
 .text._ZN2OM10RemoveAxisEjb
                0x00405544       0xa0 CMakeFiles\paneldue.elf.dir\src\ObjectModel\Axis.cpp.obj
                0x00405544                OM::RemoveAxis(unsigned int, bool)
 .text._Z11GetOrCreateI6VectorIPN2OM4AxisELj15EES2_EPT0_RT_jb
                0x004055e4      0x118 CMakeFiles\paneldue.elf.dir\src\ObjectModel\Axis.cpp.obj
                0x004055e4                OM::Axis* GetOrCreate<Vector<OM::Axis*, 15u>, OM::Axis>(Vector<OM::Axis*, 15u>&, unsigned int, bool)
 .text._ZN2OM15GetOrCreateAxisEj
                0x004056fc       0x20 CMakeFiles\paneldue.elf.dir\src\ObjectModel\Axis.cpp.obj
                0x004056fc                OM::GetOrCreateAxis(unsigned int)
 .text.startup._GLOBAL__sub_I__ZN2OM4Axis5ResetEv
                0x0040571c        0xc CMakeFiles\paneldue.elf.dir\src\ObjectModel\Axis.cpp.obj
 .text._Z11GetOrCreateI6VectorIPN2OM12BedOrChamberELj7EES2_EPT0_RT_jb.part.0
                0x00405728       0xc0 CMakeFiles\paneldue.elf.dir\src\ObjectModel\BedOrChamber.cpp.obj
 .text._ZN2OM6GetBedEj
                0x004057e8       0x34 CMakeFiles\paneldue.elf.dir\src\ObjectModel\BedOrChamber.cpp.obj
                0x004057e8                OM::GetBed(unsigned int)
 .text._ZN2OM14GetOrCreateBedEj
                0x0040581c       0x44 CMakeFiles\paneldue.elf.dir\src\ObjectModel\BedOrChamber.cpp.obj
                0x0040581c                OM::GetOrCreateBed(unsigned int)
 .text._ZN2OM11GetFirstBedEv
                0x00405860       0x34 CMakeFiles\paneldue.elf.dir\src\ObjectModel\BedOrChamber.cpp.obj
                0x00405860                OM::GetFirstBed()
 .text._ZN2OM11GetBedCountEv
                0x00405894        0xc CMakeFiles\paneldue.elf.dir\src\ObjectModel\BedOrChamber.cpp.obj
                0x00405894                OM::GetBedCount()
 .text._ZN2OM16IterateBedsWhileE12function_refIFbRPNS_12BedOrChamberEjEEj
                0x004058a0       0x40 CMakeFiles\paneldue.elf.dir\src\ObjectModel\BedOrChamber.cpp.obj
                0x004058a0                OM::IterateBedsWhile(function_ref<bool (OM::BedOrChamber*&, unsigned int)>, unsigned int)
 .text._ZN2OM10GetChamberEj
                0x004058e0       0x34 CMakeFiles\paneldue.elf.dir\src\ObjectModel\BedOrChamber.cpp.obj
                0x004058e0                OM::GetChamber(unsigned int)
 .text._ZN2OM18GetOrCreateChamberEj
                0x00405914       0x44 CMakeFiles\paneldue.elf.dir\src\ObjectModel\BedOrChamber.cpp.obj
                0x00405914                OM::GetOrCreateChamber(unsigned int)
 .text._ZN2OM15GetFirstChamberEv
                0x00405958       0x34 CMakeFiles\paneldue.elf.dir\src\ObjectModel\BedOrChamber.cpp.obj
                0x00405958                OM::GetFirstChamber()
 .text._ZN2OM15GetChamberCountEv
                0x0040598c        0xc CMakeFiles\paneldue.elf.dir\src\ObjectModel\BedOrChamber.cpp.obj
                0x0040598c                OM::GetChamberCount()
 .text._ZN2OM20IterateChambersWhileE12function_refIFbRPNS_12BedOrChamberEjEEj
                0x00405998       0x40 CMakeFiles\paneldue.elf.dir\src\ObjectModel\BedOrChamber.cpp.obj
                0x00405998                OM::IterateChambersWhile(function_ref<bool (OM::BedOrChamber*&, unsigned int)>, unsigned int)
 .text._Z6RemoveI6VectorIPN2OM12BedOrChamberELj7EES2_EjRT_jb
                0x004059d8       0x94 CMakeFiles\paneldue.elf.dir\src\ObjectModel\BedOrChamber.cpp.obj
                0x004059d8                unsigned int Remove<Vector<OM::BedOrChamber*, 7u>, OM::BedOrChamber>(Vector<OM::BedOrChamber*, 7u>&, unsigned int, bool)
 .text._ZN2OM9RemoveBedEjb
                0x00405a6c       0x18 CMakeFiles\paneldue.elf.dir\src\ObjectModel\BedOrChamber.cpp.obj
                0x00405a6c                OM::RemoveBed(unsigned int, bool)
 .text._ZN2OM13RemoveChamberEjb
                0x00405a84       0x18 CMakeFiles\paneldue.elf.dir\src\ObjectModel\BedOrChamber.cpp.obj
                0x00405a84                OM::RemoveChamber(unsigned int, bool)
 .text.startup._GLOBAL__sub_I__ZN2OM12BedOrChamber5ResetEv
                0x00405a9c       0x14 CMakeFiles\paneldue.elf.dir\src\ObjectModel\BedOrChamber.cpp.obj
 .text._ZN2OM10GetSpindleEj
                0x00405ab0       0x34 CMakeFiles\paneldue.elf.dir\src\ObjectModel\Spindle.cpp.obj
                0x00405ab0                OM::GetSpindle(unsigned int)
 .text._ZN2OM18GetOrCreateSpindleEj
                0x00405ae4       0xec CMakeFiles\paneldue.elf.dir\src\ObjectModel\Spindle.cpp.obj
                0x00405ae4                OM::GetOrCreateSpindle(unsigned int)
 .text._ZN2OM13RemoveSpindleEjb
                0x00405bd0       0x98 CMakeFiles\paneldue.elf.dir\src\ObjectModel\Spindle.cpp.obj
                0x00405bd0                OM::RemoveSpindle(unsigned int, bool)
 .text.startup._GLOBAL__sub_I__ZN2OM7Spindle5ResetEv
                0x00405c68        0xc CMakeFiles\paneldue.elf.dir\src\ObjectModel\Spindle.cpp.obj
 .text._ZN2OM4Tool17GetOrCreateHeaterEh
                0x00405c74       0x3c CMakeFiles\paneldue.elf.dir\src\ObjectModel\Tool.cpp.obj
                0x00405c74                OM::Tool::GetOrCreateHeater(unsigned char)
 .text._ZN2OM4Tool14GetHeaterTempsERK9StringRefb
                0x00405cb0       0x60 CMakeFiles\paneldue.elf.dir\src\ObjectModel\Tool.cpp.obj
                0x00405cb0                OM::Tool::GetHeaterTemps(StringRef const&, bool)
 .text._ZN2OM4Tool14IterateHeatersE12function_refIFvPNS_10ToolHeaterEjEEj
                0x00405d10       0x30 CMakeFiles\paneldue.elf.dir\src\ObjectModel\Tool.cpp.obj
                0x00405d10                OM::Tool::IterateHeaters(function_ref<void (OM::ToolHeater*, unsigned int)>, unsigned int)
 .text._ZN2OM4Tool17RemoveHeatersFromEh
                0x00405d40       0x3c CMakeFiles\paneldue.elf.dir\src\ObjectModel\Tool.cpp.obj
                0x00405d40                OM::Tool::RemoveHeatersFrom(unsigned char)
 .text._ZN2OM4Tool10UpdateTempEhlb
                0x00405d7c       0x58 CMakeFiles\paneldue.elf.dir\src\ObjectModel\Tool.cpp.obj
                0x00405d7c                OM::Tool::UpdateTemp(unsigned char, long, bool)
 .text._ZN2OM7GetToolEj
                0x00405dd4       0x34 CMakeFiles\paneldue.elf.dir\src\ObjectModel\Tool.cpp.obj
                0x00405dd4                OM::GetTool(unsigned int)
 .text._ZN2OM15GetOrCreateToolEj
                0x00405e08      0x10c CMakeFiles\paneldue.elf.dir\src\ObjectModel\Tool.cpp.obj
                0x00405e08                OM::GetOrCreateTool(unsigned int)
 .text._ZN2OM17IterateToolsWhileE12function_refIFbRPNS_4ToolEjEEj
                0x00405f14       0x40 CMakeFiles\paneldue.elf.dir\src\ObjectModel\Tool.cpp.obj
                0x00405f14                OM::IterateToolsWhile(function_ref<bool (OM::Tool*&, unsigned int)>, unsigned int)
 .text._ZN2OM10RemoveToolEjb
                0x00405f54       0xb8 CMakeFiles\paneldue.elf.dir\src\ObjectModel\Tool.cpp.obj
                0x00405f54                OM::RemoveTool(unsigned int, bool)
 .text.startup._GLOBAL__sub_I__ZN2OM10ToolHeater5ResetEv
                0x0040600c        0xc CMakeFiles\paneldue.elf.dir\src\ObjectModel\Tool.cpp.obj
 .text._ZN12function_refIFvPN2OM10ToolHeaterEjEE11callback_fnIZZNS0_14GetHeaterSlotsEjR6VectorIhLj7EEbbbENKUlRPNS0_4ToolEjE1_clESB_jEUlS2_jE_EEvPvS2_j
                0x00406018       0x28 CMakeFiles\paneldue.elf.dir\src\ObjectModel\Utils.cpp.obj
 .text._ZN12function_refIFbRPN2OM4ToolEjEE11callback_fnIZNS0_14GetHeaterSlotsEjR6VectorIhLj7EEbbbEUlS3_jE1_EEbPvS3_j
                0x00406040       0x78 CMakeFiles\paneldue.elf.dir\src\ObjectModel\Utils.cpp.obj
 .text._ZN12function_refIFbRPN2OM12BedOrChamberEjEE11callback_fnIZNS0_14GetHeaterSlotsEjR6VectorIhLj7EEbbbEUlS3_jE0_EEbPvS3_j
                0x004060b8       0x3c CMakeFiles\paneldue.elf.dir\src\ObjectModel\Utils.cpp.obj
 .text._ZN12function_refIFbRPN2OM12BedOrChamberEjEE11callback_fnIZNS0_14GetHeaterSlotsEjR6VectorIhLj7EEbbbEUlS3_jE_EEbPvS3_j
                0x004060f4       0x3c CMakeFiles\paneldue.elf.dir\src\ObjectModel\Utils.cpp.obj
 .text._ZN2OM14GetHeaterSlotsEjR6VectorIhLj7EEbbb
                0x00406130       0x88 CMakeFiles\paneldue.elf.dir\src\ObjectModel\Utils.cpp.obj
                0x00406130                OM::GetHeaterSlots(unsigned int, Vector<unsigned char, 7u>&, bool, bool, bool)
 .text._ZL22ParserErrorEncounterediPKci
                0x004061b8       0x28 CMakeFiles\paneldue.elf.dir\src\PanelDue.cpp.obj
 .text._Z7compareI15FieldTableEntryEiPKvS2_
                0x004061e0        0xc CMakeFiles\paneldue.elf.dir\src\PanelDue.cpp.obj
                0x004061e0                int compare<FieldTableEntry>(void const*, void const*)
 .text._Z7compareI22ControlCommandMapEntryEiPKvS2_
                0x004061ec        0xc CMakeFiles\paneldue.elf.dir\src\PanelDue.cpp.obj
                0x004061ec                int compare<ControlCommandMapEntry>(void const*, void const*)
 .text._Z7compareIN2OM18ToolStatusMapEntryEEiPKvS3_
                0x004061f8        0xc CMakeFiles\paneldue.elf.dir\src\PanelDue.cpp.obj
                0x004061f8                int compare<OM::ToolStatusMapEntry>(void const*, void const*)
 .text._Z7compareIN2OM21PrinterStatusMapEntryEEiPKvS3_
                0x00406204        0xc CMakeFiles\paneldue.elf.dir\src\PanelDue.cpp.obj
                0x00406204                int compare<OM::PrinterStatusMapEntry>(void const*, void const*)
 .text._Z7compareIN2OM20SpindleStateMapEntryEEiPKvS3_
                0x00406210        0xc CMakeFiles\paneldue.elf.dir\src\PanelDue.cpp.obj
                0x00406210                int compare<OM::SpindleStateMapEntry>(void const*, void const*)
 .text._Z7compareIN2OM20HeaterStatusMapEntryEEiPKvS3_
                0x0040621c        0xc CMakeFiles\paneldue.elf.dir\src\PanelDue.cpp.obj
                0x0040621c                int compare<OM::HeaterStatusMapEntry>(void const*, void const*)
 .text._ZL15ProcessArrayEndPKcPKj
                0x00406228      0x1a4 CMakeFiles\paneldue.elf.dir\src\PanelDue.cpp.obj
 .text._ZL18EndReceivedMessagev
                0x004063cc      0x144 CMakeFiles\paneldue.elf.dir\src\PanelDue.cpp.obj
 .text._ZL20StartReceivedMessagev
                0x00406510       0xa8 CMakeFiles\paneldue.elf.dir\src\PanelDue.cpp.obj
 .text._ZL10GetIntegerPKcRl.part.0
                0x004065b8       0x74 CMakeFiles\paneldue.elf.dir\src\PanelDue.cpp.obj
 .text._ZL9Reconnectv
                0x0040662c       0x98 CMakeFiles\paneldue.elf.dir\src\PanelDue.cpp.obj
 .text._Z19GetFirmwareFeaturesv
                0x004066c4        0xc CMakeFiles\paneldue.elf.dir\src\PanelDue.cpp.obj
                0x004066c4                GetFirmwareFeatures()
 .text._Z14CondStripDrivePKc
                0x004066d0       0x20 CMakeFiles\paneldue.elf.dir\src\PanelDue.cpp.obj
                0x004066d0                CondStripDrive(char const*)
 .text._Z5Delaym
                0x004066f0       0x18 CMakeFiles\paneldue.elf.dir\src\PanelDue.cpp.obj
                0x004066f0                Delay(unsigned long)
 .text._Z16IsPrintingStatusN2OM13PrinterStatusE
                0x00406708       0x14 CMakeFiles\paneldue.elf.dir\src\PanelDue.cpp.obj
                0x00406708                IsPrintingStatus(OM::PrinterStatus)
 .text._Z15PrintInProgressv
                0x0040671c       0x1c CMakeFiles\paneldue.elf.dir\src\PanelDue.cpp.obj
                0x0040671c                PrintInProgress()
 .text._Z9GetStatusv
                0x00406738        0xc CMakeFiles\paneldue.elf.dir\src\PanelDue.cpp.obj
                0x00406738                GetStatus()
 .text._Z9TouchBeepv
                0x00406744       0x18 CMakeFiles\paneldue.elf.dir\src\PanelDue.cpp.obj
                0x00406744                TouchBeep()
 .text._Z9ErrorBeepv
                0x0040675c       0x28 CMakeFiles\paneldue.elf.dir\src\PanelDue.cpp.obj
                0x0040675c                ErrorBeep()
 .text._Z12DoTouchCalibttttbRt
                0x00406784       0xd8 CMakeFiles\paneldue.elf.dir\src\PanelDue.cpp.obj
                0x00406784                DoTouchCalib(unsigned short, unsigned short, unsigned short, unsigned short, bool, unsigned short&)
 .text._Z13MirrorDisplayv
                0x0040685c       0x28 CMakeFiles\paneldue.elf.dir\src\PanelDue.cpp.obj
                0x0040685c                MirrorDisplay()
 .text._Z13InvertDisplayv
                0x00406884       0x28 CMakeFiles\paneldue.elf.dir\src\PanelDue.cpp.obj
                0x00406884                InvertDisplay()
 .text._Z11SetBaudRatem
                0x004068ac       0x10 CMakeFiles\paneldue.elf.dir\src\PanelDue.cpp.obj
                0x004068ac                SetBaudRate(unsigned long)
 .text._Z13SetBrightnessi
                0x004068bc       0x44 CMakeFiles\paneldue.elf.dir\src\PanelDue.cpp.obj
                0x004068bc                SetBrightness(int)
 .text._Z21CurrentAlertModeClearv
                0x00406900        0xc CMakeFiles\paneldue.elf.dir\src\PanelDue.cpp.obj
                0x00406900                CurrentAlertModeClear()
 .text._Z12FactoryResetv
                0x0040690c       0x64 CMakeFiles\paneldue.elf.dir\src\PanelDue.cpp.obj
                0x0040690c                FactoryReset()
 .text._Z12SaveSettingsv
                0x00406970       0x30 CMakeFiles\paneldue.elf.dir\src\PanelDue.cpp.obj
                0x00406970                SaveSettings()
 .text._Z25HandleOutOfBufferResponsev
                0x004069a0       0xa8 CMakeFiles\paneldue.elf.dir\src\PanelDue.cpp.obj
                0x004069a0                HandleOutOfBufferResponse()
 .text._ZL20ProcessReceivedValue9StringRefPKcPKj
                0x00406a48     0x11f4 CMakeFiles\paneldue.elf.dir\src\PanelDue.cpp.obj
 .text.__cxa_pure_virtual
                0x00407c3c        0x4 CMakeFiles\paneldue.elf.dir\src\PanelDue.cpp.obj
                0x00407c3c                __cxa_pure_virtual
 .text.startup._GLOBAL__sub_I_lcd
                0x00407c40       0xa4 CMakeFiles\paneldue.elf.dir\src\PanelDue.cpp.obj
 .text._Z14CalibrateTouchv
                0x00407ce4      0x11c CMakeFiles\paneldue.elf.dir\src\PanelDue.cpp.obj
                0x00407ce4                CalibrateTouch()
 .text.startup.main
                0x00407e00      0x92c CMakeFiles\paneldue.elf.dir\src\PanelDue.cpp.obj
                0x00407e00                main
 .text._ZN12RequestTimerC2EmPKcS1_
                0x0040872c       0x24 CMakeFiles\paneldue.elf.dir\src\RequestTimer.cpp.obj
                0x0040872c                RequestTimer::RequestTimer(unsigned long, char const*, char const*)
                0x0040872c                RequestTimer::RequestTimer(unsigned long, char const*, char const*)
 .text._ZN12RequestTimer7ProcessEv
                0x00408750       0x68 CMakeFiles\paneldue.elf.dir\src\RequestTimer.cpp.obj
                0x00408750                RequestTimer::Process()
 .text._ZN12DisplayField10CheckEventEttRiR11ButtonPress
                0x004087b8        0x4 CMakeFiles\paneldue.elf.dir\src\UI\Display.cpp.obj
                0x004087b8                DisplayField::CheckEvent(unsigned short, unsigned short, int&, ButtonPress&)
 .text._ZNK12DisplayField8IsButtonEv
                0x004087bc        0x4 CMakeFiles\paneldue.elf.dir\src\UI\Display.cpp.obj
                0x004087bc                DisplayField::IsButton() const
 .text._ZNK12DisplayField9IsVisibleEv
                0x004087c0        0x8 CMakeFiles\paneldue.elf.dir\src\UI\Display.cpp.obj
                0x004087c0                DisplayField::IsVisible() const
 .text._ZNK12DisplayField8GetEventEv
                0x004087c8        0x4 CMakeFiles\paneldue.elf.dir\src\UI\Display.cpp.obj
                0x004087c8                DisplayField::GetEvent() const
 .text._ZNK6Window4XposEv
                0x004087cc        0x4 CMakeFiles\paneldue.elf.dir\src\UI\Display.cpp.obj
                0x004087cc                Window::Xpos() const
 .text._ZNK6Window4YposEv
                0x004087d0        0x4 CMakeFiles\paneldue.elf.dir\src\UI\Display.cpp.obj
                0x004087d0                Window::Ypos() const
 .text._ZNK11PopupWindow4XposEv
                0x004087d4        0x4 CMakeFiles\paneldue.elf.dir\src\UI\Display.cpp.obj
                0x004087d4                PopupWindow::Xpos() const
 .text._ZNK11PopupWindow4YposEv
                0x004087d8        0x4 CMakeFiles\paneldue.elf.dir\src\UI\Display.cpp.obj
                0x004087d8                PopupWindow::Ypos() const
 .text._ZNK19ColourGradientField9GetHeightEv
                0x004087dc        0x4 CMakeFiles\paneldue.elf.dir\src\UI\Display.cpp.obj
                0x004087dc                ColourGradientField::GetHeight() const
 .text._ZNK10ButtonBase8GetEventEv
                0x004087e0        0x8 CMakeFiles\paneldue.elf.dir\src\UI\Display.cpp.obj
                0x004087e0                ButtonBase::GetEvent() const
 .text._ZNK10ButtonBase9GetSParamEj
                0x004087e8        0x4 CMakeFiles\paneldue.elf.dir\src\UI\Display.cpp.obj
                0x004087e8                ButtonBase::GetSParam(unsigned int) const
 .text._ZNK12SingleButton8IsButtonEv
                0x004087ec        0x4 CMakeFiles\paneldue.elf.dir\src\UI\Display.cpp.obj
                0x004087ec                SingleButton::IsButton() const
 .text._ZNK12SingleButton9GetSParamEj
                0x004087f0        0x4 CMakeFiles\paneldue.elf.dir\src\UI\Display.cpp.obj
                0x004087f0                SingleButton::GetSParam(unsigned int) const
 .text._ZNK12SingleButton9GetIParamEj
                0x004087f4        0x4 CMakeFiles\paneldue.elf.dir\src\UI\Display.cpp.obj
                0x004087f4                SingleButton::GetIParam(unsigned int) const
 .text._ZNK13CharButtonRow9GetIParamEj
                0x004087f8        0x8 CMakeFiles\paneldue.elf.dir\src\UI\Display.cpp.obj
                0x004087f8                CharButtonRow::GetIParam(unsigned int) const
 .text._ZNK10TextButton9IsVisibleEv
                0x00408800       0x10 CMakeFiles\paneldue.elf.dir\src\UI\Display.cpp.obj
                0x00408800                TextButton::IsVisible() const
 .text._ZNK10IconButton9GetHeightEv
                0x00408810       0x18 CMakeFiles\paneldue.elf.dir\src\UI\Display.cpp.obj
                0x00408810                IconButton::GetHeight() const
 .text._ZNK11ProgressBar9GetHeightEv
                0x00408828        0x4 CMakeFiles\paneldue.elf.dir\src\UI\Display.cpp.obj
                0x00408828                ProgressBar::GetHeight() const
 .text._ZNK10DrawDirect9GetHeightEv
                0x0040882c        0x4 CMakeFiles\paneldue.elf.dir\src\UI\Display.cpp.obj
                0x0040882c                DrawDirect::GetHeight() const
 .text._ZNK10MainWindow8ContainsEtttt
                0x00408830        0x4 CMakeFiles\paneldue.elf.dir\src\UI\Display.cpp.obj
                0x00408830                MainWindow::Contains(unsigned short, unsigned short, unsigned short, unsigned short) const
 .text._ZNK11PopupWindow8ContainsEtttt
                0x00408834       0x3c CMakeFiles\paneldue.elf.dir\src\UI\Display.cpp.obj
                0x00408834                PopupWindow::Contains(unsigned short, unsigned short, unsigned short, unsigned short) const
 .text._ZNK13FieldWithText9GetHeightEv
                0x00408870       0x28 CMakeFiles\paneldue.elf.dir\src\UI\Display.cpp.obj
                0x00408870                FieldWithText::GetHeight() const
 .text._ZN12SingleButton5PressEbi
                0x00408898       0x18 CMakeFiles\paneldue.elf.dir\src\UI\Display.cpp.obj
                0x00408898                SingleButton::Press(bool, int)
 .text._ZNK14ButtonWithText9GetHeightEv
                0x004088b0       0x24 CMakeFiles\paneldue.elf.dir\src\UI\Display.cpp.obj
                0x004088b0                ButtonWithText::GetHeight() const
 .text._ZNK17ButtonRowWithText9GetHeightEv
                0x004088d4       0x24 CMakeFiles\paneldue.elf.dir\src\UI\Display.cpp.obj
                0x004088d4                ButtonRowWithText::GetHeight() const
 .text._ZN13CharButtonRow5PressEbi
                0x004088f8        0xc CMakeFiles\paneldue.elf.dir\src\UI\Display.cpp.obj
                0x004088f8                CharButtonRow::Press(bool, int)
 .text._ZN10DrawDirect7RefreshEbtt
                0x00408904       0x1c CMakeFiles\paneldue.elf.dir\src\UI\Display.cpp.obj
                0x00408904                DrawDirect::Refresh(bool, unsigned short, unsigned short)
 .text._ZNK9TextField9PrintTextEv
                0x00408920       0x30 CMakeFiles\paneldue.elf.dir\src\UI\Display.cpp.obj
                0x00408920                TextField::PrintText() const
 .text._ZNK10FloatField9PrintTextEv
                0x00408950       0x58 CMakeFiles\paneldue.elf.dir\src\UI\Display.cpp.obj
                0x00408950                FloatField::PrintText() const
 .text._ZNK12IntegerField9PrintTextEv
                0x004089a8       0x40 CMakeFiles\paneldue.elf.dir\src\UI\Display.cpp.obj
                0x004089a8                IntegerField::PrintText() const
 .text._ZNK15StaticTextField9PrintTextEv
                0x004089e8       0x1c CMakeFiles\paneldue.elf.dir\src\UI\Display.cpp.obj
                0x004089e8                StaticTextField::PrintText() const
 .text._ZNK10TextButton9PrintTextEj
                0x00408a04       0x28 CMakeFiles\paneldue.elf.dir\src\UI\Display.cpp.obj
                0x00408a04                TextButton::PrintText(unsigned int) const
 .text._ZNK13IntegerButton9PrintTextEj
                0x00408a2c       0x44 CMakeFiles\paneldue.elf.dir\src\UI\Display.cpp.obj
                0x00408a2c                IntegerButton::PrintText(unsigned int) const
 .text._ZN11ProgressBar7RefreshEbtt
                0x00408a70      0x180 CMakeFiles\paneldue.elf.dir\src\UI\Display.cpp.obj
                0x00408a70                ProgressBar::Refresh(bool, unsigned short, unsigned short)
 .text._ZNK13CharButtonRow9PrintTextEj
                0x00408bf0       0x14 CMakeFiles\paneldue.elf.dir\src\UI\Display.cpp.obj
                0x00408bf0                CharButtonRow::PrintText(unsigned int) const
 .text._ZNK19TextButtonWithLabel9IsVisibleEv
                0x00408c04       0x20 CMakeFiles\paneldue.elf.dir\src\UI\Display.cpp.obj
                0x00408c04                TextButtonWithLabel::IsVisible() const
 .text._ZN19ColourGradientField7RefreshEbtt
                0x00408c24       0xf4 CMakeFiles\paneldue.elf.dir\src\UI\Display.cpp.obj
                0x00408c24                ColourGradientField::Refresh(bool, unsigned short, unsigned short)
 .text._ZN6Window10ClearPopupEbP11PopupWindow.part.0
                0x00408d18      0x10c CMakeFiles\paneldue.elf.dir\src\UI\Display.cpp.obj
 .text._ZN10ButtonBase10CheckEventEttRiR11ButtonPress
                0x00408e24       0x9c CMakeFiles\paneldue.elf.dir\src\UI\Display.cpp.obj
                0x00408e24                ButtonBase::CheckEvent(unsigned short, unsigned short, int&, ButtonPress&)
 .text._ZNK19TextButtonWithLabel9PrintTextEj
                0x00408ec0       0x38 CMakeFiles\paneldue.elf.dir\src\UI\Display.cpp.obj
                0x00408ec0                TextButtonWithLabel::PrintText(unsigned int) const
 .text._ZN13FieldWithText7RefreshEbtt
                0x00408ef8      0x1e8 CMakeFiles\paneldue.elf.dir\src\UI\Display.cpp.obj
                0x00408ef8                FieldWithText::Refresh(bool, unsigned short, unsigned short)
 .text._ZN13CharButtonRow10CheckEventEttRiR11ButtonPress
                0x004090e0      0x134 CMakeFiles\paneldue.elf.dir\src\UI\Display.cpp.obj
                0x004090e0                CharButtonRow::CheckEvent(unsigned short, unsigned short, int&, ButtonPress&)
 .text._ZN12DisplayFieldC2Ettt
                0x00409214       0x34 CMakeFiles\paneldue.elf.dir\src\UI\Display.cpp.obj
                0x00409214                DisplayField::DisplayField(unsigned short, unsigned short, unsigned short)
                0x00409214                DisplayField::DisplayField(unsigned short, unsigned short, unsigned short)
 .text._ZN12DisplayField11SetTextRowsEPKc
                0x00409248       0x30 CMakeFiles\paneldue.elf.dir\src\UI\Display.cpp.obj
                0x00409248                DisplayField::SetTextRows(char const*)
 .text._ZN12DisplayField19SetPositionAndWidthEtt
                0x00409278       0x1c CMakeFiles\paneldue.elf.dir\src\UI\Display.cpp.obj
                0x00409278                DisplayField::SetPositionAndWidth(unsigned short, unsigned short)
 .text._ZN12DisplayField11SetPositionEtt
                0x00409294       0x1c CMakeFiles\paneldue.elf.dir\src\UI\Display.cpp.obj
                0x00409294                DisplayField::SetPosition(unsigned short, unsigned short)
 .text._ZN12DisplayField17SetDefaultColoursEttttttPKt
                0x004092b0       0x4c CMakeFiles\paneldue.elf.dir\src\UI\Display.cpp.obj
                0x004092b0                DisplayField::SetDefaultColours(unsigned short, unsigned short, unsigned short, unsigned short, unsigned short, unsigned short, unsigned short const*)
 .text._ZN12DisplayField12GetTextWidthEPKct
                0x004092fc       0x48 CMakeFiles\paneldue.elf.dir\src\UI\Display.cpp.obj
                0x004092fc                DisplayField::GetTextWidth(char const*, unsigned short)
 .text._ZN12DisplayField12GetTextWidthEPKctj
                0x00409344       0x38 CMakeFiles\paneldue.elf.dir\src\UI\Display.cpp.obj
                0x00409344                DisplayField::GetTextWidth(char const*, unsigned short, unsigned int)
 .text._ZN12DisplayField4ShowEb
                0x0040937c       0x18 CMakeFiles\paneldue.elf.dir\src\UI\Display.cpp.obj
                0x0040937c                DisplayField::Show(bool)
 .text._ZN12DisplayField10SetColoursEtt
                0x00409394       0x1c CMakeFiles\paneldue.elf.dir\src\UI\Display.cpp.obj
                0x00409394                DisplayField::SetColours(unsigned short, unsigned short)
 .text._ZN11ButtonPressC2Ev
                0x004093b0        0x8 CMakeFiles\paneldue.elf.dir\src\UI\Display.cpp.obj
                0x004093b0                ButtonPress::ButtonPress()
                0x004093b0                ButtonPress::ButtonPress()
 .text._ZN11ButtonPressC2EP10ButtonBasej
                0x004093b8        0x8 CMakeFiles\paneldue.elf.dir\src\UI\Display.cpp.obj
                0x004093b8                ButtonPress::ButtonPress(ButtonBase*, unsigned int)
                0x004093b8                ButtonPress::ButtonPress(ButtonBase*, unsigned int)
 .text._ZN11ButtonPress5ClearEv
                0x004093c0        0x8 CMakeFiles\paneldue.elf.dir\src\UI\Display.cpp.obj
                0x004093c0                ButtonPress::Clear()
 .text._ZNK11ButtonPress8GetEventEv
                0x004093c8       0x18 CMakeFiles\paneldue.elf.dir\src\UI\Display.cpp.obj
                0x004093c8                ButtonPress::GetEvent() const
 .text._ZNK11ButtonPress9GetIParamEv
                0x004093e0        0xc CMakeFiles\paneldue.elf.dir\src\UI\Display.cpp.obj
                0x004093e0                ButtonPress::GetIParam() const
 .text._ZNK11ButtonPress9GetSParamEv
                0x004093ec        0xc CMakeFiles\paneldue.elf.dir\src\UI\Display.cpp.obj
                0x004093ec                ButtonPress::GetSParam() const
 .text._ZNK11ButtonPresseqERKS_
                0x004093f8       0x1c CMakeFiles\paneldue.elf.dir\src\UI\Display.cpp.obj
                0x004093f8                ButtonPress::operator==(ButtonPress const&) const
 .text._ZN6Window8AddFieldEP12DisplayField
                0x00409414        0xc CMakeFiles\paneldue.elf.dir\src\UI\Display.cpp.obj
                0x00409414                Window::AddField(DisplayField*)
 .text._ZNK6Window15ObscuredByPopupEPK12DisplayField
                0x00409420       0xc4 CMakeFiles\paneldue.elf.dir\src\UI\Display.cpp.obj
                0x00409420                Window::ObscuredByPopup(DisplayField const*) const
 .text._ZN11PopupWindow7RefreshEb
                0x004094e4      0x118 CMakeFiles\paneldue.elf.dir\src\UI\Display.cpp.obj
                0x004094e4                PopupWindow::Refresh(bool)
 .text._ZN10MainWindow7RefreshEb
                0x004095fc       0x70 CMakeFiles\paneldue.elf.dir\src\UI\Display.cpp.obj
                0x004095fc                MainWindow::Refresh(bool)
 .text._ZN6Window9FindEventEtt
                0x0040966c       0x8c CMakeFiles\paneldue.elf.dir\src\UI\Display.cpp.obj
                0x0040966c                Window::FindEvent(unsigned short, unsigned short)
 .text._ZN6Window21FindEventOutsidePopupEtt
                0x004096f8       0x88 CMakeFiles\paneldue.elf.dir\src\UI\Display.cpp.obj
                0x004096f8                Window::FindEventOutsidePopup(unsigned short, unsigned short)
 .text._ZN6Window8SetPopupEP11PopupWindowttbtt
                0x00409780       0x74 CMakeFiles\paneldue.elf.dir\src\UI\Display.cpp.obj
                0x00409780                Window::SetPopup(PopupWindow*, unsigned short, unsigned short, bool, unsigned short, unsigned short)
 .text._ZN6Window10ClearPopupEbP11PopupWindow
                0x004097f4       0x10 CMakeFiles\paneldue.elf.dir\src\UI\Display.cpp.obj
                0x004097f4                Window::ClearPopup(bool, PopupWindow*)
 .text._ZN6Window13IsPopupActiveEPK11PopupWindow
                0x00409804       0x1c CMakeFiles\paneldue.elf.dir\src\UI\Display.cpp.obj
                0x00409804                Window::IsPopupActive(PopupWindow const*)
 .text._ZN6Window6RedrawEP12DisplayField
                0x00409820       0xe8 CMakeFiles\paneldue.elf.dir\src\UI\Display.cpp.obj
                0x00409820                Window::Redraw(DisplayField*)
 .text._ZN6Window4ShowEP12DisplayFieldb
                0x00409908       0xe0 CMakeFiles\paneldue.elf.dir\src\UI\Display.cpp.obj
                0x00409908                Window::Show(DisplayField*, bool)
 .text._ZN6Window5PressE11ButtonPressb
                0x004099e8       0x3c CMakeFiles\paneldue.elf.dir\src\UI\Display.cpp.obj
                0x004099e8                Window::Press(ButtonPress, bool)
 .text._ZN10MainWindowC2Ev
                0x00409a24       0x14 CMakeFiles\paneldue.elf.dir\src\UI\Display.cpp.obj
                0x00409a24                MainWindow::MainWindow()
                0x00409a24                MainWindow::MainWindow()
 .text._ZN10MainWindow4InitEt
                0x00409a38        0x4 CMakeFiles\paneldue.elf.dir\src\UI\Display.cpp.obj
                0x00409a38                MainWindow::Init(unsigned short)
 .text._ZN10MainWindow14ClearAllPopupsEv
                0x00409a3c       0x20 CMakeFiles\paneldue.elf.dir\src\UI\Display.cpp.obj
                0x00409a3c                MainWindow::ClearAllPopups()
 .text._ZN11PopupWindowC2Ettttb
                0x00409a5c       0x24 CMakeFiles\paneldue.elf.dir\src\UI\Display.cpp.obj
                0x00409a5c                PopupWindow::PopupWindow(unsigned short, unsigned short, unsigned short, unsigned short, bool)
                0x00409a5c                PopupWindow::PopupWindow(unsigned short, unsigned short, unsigned short, unsigned short, bool)
 .text._ZNK10ButtonBase11DrawOutlineEttb
                0x00409a80       0x9c CMakeFiles\paneldue.elf.dir\src\UI\Display.cpp.obj
                0x00409a80                ButtonBase::DrawOutline(unsigned short, unsigned short, bool) const
 .text._ZN17ButtonRowWithText7RefreshEbtt
                0x00409b1c      0x110 CMakeFiles\paneldue.elf.dir\src\UI\Display.cpp.obj
                0x00409b1c                ButtonRowWithText::Refresh(bool, unsigned short, unsigned short)
 .text._ZN14ButtonWithText7RefreshEbtt
                0x00409c2c       0xe4 CMakeFiles\paneldue.elf.dir\src\UI\Display.cpp.obj
                0x00409c2c                ButtonWithText::Refresh(bool, unsigned short, unsigned short)
 .text._ZN10IconButton7RefreshEbtt
                0x00409d10       0x84 CMakeFiles\paneldue.elf.dir\src\UI\Display.cpp.obj
                0x00409d10                IconButton::Refresh(bool, unsigned short, unsigned short)
 .text._ZN18IconButtonWithText7RefreshEbtt
                0x00409d94      0x158 CMakeFiles\paneldue.elf.dir\src\UI\Display.cpp.obj
                0x00409d94                IconButtonWithText::Refresh(bool, unsigned short, unsigned short)
 .text._ZN12SingleButtonC2Ettt
                0x00409eec       0x68 CMakeFiles\paneldue.elf.dir\src\UI\Display.cpp.obj
                0x00409eec                SingleButton::SingleButton(unsigned short, unsigned short, unsigned short)
                0x00409eec                SingleButton::SingleButton(unsigned short, unsigned short, unsigned short)
 .text._ZN10TextButtonC2EtttPKchi
                0x00409f54       0xa0 CMakeFiles\paneldue.elf.dir\src\UI\Display.cpp.obj
                0x00409f54                TextButton::TextButton(unsigned short, unsigned short, unsigned short, char const*, unsigned char, int)
                0x00409f54                TextButton::TextButton(unsigned short, unsigned short, unsigned short, char const*, unsigned char, int)
 .text._ZN10TextButtonC2EtttPKchS1_
                0x00409ff4       0x78 CMakeFiles\paneldue.elf.dir\src\UI\Display.cpp.obj
                0x00409ff4                TextButton::TextButton(unsigned short, unsigned short, unsigned short, char const*, unsigned char, char const*)
                0x00409ff4                TextButton::TextButton(unsigned short, unsigned short, unsigned short, char const*, unsigned char, char const*)
 .text._ZN19TextButtonWithLabelC2EtttPKchS1_S1_
                0x0040a06c       0x7c CMakeFiles\paneldue.elf.dir\src\UI\Display.cpp.obj
                0x0040a06c                TextButtonWithLabel::TextButtonWithLabel(unsigned short, unsigned short, unsigned short, char const*, unsigned char, char const*, char const*)
                0x0040a06c                TextButtonWithLabel::TextButtonWithLabel(unsigned short, unsigned short, unsigned short, char const*, unsigned char, char const*, char const*)
 .text._ZN10IconButtonC2EtttPKhhi
                0x0040a0e8       0x78 CMakeFiles\paneldue.elf.dir\src\UI\Display.cpp.obj
                0x0040a0e8                IconButton::IconButton(unsigned short, unsigned short, unsigned short, unsigned char const*, unsigned char, int)
                0x0040a0e8                IconButton::IconButton(unsigned short, unsigned short, unsigned short, unsigned char const*, unsigned char, int)
 .text._ZN10IconButtonC2EtttPKhhPKc
                0x0040a160       0x78 CMakeFiles\paneldue.elf.dir\src\UI\Display.cpp.obj
                0x0040a160                IconButton::IconButton(unsigned short, unsigned short, unsigned short, unsigned char const*, unsigned char, char const*)
                0x0040a160                IconButton::IconButton(unsigned short, unsigned short, unsigned short, unsigned char const*, unsigned char, char const*)
 .text._ZN18IconButtonWithTextC2EtttPKhhPKcS3_
                0x0040a1d8       0x8c CMakeFiles\paneldue.elf.dir\src\UI\Display.cpp.obj
                0x0040a1d8                IconButtonWithText::IconButtonWithText(unsigned short, unsigned short, unsigned short, unsigned char const*, unsigned char, char const*, char const*)
                0x0040a1d8                IconButtonWithText::IconButtonWithText(unsigned short, unsigned short, unsigned short, unsigned char const*, unsigned char, char const*, char const*)
 .text._ZN18IconButtonWithTextC2EtttPKhhii
                0x0040a264       0x8c CMakeFiles\paneldue.elf.dir\src\UI\Display.cpp.obj
                0x0040a264                IconButtonWithText::IconButtonWithText(unsigned short, unsigned short, unsigned short, unsigned char const*, unsigned char, int, int)
                0x0040a264                IconButtonWithText::IconButtonWithText(unsigned short, unsigned short, unsigned short, unsigned char const*, unsigned char, int, int)
 .text._ZN13CharButtonRowC2EttttPKch
                0x0040a2f0       0x9c CMakeFiles\paneldue.elf.dir\src\UI\Display.cpp.obj
                0x0040a2f0                CharButtonRow::CharButtonRow(unsigned short, unsigned short, unsigned short, unsigned short, char const*, unsigned char)
                0x0040a2f0                CharButtonRow::CharButtonRow(unsigned short, unsigned short, unsigned short, unsigned short, char const*, unsigned char)
 .text._ZN13CharButtonRow10ChangeTextEPKc
                0x0040a38c       0x20 CMakeFiles\paneldue.elf.dir\src\UI\Display.cpp.obj
                0x0040a38c                CharButtonRow::ChangeText(char const*)
 .text._ZN10DrawDirect8DrawRectEttjPK10qoi_rgba_tj
                0x0040a3ac       0xb4 CMakeFiles\paneldue.elf.dir\src\UI\Display.cpp.obj
                0x0040a3ac                DrawDirect::DrawRect(unsigned short, unsigned short, unsigned int, qoi_rgba_t const*, unsigned int)
 .text._ZN10MessageLog14UpdateMessagesEb
                0x0040a460      0x1ac CMakeFiles\paneldue.elf.dir\src\UI\MessageLog.cpp.obj
                0x0040a460                MessageLog::UpdateMessages(bool)
 .text._ZN10MessageLog4InitEv
                0x0040a60c       0x20 CMakeFiles\paneldue.elf.dir\src\UI\MessageLog.cpp.obj
                0x0040a60c                MessageLog::Init()
 .text._ZN10MessageLog11SaveMessageEPKc
                0x0040a62c       0x24 CMakeFiles\paneldue.elf.dir\src\UI\MessageLog.cpp.obj
                0x0040a62c                MessageLog::SaveMessage(char const*)
 .text._ZN10MessageLog15BeginNewMessageEv
                0x0040a650        0xc CMakeFiles\paneldue.elf.dir\src\UI\MessageLog.cpp.obj
                0x0040a650                MessageLog::BeginNewMessage()
 .text._ZN10MessageLog14FindSplitPointEPKcjt
                0x0040a65c       0xac CMakeFiles\paneldue.elf.dir\src\UI\MessageLog.cpp.obj
                0x0040a65c                MessageLog::FindSplitPoint(char const*, unsigned int, unsigned short)
 .text._ZN10MessageLog13AppendMessageEPKc
                0x0040a708      0x110 CMakeFiles\paneldue.elf.dir\src\UI\MessageLog.cpp.obj
                0x0040a708                MessageLog::AppendMessage(char const*)
 .text._ZN10MessageLog17DisplayNewMessageEv
                0x0040a818       0x40 CMakeFiles\paneldue.elf.dir\src\UI\MessageLog.cpp.obj
                0x0040a818                MessageLog::DisplayNewMessage()
 .text._ZN10MessageLog14AppendMessageFEPKcz
                0x0040a858       0x3c CMakeFiles\paneldue.elf.dir\src\UI\MessageLog.cpp.obj
                0x0040a858                MessageLog::AppendMessageF(char const*, ...)
 .text.startup._GLOBAL__sub_I__ZN10MessageLog4InitEv
                0x0040a894        0xc CMakeFiles\paneldue.elf.dir\src\UI\MessageLog.cpp.obj
 .text._ZN10AlertPopup12ChangeLetterEj.part.0
                0x0040a8a0       0x60 CMakeFiles\paneldue.elf.dir\src\UI\Popup.cpp.obj
 .text._ZN19StandardPopupWindowC2EttttttPKct
                0x0040a900      0x100 CMakeFiles\paneldue.elf.dir\src\UI\Popup.cpp.obj
                0x0040a900                StandardPopupWindow::StandardPopupWindow(unsigned short, unsigned short, unsigned short, unsigned short, unsigned short, unsigned short, char const*, unsigned short)
                0x0040a900                StandardPopupWindow::StandardPopupWindow(unsigned short, unsigned short, unsigned short, unsigned short, unsigned short, unsigned short, char const*, unsigned short)
 .text._ZN10AlertPopup3SetEPKcS1_lm
                0x0040aa00      0x178 CMakeFiles\paneldue.elf.dir\src\UI\Popup.cpp.obj
                0x0040aa00                AlertPopup::Set(char const*, char const*, long, unsigned long)
 .text._ZN10AlertPopup12ChangeLetterEj
                0x0040ab78       0x10 CMakeFiles\paneldue.elf.dir\src\UI\Popup.cpp.obj
                0x0040ab78                AlertPopup::ChangeLetter(unsigned int)
 .text._ZN10AlertPopupC2ERK12ColourScheme
                0x0040ab88      0x380 CMakeFiles\paneldue.elf.dir\src\UI\Popup.cpp.obj
                0x0040ab88                AlertPopup::AlertPopup(ColourScheme const&)
                0x0040ab88                AlertPopup::AlertPopup(ColourScheme const&)
 .text._ZN12function_refIFbRPN2OM4AxisEjEE11callback_fnIZN2UI14UpdateAllHomedEvEUlS3_jE_EEbPvS3_j
                0x0040af08       0x18 CMakeFiles\paneldue.elf.dir\src\UI\UserInterface.cpp.obj
 .text._ZN12function_refIFbRPN2OM4ToolEjEE11callback_fnIZN2UI14SetSpindleToolEaaEUlS3_jE_EEbPvS3_j
                0x0040af20       0x14 CMakeFiles\paneldue.elf.dir\src\UI\UserInterface.cpp.obj
 .text._ZN2UI8ShowAxisEjbPKc.part.0
                0x0040af34       0xa0 CMakeFiles\paneldue.elf.dir\src\UI\UserInterface.cpp.obj
 .text._ZL22ThumbnailRefreshNotifybb
                0x0040afd4       0x60 CMakeFiles\paneldue.elf.dir\src\UI\UserInterface.cpp.obj
 .text._ZN12function_refIFbRPN2OM12BedOrChamberEjEE11callback_fnIZN2UI18UpdateHeaterStatusEjNS0_12HeaterStatusEEUlS3_jE_EEbPvS3_j
                0x0040b034       0x40 CMakeFiles\paneldue.elf.dir\src\UI\UserInterface.cpp.obj
 .text._ZN12function_refIFbRPN2OM12BedOrChamberEjEE11callback_fnIZN2UI18UpdateHeaterStatusEjNS0_12HeaterStatusEEUlS3_jE0_EEbPvS3_j
                0x0040b074       0x40 CMakeFiles\paneldue.elf.dir\src\UI\UserInterface.cpp.obj
 .text._ZN12function_refIFbRPN2OM4ToolEjEE11callback_fnIZN2UI16UpdateFanPercentEjiEUlS3_jE_EEbPvS3_j
                0x0040b0b4       0x5c CMakeFiles\paneldue.elf.dir\src\UI\UserInterface.cpp.obj
 .text._ZN12function_refIFbRPN2OM4ToolEjEE11callback_fnIZN2UI21UpdateExtrusionFactorEjiEUlS3_jE_EEbPvS3_j
                0x0040b110       0x50 CMakeFiles\paneldue.elf.dir\src\UI\UserInterface.cpp.obj
 .text._ZN12function_refIFbRPN2OM4ToolEjEE11callback_fnIZN2UI16SetSpindleActiveEjlEUlS3_jE_EEbPvS3_j
                0x0040b160       0x3c CMakeFiles\paneldue.elf.dir\src\UI\UserInterface.cpp.obj
 .text._ZN12function_refIFbRPN2OM4ToolEjEE11callback_fnIZN2UI20UpdateSpindleCurrentEPNS0_7SpindleEEUlS3_jE_EEbPvS3_j
                0x0040b19c       0x7c CMakeFiles\paneldue.elf.dir\src\UI\UserInterface.cpp.obj
 .text._ZL15PopupAreYouSure5EventPKcS1_
                0x0040b218       0x8c CMakeFiles\paneldue.elf.dir\src\UI\UserInterface.cpp.obj
 .text._ZN12function_refIFbRPN2OM4AxisEjEE11callback_fnIZN2UI14UpdateGeometryEjbEUlS3_jE_EEbPvS3_j
                0x0040b2a4      0x1b8 CMakeFiles\paneldue.elf.dir\src\UI\UserInterface.cpp.obj
 .text._Z21CreateStringButtonRowP6WindowttttjPKPKcS4_5EventibPP12DisplayField
                0x0040b45c      0x118 CMakeFiles\paneldue.elf.dir\src\UI\UserInterface.cpp.obj
                0x0040b45c                CreateStringButtonRow(Window*, unsigned short, unsigned short, unsigned short, unsigned short, unsigned int, char const* const*, char const* const*, Event, int, bool, DisplayField**)
 .text._Z17CreateIntPopupBarRK12ColourSchemetjPKPKcPKi5EventS8_
                0x0040b574       0xec CMakeFiles\paneldue.elf.dir\src\UI\UserInterface.cpp.obj
                0x0040b574                CreateIntPopupBar(ColourScheme const&, unsigned short, unsigned int, char const* const*, int const*, Event, Event)
 .text._Z11StripPrefixPKc
                0x0040b660       0x7c CMakeFiles\paneldue.elf.dir\src\UI\UserInterface.cpp.obj
                0x0040b660                StripPrefix(char const*)
 .text._Z19CreateFileListPopupR15FileListButtonsPP10TextButtonjjRK12ColourSchemebtt
                0x0040b6dc      0x390 CMakeFiles\paneldue.elf.dir\src\UI\UserInterface.cpp.obj
                0x0040b6dc                CreateFileListPopup(FileListButtons&, TextButton**, unsigned int, unsigned int, ColourScheme const&, bool, unsigned short, unsigned short)
 .text._ZN2UI15GetNumLanguagesEv
                0x0040ba6c        0x4 CMakeFiles\paneldue.elf.dir\src\UI\UserInterface.cpp.obj
                0x0040ba6c                UI::GetNumLanguages()
 .text._ZN2UI16InitColourSchemeEPK12ColourScheme
                0x0040ba70        0xc CMakeFiles\paneldue.elf.dir\src\UI\UserInterface.cpp.obj
                0x0040ba70                UI::InitColourScheme(ColourScheme const*)
 .text._ZN2UI12CreateFieldsEmRK12ColourSchemem
                0x0040ba7c     0x2760 CMakeFiles\paneldue.elf.dir\src\UI\UserInterface.cpp.obj
                0x0040ba7c                UI::CreateFields(unsigned long, ColourScheme const&, unsigned long)
 .text._ZN2UI15ShowFilesButtonEv
                0x0040e1dc       0x7c CMakeFiles\paneldue.elf.dir\src\UI\UserInterface.cpp.obj
                0x0040e1dc                UI::ShowFilesButton()
 .text._ZN2UI15ShowPauseButtonEv
                0x0040e258       0x78 CMakeFiles\paneldue.elf.dir\src\UI\UserInterface.cpp.obj
                0x0040e258                UI::ShowPauseButton()
 .text._ZN2UI26ShowResumeAndCancelButtonsEv
                0x0040e2d0       0x78 CMakeFiles\paneldue.elf.dir\src\UI\UserInterface.cpp.obj
                0x0040e2d0                UI::ShowResumeAndCancelButtons()
 .text._ZN2UI18UpdateAxisPositionEjf
                0x0040e348       0xb4 CMakeFiles\paneldue.elf.dir\src\UI\UserInterface.cpp.obj
                0x0040e348                UI::UpdateAxisPosition(unsigned int, float)
 .text._ZN2UI24UpdateCurrentTemperatureEjf
                0x0040e3fc       0x78 CMakeFiles\paneldue.elf.dir\src\UI\UserInterface.cpp.obj
                0x0040e3fc                UI::UpdateCurrentTemperature(unsigned int, float)
 .text._ZN2UI18UpdateHeaterStatusEjN2OM12HeaterStatusE
                0x0040e474      0x11c CMakeFiles\paneldue.elf.dir\src\UI\UserInterface.cpp.obj
                0x0040e474                UI::UpdateHeaterStatus(unsigned int, OM::HeaterStatus)
 .text._ZN2UI14SetCurrentToolEl
                0x0040e590       0x14 CMakeFiles\paneldue.elf.dir\src\UI\UserInterface.cpp.obj
                0x0040e590                UI::SetCurrentTool(long)
 .text._ZN2UI19ActivateScreensaverEv
                0x0040e5a4       0x58 CMakeFiles\paneldue.elf.dir\src\UI\UserInterface.cpp.obj
                0x0040e5a4                UI::ActivateScreensaver()
 .text._ZN2UI21DeactivateScreensaverEv
                0x0040e5fc       0x28 CMakeFiles\paneldue.elf.dir\src\UI\UserInterface.cpp.obj
                0x0040e5fc                UI::DeactivateScreensaver()
 .text._ZN2UI18AnimateScreensaverEv
                0x0040e624       0xc4 CMakeFiles\paneldue.elf.dir\src\UI\UserInterface.cpp.obj
                0x0040e624                UI::AnimateScreensaver()
 .text._ZN2UI10IsSetupTabEv
                0x0040e6e8       0x1c CMakeFiles\paneldue.elf.dir\src\UI\UserInterface.cpp.obj
                0x0040e6e8                UI::IsSetupTab()
 .text._ZN2UI4TickEv
                0x0040e704        0x4 CMakeFiles\paneldue.elf.dir\src\UI\UserInterface.cpp.obj
                0x0040e704                UI::Tick()
 .text._ZN2UI4SpinEv
                0x0040e708       0x8c CMakeFiles\paneldue.elf.dir\src\UI\UserInterface.cpp.obj
                0x0040e708                UI::Spin()
 .text._ZN2UI23PrintingFilenameChangedEPKc
                0x0040e794       0x64 CMakeFiles\paneldue.elf.dir\src\UI\UserInterface.cpp.obj
                0x0040e794                UI::PrintingFilenameChanged(char const*)
 .text._ZN2UI24LastJobFileNameAvailableEb
                0x0040e7f8       0x34 CMakeFiles\paneldue.elf.dir\src\UI\UserInterface.cpp.obj
                0x0040e7f8                UI::LastJobFileNameAvailable(bool)
 .text._ZN2UI20SetLastFileSimulatedEb
                0x0040e82c       0x4c CMakeFiles\paneldue.elf.dir\src\UI\UserInterface.cpp.obj
                0x0040e82c                UI::SetLastFileSimulated(bool)
 .text._ZN2UI20UpdatePrintingFieldsEv
                0x0040e878       0xac CMakeFiles\paneldue.elf.dir\src\UI\UserInterface.cpp.obj
                0x0040e878                UI::UpdatePrintingFields()
 .text._ZN2UI23SetPrintProgressPercentEj
                0x0040e924       0x1c CMakeFiles\paneldue.elf.dir\src\UI\UserInterface.cpp.obj
                0x0040e924                UI::SetPrintProgressPercent(unsigned int)
 .text._ZN2UI14UpdateGeometryEjb
                0x0040e940       0x90 CMakeFiles\paneldue.elf.dir\src\UI\UserInterface.cpp.obj
                0x0040e940                UI::UpdateGeometry(unsigned int, bool)
 .text._ZN2UI14UpdateAllHomedEv
                0x0040e9d0       0x6c CMakeFiles\paneldue.elf.dir\src\UI\UserInterface.cpp.obj
                0x0040e9d0                UI::UpdateAllHomed()
 .text._ZN2UI17UpdateHomedStatusEjb
                0x0040ea3c       0x58 CMakeFiles\paneldue.elf.dir\src\UI\UserInterface.cpp.obj
                0x0040ea3c                UI::UpdateHomedStatus(unsigned int, bool)
 .text._ZN2UI12UpdateZProbeEPKc
                0x0040ea94       0x30 CMakeFiles\paneldue.elf.dir\src\UI\UserInterface.cpp.obj
                0x0040ea94                UI::UpdateZProbe(char const*)
 .text._ZN2UI17UpdateMachineNameEPKc
                0x0040eac4       0x30 CMakeFiles\paneldue.elf.dir\src\UI\UserInterface.cpp.obj
                0x0040eac4                UI::UpdateMachineName(char const*)
 .text._ZN2UI8UpdateIPEPKc
                0x0040eaf4       0x30 CMakeFiles\paneldue.elf.dir\src\UI\UserInterface.cpp.obj
                0x0040eaf4                UI::UpdateIP(char const*)
 .text._ZN2UI16UpdateFanPercentEji
                0x0040eb24       0x68 CMakeFiles\paneldue.elf.dir\src\UI\UserInterface.cpp.obj
                0x0040eb24                UI::UpdateFanPercent(unsigned int, int)
 .text._ZN2UI14UpdateToolTempEjjlb
                0x0040eb8c       0x84 CMakeFiles\paneldue.elf.dir\src\UI\UserInterface.cpp.obj
                0x0040eb8c                UI::UpdateToolTemp(unsigned int, unsigned int, long, bool)
 .text._ZN2UI17UpdateTemperatureEjiPP13IntegerButton
                0x0040ec10       0x50 CMakeFiles\paneldue.elf.dir\src\UI\UserInterface.cpp.obj
                0x0040ec10                UI::UpdateTemperature(unsigned int, int, IntegerButton**)
 .text._ZN2UI23UpdateActiveTemperatureEji
                0x0040ec60       0x10 CMakeFiles\paneldue.elf.dir\src\UI\UserInterface.cpp.obj
                0x0040ec60                UI::UpdateActiveTemperature(unsigned int, int)
 .text._ZN2UI24UpdateStandbyTemperatureEji
                0x0040ec70       0x10 CMakeFiles\paneldue.elf.dir\src\UI\UserInterface.cpp.obj
                0x0040ec70                UI::UpdateStandbyTemperature(unsigned int, int)
 .text._ZN2UI21UpdateExtrusionFactorEji
                0x0040ec80       0x30 CMakeFiles\paneldue.elf.dir\src\UI\UserInterface.cpp.obj
                0x0040ec80                UI::UpdateExtrusionFactor(unsigned int, int)
 .text._ZN2UI18UpdateSpeedPercentEi
                0x0040ecb0       0x28 CMakeFiles\paneldue.elf.dir\src\UI\UserInterface.cpp.obj
                0x0040ecb0                UI::UpdateSpeedPercent(int)
 .text._ZN2UI12ProcessAlertERK5Alert
                0x0040ecd8       0x9c CMakeFiles\paneldue.elf.dir\src\UI\UserInterface.cpp.obj
                0x0040ecd8                UI::ProcessAlert(Alert const&)
 .text._ZN2UI10ClearAlertEv
                0x0040ed74       0x44 CMakeFiles\paneldue.elf.dir\src\UI\UserInterface.cpp.obj
                0x0040ed74                UI::ClearAlert()
 .text._ZN2UI13CanDimDisplayEv
                0x0040edb8       0x14 CMakeFiles\paneldue.elf.dir\src\UI\UserInterface.cpp.obj
                0x0040edb8                UI::CanDimDisplay()
 .text._ZN2UI18ProcessSimpleAlertEPKc
                0x0040edcc       0x84 CMakeFiles\paneldue.elf.dir\src\UI\UserInterface.cpp.obj
                0x0040edcc                UI::ProcessSimpleAlert(char const*)
 .text._ZN2UI19NewResponseReceivedEPKc
                0x0040ee50      0x11c CMakeFiles\paneldue.elf.dir\src\UI\UserInterface.cpp.obj
                0x0040ee50                UI::NewResponseReceived(char const*)
 .text._ZN2UI12FileSelectedEPKc
                0x0040ef6c       0xdc CMakeFiles\paneldue.elf.dir\src\UI\UserInterface.cpp.obj
                0x0040ef6c                UI::FileSelected(char const*)
 .text._ZN2UI25UpdateFileGeneratedByTextEPKc
                0x0040f048       0x30 CMakeFiles\paneldue.elf.dir\src\UI\UserInterface.cpp.obj
                0x0040f048                UI::UpdateFileGeneratedByText(char const*)
 .text._ZN2UI26UpdateFileLastModifiedTextEPKc
                0x0040f078       0x5c CMakeFiles\paneldue.elf.dir\src\UI\UserInterface.cpp.obj
                0x0040f078                UI::UpdateFileLastModifiedText(char const*)
 .text._ZN2UI22UpdateFileObjectHeightEf
                0x0040f0d4       0x38 CMakeFiles\paneldue.elf.dir\src\UI\UserInterface.cpp.obj
                0x0040f0d4                UI::UpdateFileObjectHeight(float)
 .text._ZN2UI21UpdateFileLayerHeightEf
                0x0040f10c       0x38 CMakeFiles\paneldue.elf.dir\src\UI\UserInterface.cpp.obj
                0x0040f10c                UI::UpdateFileLayerHeight(float)
 .text._ZN2UI14UpdateFileSizeEi
                0x0040f144       0x1c CMakeFiles\paneldue.elf.dir\src\UI\UserInterface.cpp.obj
                0x0040f144                UI::UpdateFileSize(int)
 .text._ZN2UI18UpdateFileFilamentEi
                0x0040f160       0x1c CMakeFiles\paneldue.elf.dir\src\UI\UserInterface.cpp.obj
                0x0040f160                UI::UpdateFileFilament(int)
 .text._ZN2UI24UpdateFileThumbnailChunkERK9ThumbnailmPK10qoi_rgba_tj
                0x0040f17c       0x4c CMakeFiles\paneldue.elf.dir\src\UI\UserInterface.cpp.obj
                0x0040f17c                UI::UpdateFileThumbnailChunk(Thumbnail const&, unsigned long, qoi_rgba_t const*, unsigned int)