Archive member included to satisfy reference by file (symbol)

c:/program files (x86)/gnu tools arm embedded/6 2017-q2-update/bin/../lib/gcc/arm-none-eabi/6.3.1/thumb/v7e-m\libgcc.a(_arm_addsubdf3.o)
                              ./src/PanelDue.o (__aeabi_dsub)
c:/program files (x86)/gnu tools arm embedded/6 2017-q2-update/bin/../lib/gcc/arm-none-eabi/6.3.1/thumb/v7e-m\libgcc.a(_arm_muldivdf3.o)
                              ./src/PanelDue.o (__aeabi_dmul)
c:/program files (x86)/gnu tools arm embedded/6 2017-q2-update/bin/../lib/gcc/arm-none-eabi/6.3.1/thumb/v7e-m\libgcc.a(_arm_fixdfsi.o)
                              ./src/PanelDue.o (__aeabi_d2iz)
c:/program files (x86)/gnu tools arm embedded/6 2017-q2-update/bin/../lib/gcc/arm-none-eabi/6.3.1/thumb/v7e-m\libgcc.a(_arm_fixunsdfsi.o)
                              ./src/PanelDue.o (__aeabi_d2uiz)
c:/program files (x86)/gnu tools arm embedded/6 2017-q2-update/bin/../lib/gcc/arm-none-eabi/6.3.1/thumb/v7e-m\libgcc.a(_arm_truncdfsf2.o)
                              ./src/Print.o (__aeabi_d2f)
c:/program files (x86)/gnu tools arm embedded/6 2017-q2-update/bin/../lib/gcc/arm-none-eabi/6.3.1/thumb/v7e-m\libgcc.a(_arm_addsubsf3.o)
                              ./src/Print.o (__aeabi_fsub)
c:/program files (x86)/gnu tools arm embedded/6 2017-q2-update/bin/../lib/gcc/arm-none-eabi/6.3.1/thumb/v7e-m\libgcc.a(_arm_muldivsf3.o)
                              ./src/Print.o (__aeabi_fmul)
c:/program files (x86)/gnu tools arm embedded/6 2017-q2-update/bin/../lib/gcc/arm-none-eabi/6.3.1/thumb/v7e-m\libgcc.a(_arm_cmpsf2.o)
                              ./src/PanelDue.o (__aeabi_fcmplt)
c:/program files (x86)/gnu tools arm embedded/6 2017-q2-update/bin/../lib/gcc/arm-none-eabi/6.3.1/thumb/v7e-m\libgcc.a(_arm_unordsf2.o)
                              ./src/Print.o (__aeabi_fcmpun)
c:/program files (x86)/gnu tools arm embedded/6 2017-q2-update/bin/../lib/gcc/arm-none-eabi/6.3.1/thumb/v7e-m\libgcc.a(_arm_fixsfsi.o)
                              ./src/PanelDue.o (__aeabi_f2iz)
c:/program files (x86)/gnu tools arm embedded/6 2017-q2-update/bin/../lib/gcc/arm-none-eabi/6.3.1/thumb/v7e-m\libgcc.a(_arm_fixunssfsi.o)
                              ./src/Print.o (__aeabi_f2uiz)
c:/program files (x86)/gnu tools arm embedded/6 2017-q2-update/bin/../lib/gcc/arm-none-eabi/6.3.1/../../../../arm-none-eabi/lib/thumb/v7e-m\libc_nano.a(lib_a-exit.o)
                              c:/program files (x86)/gnu tools arm embedded/6 2017-q2-update/bin/../lib/gcc/arm-none-eabi/6.3.1/../../../../arm-none-eabi/lib/thumb/v7e-m/crt0.o (exit)
c:/program files (x86)/gnu tools arm embedded/6 2017-q2-update/bin/../lib/gcc/arm-none-eabi/6.3.1/../../../../arm-none-eabi/lib/thumb/v7e-m\libc_nano.a(lib_a-impure.o)
                              c:/program files (x86)/gnu tools arm embedded/6 2017-q2-update/bin/../lib/gcc/arm-none-eabi/6.3.1/../../../../arm-none-eabi/lib/thumb/v7e-m\libc_nano.a(lib_a-exit.o) (_global_impure_ptr)
c:/program files (x86)/gnu tools arm embedded/6 2017-q2-update/bin/../lib/gcc/arm-none-eabi/6.3.1/../../../../arm-none-eabi/lib/thumb/v7e-m\libc_nano.a(lib_a-init.o)
                              c:/program files (x86)/gnu tools arm embedded/6 2017-q2-update/bin/../lib/gcc/arm-none-eabi/6.3.1/../../../../arm-none-eabi/lib/thumb/v7e-m/crt0.o (__libc_init_array)
c:/program files (x86)/gnu tools arm embedded/6 2017-q2-update/bin/../lib/gcc/arm-none-eabi/6.3.1/../../../../arm-none-eabi/lib/thumb/v7e-m\libc_nano.a(lib_a-memcmp.o)
                              ./src/UserInterface.o (memcmp)
c:/program files (x86)/gnu tools arm embedded/6 2017-q2-update/bin/../lib/gcc/arm-none-eabi/6.3.1/../../../../arm-none-eabi/lib/thumb/v7e-m\libc_nano.a(lib_a-memcpy-stub.o)
                              ./src/Hardware/FlashStorage.o (memcpy)
c:/program files (x86)/gnu tools arm embedded/6 2017-q2-update/bin/../lib/gcc/arm-none-eabi/6.3.1/../../../../arm-none-eabi/lib/thumb/v7e-m\libc_nano.a(lib_a-memset.o)
                              c:/program files (x86)/gnu tools arm embedded/6 2017-q2-update/bin/../lib/gcc/arm-none-eabi/6.3.1/../../../../arm-none-eabi/lib/thumb/v7e-m/crt0.o (memset)
c:/program files (x86)/gnu tools arm embedded/6 2017-q2-update/bin/../lib/gcc/arm-none-eabi/6.3.1/../../../../arm-none-eabi/lib/thumb/v7e-m\libc_nano.a(lib_a-printf.o)
                              ./src/ASF/sam/utils/syscalls/gcc/syscalls.o (printf)
c:/program files (x86)/gnu tools arm embedded/6 2017-q2-update/bin/../lib/gcc/arm-none-eabi/6.3.1/../../../../arm-none-eabi/lib/thumb/v7e-m\libc_nano.a(lib_a-snprintf.o)
                              ./src/MessageLog.o (snprintf)
c:/program files (x86)/gnu tools arm embedded/6 2017-q2-update/bin/../lib/gcc/arm-none-eabi/6.3.1/../../../../arm-none-eabi/lib/thumb/v7e-m\libc_nano.a(lib_a-strcasecmp.o)
                              ./src/FileManager.o (strcasecmp)
[...]
Memory Configuration

Name             Origin             Length             Attributes
rom              0x00400000         0x00040000         xr
ram              0x20000000         0x00010000         xrw
*default*        0x00000000         0xffffffff

Linker script and memory map

LOAD c:/program files (x86)/gnu tools arm embedded/6 2017-q2-update/bin/../lib/gcc/arm-none-eabi/6.3.1/thumb/v7e-m/crti.o
LOAD c:/program files (x86)/gnu tools arm embedded/6 2017-q2-update/bin/../lib/gcc/arm-none-eabi/6.3.1/thumb/v7e-m/crtbegin.o
LOAD c:/program files (x86)/gnu tools arm embedded/6 2017-q2-update/bin/../lib/gcc/arm-none-eabi/6.3.1/../../../../arm-none-eabi/lib/thumb/v7e-m/crt0.o
                0x00001000                __stack_size__ = 0x1000
LOAD ./src/Library/Misc.o
LOAD ./src/Icons/HomeIcons.o
LOAD ./src/Icons/KeyIcons.o
LOAD ./src/Icons/MiscIcons.o
LOAD ./src/Icons/NozzleIcons.o
LOAD ./src/Hardware/Buzzer.o
LOAD ./src/Hardware/FlashStorage.o
LOAD ./src/Hardware/Mem.o
LOAD ./src/Hardware/OneBitPort.o
LOAD ./src/Hardware/SerialIo.o
LOAD ./src/Hardware/SysTick.o
LOAD ./src/Hardware/UTFT.o
LOAD ./src/Hardware/UTouch.o
LOAD ./src/Fonts/glcd19x20.o
LOAD ./src/Fonts/glcd19x21.o
LOAD ./src/Fonts/glcd20x30.o
LOAD ./src/Fonts/glcd22x32.o
LOAD ./src/Fonts/glcd28x32.o
LOAD ./src/ASF/sam/utils/syscalls/gcc/syscalls.o
LOAD ./src/ASF/sam/utils/cmsis/sam4s/source/templates/gcc/startup_sam4s.o
LOAD ./src/ASF/sam/utils/cmsis/sam4s/source/templates/system_sam4s.o
LOAD ./src/ASF/sam/services/flash_efc/flash_efc.o
LOAD ./src/ASF/sam/drivers/wdt/wdt.o
LOAD ./src/ASF/sam/drivers/uart/uart.o
LOAD ./src/ASF/sam/drivers/rstc/rstc.o
LOAD ./src/ASF/sam/drivers/pwm/pwm.o
LOAD ./src/ASF/sam/drivers/pmc/pmc.o
LOAD ./src/ASF/sam/drivers/pio/pio.o
LOAD ./src/ASF/sam/drivers/pio/pio_handler.o
LOAD ./src/ASF/sam/drivers/matrix/matrix.o
LOAD ./src/ASF/sam/drivers/efc/efc.o
LOAD ./src/ASF/sam/drivers/chipid/chipid.o
LOAD ./src/ASF/common/utils/interrupt/interrupt_sam_nvic.o
LOAD ./src/ASF/common/services/delay/sam/cycle_counter.o
LOAD ./src/ASF/common/services/clock/sam3s/sysclk.o
LOAD ./src/ASF/common/boards/user_board/init.o
LOAD ./src/ColourSchemes.o
LOAD ./src/Display.o
LOAD ./src/FileManager.o
LOAD ./src/MessageLog.o
LOAD ./src/PanelDue.o
LOAD ./src/Print.o
LOAD ./src/RequestTimer.o
LOAD ./src/UserInterface.o
LOAD c:/program files (x86)/gnu tools arm embedded/6 2017-q2-update/bin/../lib/gcc/arm-none-eabi/6.3.1/../../../../arm-none-eabi/lib/thumb/v7e-m\libstdc++_nano.a
LOAD c:/program files (x86)/gnu tools arm embedded/6 2017-q2-update/bin/../lib/gcc/arm-none-eabi/6.3.1/../../../../arm-none-eabi/lib/thumb/v7e-m\libm.a
START GROUP
LOAD c:/program files (x86)/gnu tools arm embedded/6 2017-q2-update/bin/../lib/gcc/arm-none-eabi/6.3.1/thumb/v7e-m\libgcc.a
LOAD c:/program files (x86)/gnu tools arm embedded/6 2017-q2-update/bin/../lib/gcc/arm-none-eabi/6.3.1/../../../../arm-none-eabi/lib/thumb/v7e-m\libc_nano.a
END GROUP
START GROUP
LOAD c:/program files (x86)/gnu tools arm embedded/6 2017-q2-update/bin/../lib/gcc/arm-none-eabi/6.3.1/thumb/v7e-m\libgcc.a
LOAD c:/program files (x86)/gnu tools arm embedded/6 2017-q2-update/bin/../lib/gcc/arm-none-eabi/6.3.1/../../../../arm-none-eabi/lib/thumb/v7e-m\libc_nano.a
END GROUP
LOAD c:/program files (x86)/gnu tools arm embedded/6 2017-q2-update/bin/../lib/gcc/arm-none-eabi/6.3.1/thumb/v7e-m/crtend.o
LOAD c:/program files (x86)/gnu tools arm embedded/6 2017-q2-update/bin/../lib/gcc/arm-none-eabi/6.3.1/thumb/v7e-m/crtn.o
                0x20000000                __ram_start__ = ORIGIN (ram)
                0x2000fffc                __ram_end__ = ((ORIGIN (ram) + LENGTH (ram)) - 0x4)
                0x00400000                __flash_start__ = ORIGIN (rom)
                0x00440000                __flash_end__ = (ORIGIN (rom) + LENGTH (rom))

.text           0x00400000    0x1d3bc
                0x00400000                . = ALIGN (0x4)
                0x00400000                _sfixed = .
 *(.vectors .vectors.*)
 .vectors       0x00400000       0xcc ./src/ASF/sam/utils/cmsis/sam4s/source/templates/gcc/startup_sam4s.o
                0x00400000                exception_table
 *(.text .text.* .gnu.linkonce.t.*)
 .text          0x004000cc       0x6c c:/program files (x86)/gnu tools arm embedded/6 2017-q2-update/bin/../lib/gcc/arm-none-eabi/6.3.1/thumb/v7e-m/crtbegin.o
 .text._Z11safeStrncpyPcPKcj
                0x00400138       0x20 ./src/Library/Misc.o
                0x00400138                safeStrncpy(char*, char const*, unsigned int)
 .text._Z16stringStartsWithPKcS0_
                0x00400158       0x18 ./src/Library/Misc.o
                0x00400158                stringStartsWith(char const*, char const*)
 .text._Z23SkipDigitsAndUnderscorePKc
                0x00400170       0x26 ./src/Library/Misc.o
                0x00400170                SkipDigitsAndUnderscore(char const*)
 *fill*         0x00400196        0x2 
 .text._ZN6Buzzer4InitEv
                0x00400198       0x74 ./src/Hardware/Buzzer.o
                0x00400198                Buzzer::Init()
 .text._ZN6Buzzer4BeepEmmm
                0x0040020c       0xc0 ./src/Hardware/Buzzer.o
                0x0040020c                Buzzer::Beep(unsigned long, unsigned long, unsigned long)
 .text._ZN6Buzzer4TickEv
                0x004002cc       0x4c ./src/Hardware/Buzzer.o
                0x004002cc                Buzzer::Tick()
 .text._ZN6Buzzer5NoisyEv
                0x00400318       0x10 ./src/Hardware/Buzzer.o
                0x00400318                Buzzer::Noisy()
 .text._ZN6Buzzer12SetBacklightEm
                0x00400328       0x40 ./src/Hardware/Buzzer.o
                0x00400328                Buzzer::SetBacklight(unsigned long)
 .text._Z10InitMemoryv
                0x00400368       0x2c ./src/Hardware/Mem.o
                0x00400368                InitMemory()
 .text._Znwj    0x00400394       0x24 ./src/Hardware/Mem.o
                0x00400394                operator new(unsigned int)
 .text._Z13GetFreeMemoryv
                0x004003b8       0x24 ./src/Hardware/Mem.o
                0x004003b8                GetFreeMemory()
 .text._ZN10OneBitPortC2Ej
                0x004003dc       0x24 ./src/Hardware/OneBitPort.o
                0x004003dc                OneBitPort::OneBitPort(unsigned int)
                0x004003dc                OneBitPort::OneBitPort(unsigned int)
 .text._ZN10OneBitPort7setModeENS_8PortModeE
                0x00400400       0x24 ./src/Hardware/OneBitPort.o
                0x00400400                OneBitPort::setMode(OneBitPort::PortMode)
 .text._ZN10OneBitPort5delayEh
                0x00400424        0xc ./src/Hardware/OneBitPort.o
                0x00400424                OneBitPort::delay(unsigned char)
 .text._ZN8SerialIoL7InArrayEv
                0x00400430       0x1c ./src/Hardware/SerialIo.o
 .text._ZN8SerialIoL16RemoveLastIdCharEv
                0x0040044c       0x18 ./src/Hardware/SerialIo.o
 .text._ZN8SerialIoL12ProcessFieldEv
                0x00400464       0x28 ./src/Hardware/SerialIo.o
 .text._ZN8SerialIoL8EndArrayEv
                0x0040048c       0x34 ./src/Hardware/SerialIo.o
 .text._ZN8SerialIoL12RemoveLastIdEv
                0x004004c0       0x2c ./src/Hardware/SerialIo.o
 .text._ZN8SerialIo4InitEm
                0x004004ec       0x74 ./src/Hardware/SerialIo.o
                0x004004ec                SerialIo::Init(unsigned long)
 .text._ZN8SerialIo11RawSendCharEc
                0x00400560       0x1c ./src/Hardware/SerialIo.o
                0x00400560                SerialIo::RawSendChar(char)
 .text._ZN8SerialIo19SendCharAndChecksumEc
                0x0040057c       0x24 ./src/Hardware/SerialIo.o
                0x0040057c                SerialIo::SendCharAndChecksum(char)
 .text._ZN8SerialIo7SendIntEi
                0x004005a0       0x38 ./src/Hardware/SerialIo.o
                0x004005a0                SerialIo::SendInt(int)
 .text._ZN8SerialIo8SendCharEc
                0x004005d8       0x98 ./src/Hardware/SerialIo.o
                0x004005d8                SerialIo::SendChar(char)
 .text._ZN8SerialIo10SendStringEPKc
                0x00400670       0x18 ./src/Hardware/SerialIo.o
                0x00400670                SerialIo::SendString(char const*)
 .text._ZN8SerialIo12SendFilenameEPKcS1_
                0x00400688       0x54 ./src/Hardware/SerialIo.o
                0x00400688                SerialIo::SendFilename(char const*, char const*)
 .text._ZN8SerialIo11receiveCharEc
                0x004006dc       0x44 ./src/Hardware/SerialIo.o
                0x004006dc                SerialIo::receiveChar(char)
 .text.UART0_Handler
                0x00400720       0x34 ./src/Hardware/SerialIo.o
                0x00400720                UART0_Handler
 .text._ZN6StringILj50EE3addEc
                0x00400754       0x26 ./src/Hardware/SerialIo.o
                0x00400754                String<50u>::add(char)
 .text._ZN6StringILj300EE3addEc
                0x0040077a       0x3c ./src/Hardware/SerialIo.o
                0x0040077a                String<300u>::add(char)
 *fill*         0x004007b6        0x2 
 .text._ZN8SerialIo10CheckInputEv
                0x004007b8      0x480 ./src/Hardware/SerialIo.o
                0x004007b8                SerialIo::CheckInput()
 .text.startup._GLOBAL__sub_I__ZN8SerialIo4InitEm
                0x00400c38       0x1c ./src/Hardware/SerialIo.o
 .text._ZN10SystemTick12GetTickCountEv
                0x00400c54        0xc ./src/Hardware/SysTick.o
                0x00400c54                SystemTick::GetTickCount()
 .text.SysTick_Handler
                0x00400c60       0x28 ./src/Hardware/SysTick.o
                0x00400c60                SysTick_Handler
 .text._ZN4UTFT15LCD_Write_AgainEm
                0x00400c88       0x24 ./src/Hardware/UTFT.o
                0x00400c88                UTFT::LCD_Write_Again(unsigned long)
 .text._ZN4UTFTC2E11DisplayTypejjjjj
                0x00400cac       0xd8 ./src/Hardware/UTFT.o
                0x00400cac                UTFT::UTFT(DisplayType, unsigned int, unsigned int, unsigned int, unsigned int, unsigned int)
                0x00400cac                UTFT::UTFT(DisplayType, unsigned int, unsigned int, unsigned int, unsigned int, unsigned int)
 .text._ZN4UTFT13LCD_Write_BusEt
                0x00400d84       0x28 ./src/Hardware/UTFT.o
                0x00400d84                UTFT::LCD_Write_Bus(unsigned short)
 .text._ZN4UTFT13LCD_Write_COMEh
                0x00400dac       0x14 ./src/Hardware/UTFT.o
                0x00400dac                UTFT::LCD_Write_COM(unsigned char)
 .text._ZN4UTFT16LCD_Write_DATA16Et
                0x00400dc0       0x14 ./src/Hardware/UTFT.o
                0x00400dc0                UTFT::LCD_Write_DATA16(unsigned short)
 .text._ZN4UTFT25LCD_Write_Repeated_DATA16Etm
                0x00400dd4       0x24 ./src/Hardware/UTFT.o
                0x00400dd4                UTFT::LCD_Write_Repeated_DATA16(unsigned short, unsigned long)
 .text._ZN4UTFT15LCD_Write_DATA8Eh
                0x00400df8       0x14 ./src/Hardware/UTFT.o
                0x00400df8                UTFT::LCD_Write_DATA8(unsigned char)
 .text._ZN4UTFT20LCD_Write_COM_DATA16Eht
                0x00400e0c       0x1c ./src/Hardware/UTFT.o
                0x00400e0c                UTFT::LCD_Write_COM_DATA16(unsigned char, unsigned short)
 .text._ZN4UTFT5setXYEtttt
                0x00400e28       0xe8 ./src/Hardware/UTFT.o
                0x00400e28                UTFT::setXY(unsigned short, unsigned short, unsigned short, unsigned short)
 .text._ZN4UTFT7InitLCDE18DisplayOrientationbb
                0x00400f10      0x3e8 ./src/Hardware/UTFT.o
                0x00400f10                UTFT::InitLCD(DisplayOrientation, bool, bool)
 .text._ZN4UTFT10fillCircleEiii
                0x004012f8      0x168 ./src/Hardware/UTFT.o
                0x004012f8                UTFT::fillCircle(int, int, int)
 .text._ZN4UTFT9drawPixelEii
                0x00401460       0x30 ./src/Hardware/UTFT.o
                0x00401460                UTFT::drawPixel(int, int)
 .text._ZN4UTFT9drawHLineEiii
                0x00401490       0x38 ./src/Hardware/UTFT.o
                0x00401490                UTFT::drawHLine(int, int, int)
 .text._ZN4UTFT13fillRoundRectEiiiith
                0x004014c8       0xec ./src/Hardware/UTFT.o
                0x004014c8                UTFT::fillRoundRect(int, int, int, int, unsigned short, unsigned char)
 .text._ZN4UTFT9drawVLineEiii
                0x004015b4       0x38 ./src/Hardware/UTFT.o
                0x004015b4                UTFT::drawVLine(int, int, int)
 .text._ZN4UTFT8drawRectEiiii
                0x004015ec       0x68 ./src/Hardware/UTFT.o
                0x004015ec                UTFT::drawRect(int, int, int, int)
 .text._ZN4UTFT13drawRoundRectEiiii
                0x00401654       0xc8 ./src/Hardware/UTFT.o
                0x00401654                UTFT::drawRoundRect(int, int, int, int)
 .text._ZN4UTFT8fillRectEiiiith
                0x0040171c       0xb4 ./src/Hardware/UTFT.o
                0x0040171c                UTFT::fillRect(int, int, int, int, unsigned short, unsigned char)
 .text._ZN4UTFT8drawLineEiiii
                0x004017d0       0xec ./src/Hardware/UTFT.o
                0x004017d0                UTFT::drawLine(int, int, int, int)
 .text._ZN4UTFT7setFontEPKh
                0x004018bc       0x2c ./src/Hardware/UTFT.o
                0x004018bc                UTFT::setFont(unsigned char const*)
 .text._ZN4UTFT11drawBitmap4EiiiiPKhPKtib
                0x004018e8      0x120 ./src/Hardware/UTFT.o
                0x004018e8                UTFT::drawBitmap4(int, int, int, int, unsigned char const*, unsigned short const*, int, bool)
 .text._ZN4UTFT31drawCompressedBitmapBottomToTopEiiiiPKt
                0x00401a08       0xc0 ./src/Hardware/UTFT.o
                0x00401a08                UTFT::drawCompressedBitmapBottomToTop(int, int, int, int, unsigned short const*)
 .text._ZNK4UTFT15getDisplayXSizeEv
                0x00401ac8       0x10 ./src/Hardware/UTFT.o
                0x00401ac8                UTFT::getDisplayXSize() const
 .text._ZN4UTFT10setTextPosEttt
                0x00401ad8       0x28 ./src/Hardware/UTFT.o
                0x00401ad8                UTFT::setTextPos(unsigned short, unsigned short, unsigned short)
 .text._ZNK4UTFT15getDisplayYSizeEv
                0x00401b00       0x10 ./src/Hardware/UTFT.o
                0x00401b00                UTFT::getDisplayYSize() const
 .text._ZN4UTFT7fillScrEtt
                0x00401b10       0x64 ./src/Hardware/UTFT.o
                0x00401b10                UTFT::fillScr(unsigned short, unsigned short)
 .text._ZN4UTFT13clearToMarginEv
                0x00401b74       0x6c ./src/Hardware/UTFT.o
                0x00401b74                UTFT::clearToMargin()
 .text._ZN4UTFT11writeNativeEt
                0x00401be0      0x250 ./src/Hardware/UTFT.o
                0x00401be0                UTFT::writeNative(unsigned short)
 .text._ZN4UTFT5writeEh
                0x00401e30       0xb0 ./src/Hardware/UTFT.o
                0x00401e30                UTFT::write(unsigned char)
 .text._ZN6UTouchC2Ejjjjj
                0x00401ee0       0x34 ./src/Hardware/UTouch.o
                0x00401ee0                UTouch::UTouch(unsigned int, unsigned int, unsigned int, unsigned int, unsigned int)
                0x00401ee0                UTouch::UTouch(unsigned int, unsigned int, unsigned int, unsigned int, unsigned int)
 .text._ZN6UTouch4initEtt18DisplayOrientation
                0x00401f14       0x68 ./src/Hardware/UTouch.o
                0x00401f14                UTouch::init(unsigned short, unsigned short, DisplayOrientation)
 .text._ZN6UTouch18touch_WriteCommandEh
                0x00401f7c       0x38 ./src/Hardware/UTouch.o
                0x00401f7c                UTouch::touch_WriteCommand(unsigned char)
 .text._ZN6UTouch14touch_ReadDataEh
                0x00401fb4       0x60 ./src/Hardware/UTouch.o
                0x00401fb4                UTouch::touch_ReadData(unsigned char)
 .text._ZN6UTouch12getTouchDataEbRt
                0x00402014       0xbc ./src/Hardware/UTouch.o
                0x00402014                UTouch::getTouchData(bool, unsigned short&)
 .text._ZN6UTouch4readERtS0_PtS1_
                0x004020d0      0x10c ./src/Hardware/UTouch.o
                0x004020d0                UTouch::read(unsigned short&, unsigned short&, unsigned short*, unsigned short*)
 .text._ZN6UTouch9calibrateEttttt
                0x004021dc       0x42 ./src/Hardware/UTouch.o
                0x004021dc                UTouch::calibrate(unsigned short, unsigned short, unsigned short, unsigned short, unsigned short)
 *fill*         0x0040221e        0x2 
 .text._sbrk    0x00402220       0x2c ./src/ASF/sam/utils/syscalls/gcc/syscalls.o
                0x00402220                _sbrk
 .text.Dummy_Handler
                0x0040224c        0x2 ./src/ASF/sam/utils/cmsis/sam4s/source/templates/gcc/startup_sam4s.o
                0x0040224c                DACC_Handler
                0x0040224c                DebugMon_Handler
                0x0040224c                HardFault_Handler
                0x0040224c                TC2_Handler
                0x0040224c                SPI_Handler
                0x0040224c                TWI1_Handler
                0x0040224c                PendSV_Handler
                0x0040224c                NMI_Handler
                0x0040224c                ADC_Handler
                0x0040224c                CRCCU_Handler
                0x0040224c                USART0_Handler
                0x0040224c                RTT_Handler
                0x0040224c                RTC_Handler
                0x0040224c                UsageFault_Handler
                0x0040224c                WDT_Handler
                0x0040224c                TC1_Handler
                0x0040224c                HSMCI_Handler
                0x0040224c                UART1_Handler
                0x0040224c                Dummy_Handler
                0x0040224c                TWI0_Handler
                0x0040224c                USART1_Handler
                0x0040224c                SSC_Handler
                0x0040224c                EFC0_Handler
                0x0040224c                ACC_Handler
                0x0040224c                PMC_Handler
                0x0040224c                PWM_Handler
                0x0040224c                MemManage_Handler
                0x0040224c                SUPC_Handler
                0x0040224c                SVC_Handler
                0x0040224c                UDP_Handler
                0x0040224c                BusFault_Handler
                0x0040224c                RSTC_Handler
                0x0040224c                TC0_Handler
 *fill*         0x0040224e        0x2 
 .text.Reset_Handler
                0x00402250       0x60 ./src/ASF/sam/utils/cmsis/sam4s/source/templates/gcc/startup_sam4s.o
                0x00402250                Reset_Handler
 .text.SystemInit
                0x004022b0        0x8 ./src/ASF/sam/utils/cmsis/sam4s/source/templates/system_sam4s.o
                0x004022b0                SystemInit
 .text.SystemCoreClockUpdate
                0x004022b8       0xc8 ./src/ASF/sam/utils/cmsis/sam4s/source/templates/system_sam4s.o
                0x004022b8                SystemCoreClockUpdate
 .text.system_init_flash
                0x00402380       0x54 ./src/ASF/sam/utils/cmsis/sam4s/source/templates/system_sam4s.o
                0x00402380                system_init_flash
 .text.flash_read_user_signature
                0x004023d4       0x2c ./src/ASF/sam/services/flash_efc/flash_efc.o
                0x004023d4                flash_read_user_signature
 .text.flash_write_user_signature
                0x00402400       0x58 ./src/ASF/sam/services/flash_efc/flash_efc.o
                0x00402400                flash_write_user_signature
 .text.flash_erase_user_signature
                0x00402458       0x14 ./src/ASF/sam/services/flash_efc/flash_efc.o
                0x00402458                flash_erase_user_signature
 .text.wdt_init
                0x0040246c       0x18 ./src/ASF/sam/drivers/wdt/wdt.o
                0x0040246c                wdt_init
 .text.wdt_restart
                0x00402484       0x14 ./src/ASF/sam/drivers/wdt/wdt.o
                0x00402484                wdt_restart
 .text.uart_init
                0x00402498       0x34 ./src/ASF/sam/drivers/uart/uart.o
                0x00402498                uart_init
 .text.uart_enable_interrupt
                0x004024cc        0x4 ./src/ASF/sam/drivers/uart/uart.o
                0x004024cc                uart_enable_interrupt
 .text.uart_disable_interrupt
                0x004024d0        0x4 ./src/ASF/sam/drivers/uart/uart.o
                0x004024d0                uart_disable_interrupt
 .text.uart_write
                0x004024d4        0xe ./src/ASF/sam/drivers/uart/uart.o
                0x004024d4                uart_write
 *fill*         0x004024e2        0x2 
 .text.rstc_start_software_reset
                0x004024e4        0xc ./src/ASF/sam/drivers/rstc/rstc.o
                0x004024e4                rstc_start_software_reset
 .text.rstc_get_reset_cause
                0x004024f0        0x8 ./src/ASF/sam/drivers/rstc/rstc.o
                0x004024f0                rstc_get_reset_cause
 .text.pwm_clocks_generate
                0x004024f8       0x4c ./src/ASF/sam/drivers/pwm/pwm.o
 .text.pwm_init
                0x00402544       0x44 ./src/ASF/sam/drivers/pwm/pwm.o
                0x00402544                pwm_init
 .text.pwm_channel_init
                0x00402588       0xde ./src/ASF/sam/drivers/pwm/pwm.o
                0x00402588                pwm_channel_init
 .text.pwm_channel_enable
                0x00402666        0xa ./src/ASF/sam/drivers/pwm/pwm.o
                0x00402666                pwm_channel_enable
 .text.pwm_channel_disable
                0x00402670        0xa ./src/ASF/sam/drivers/pwm/pwm.o
                0x00402670                pwm_channel_disable
 *fill*         0x0040267a        0x2 
 .text.pmc_switch_mck_to_pllack
                0x0040267c       0x44 ./src/ASF/sam/drivers/pmc/pmc.o
                0x0040267c                pmc_switch_mck_to_pllack
 .text.pmc_switch_sclk_to_32kxtal
                0x004026c0       0x20 ./src/ASF/sam/drivers/pmc/pmc.o
                0x004026c0                pmc_switch_sclk_to_32kxtal
 .text.pmc_switch_mainck_to_fastrc
                0x004026e0       0x44 ./src/ASF/sam/drivers/pmc/pmc.o
                0x004026e0                pmc_switch_mainck_to_fastrc
 .text.pmc_switch_mainck_to_xtal
                0x00402724       0x48 ./src/ASF/sam/drivers/pmc/pmc.o
                0x00402724                pmc_switch_mainck_to_xtal
 .text.pmc_osc_is_ready_mainck
                0x0040276c       0x10 ./src/ASF/sam/drivers/pmc/pmc.o
                0x0040276c                pmc_osc_is_ready_mainck
 .text.pmc_disable_pllack
                0x0040277c       0x10 ./src/ASF/sam/drivers/pmc/pmc.o
                0x0040277c                pmc_disable_pllack
 .text.pmc_is_locked_pllack
                0x0040278c       0x10 ./src/ASF/sam/drivers/pmc/pmc.o
                0x0040278c                pmc_is_locked_pllack
 .text.pmc_enable_periph_clk
                0x0040279c       0x40 ./src/ASF/sam/drivers/pmc/pmc.o
                0x0040279c                pmc_enable_periph_clk
 .text.pio_set_peripheral
                0x004027dc       0x80 ./src/ASF/sam/drivers/pio/pio.o
                0x004027dc                pio_set_peripheral
 .text.pio_set_input
                0x0040285c       0x2c ./src/ASF/sam/drivers/pio/pio.o
                0x0040285c                pio_set_input
 .text.pio_set_output
                0x00402888       0x24 ./src/ASF/sam/drivers/pio/pio.o
                0x00402888                pio_set_output
 .text.pio_configure
                0x004028ac       0x80 ./src/ASF/sam/drivers/pio/pio.o
                0x004028ac                pio_configure
 .text.pio_enable_output_write
                0x0040292c        0x6 ./src/ASF/sam/drivers/pio/pio.o
                0x0040292c                pio_enable_output_write
 .text.pio_get_interrupt_status
                0x00402932        0x4 ./src/ASF/sam/drivers/pio/pio.o
                0x00402932                pio_get_interrupt_status
 .text.pio_get_interrupt_mask
                0x00402936        0x4 ./src/ASF/sam/drivers/pio/pio.o
                0x00402936                pio_get_interrupt_mask
 *fill*         0x0040293a        0x2 
 .text.pio_handler_process
                0x0040293c       0x74 ./src/ASF/sam/drivers/pio/pio_handler.o
                0x0040293c                pio_handler_process
 .text.PIOA_Handler
                0x004029b0       0x10 ./src/ASF/sam/drivers/pio/pio_handler.o
                0x004029b0                PIOA_Handler
 .text.PIOB_Handler
                0x004029c0       0x10 ./src/ASF/sam/drivers/pio/pio_handler.o
                0x004029c0                PIOB_Handler
 .text.matrix_set_system_io
                0x004029d0        0xc ./src/ASF/sam/drivers/matrix/matrix.o
                0x004029d0                matrix_set_system_io
 .text.efc_perform_command
                0x004029dc       0x28 ./src/ASF/sam/drivers/efc/efc.o
                0x004029dc                efc_perform_command
 .text.osc_enable
                0x00402a04       0x48 ./src/ASF/common/services/clock/sam3s/sysclk.o
 .text.osc_wait_ready.constprop.4
                0x00402a4c       0x10 ./src/ASF/common/services/clock/sam3s/sysclk.o
 .text.sysclk_init
                0x00402a5c       0x64 ./src/ASF/common/services/clock/sam3s/sysclk.o
                0x00402a5c                sysclk_init
 .text._ZN12DisplayField10CheckEventEttRiR11ButtonPress
                0x00402ac0        0x2 ./src/Display.o
                0x00402ac0                DisplayField::CheckEvent(unsigned short, unsigned short, int&, ButtonPress&)
 .text._ZNK12DisplayField8IsButtonEv
                0x00402ac2        0x4 ./src/Display.o
                0x00402ac2                DisplayField::IsButton() const
 .text._ZNK12DisplayField9IsVisibleEv
                0x00402ac6        0x8 ./src/Display.o
                0x00402ac6                DisplayField::IsVisible() const
 .text._ZNK12DisplayField8GetEventEv
                0x00402ace        0x4 ./src/Display.o
                0x00402ace                DisplayField::GetEvent() const
 .text._ZNK6Window4XposEv
                0x00402ad2        0x4 ./src/Display.o
                0x00402ad2                Window::Xpos() const
 .text._ZNK6Window4YposEv
                0x00402ad6        0x4 ./src/Display.o
                0x00402ad6                Window::Ypos() const
 .text._ZNK11PopupWindow4XposEv
                0x00402ada        0x4 ./src/Display.o
                0x00402ada                PopupWindow::Xpos() const
 .text._ZNK11PopupWindow4YposEv
                0x00402ade        0x4 ./src/Display.o
                0x00402ade                PopupWindow::Ypos() const
 .text._ZNK10ButtonBase8GetEventEv
                0x00402ae2        0x4 ./src/Display.o
                0x00402ae2                ButtonBase::GetEvent() const
 .text._ZNK10ButtonBase9GetSParamEj
                0x00402ae6        0x4 ./src/Display.o
                0x00402ae6                ButtonBase::GetSParam(unsigned int) const
 .text._ZNK10ButtonBase9GetIParamEj
                0x00402aea        0x4 ./src/Display.o
                0x00402aea                ButtonBase::GetIParam(unsigned int) const
 .text._ZN10ButtonBase5PressEbi
                0x00402aee        0x2 ./src/Display.o
                0x00402aee                ButtonBase::Press(bool, int)
 .text._ZNK12SingleButton8IsButtonEv
                0x00402af0        0x4 ./src/Display.o
                0x00402af0                SingleButton::IsButton() const
 .text._ZNK12SingleButton9GetSParamEj
                0x00402af4        0x4 ./src/Display.o
                0x00402af4                SingleButton::GetSParam(unsigned int) const
 .text._ZNK12SingleButton9GetIParamEj
                0x00402af8        0x4 ./src/Display.o
                0x00402af8                SingleButton::GetIParam(unsigned int) const
 .text._ZNK13CharButtonRow9GetIParamEj
                0x00402afc        0x6 ./src/Display.o
                0x00402afc                CharButtonRow::GetIParam(unsigned int) const
 .text._ZNK10TextButton9IsVisibleEv
                0x00402b02       0x10 ./src/Display.o
                0x00402b02                TextButton::IsVisible() const
 *fill*         0x00402b12        0x2 
 .text._ZNK10IconButton9GetHeightEv
                0x00402b14       0x18 ./src/Display.o
                0x00402b14                IconButton::GetHeight() const
 .text._ZNK11ProgressBar9GetHeightEv
                0x00402b2c        0x4 ./src/Display.o
                0x00402b2c                ProgressBar::GetHeight() const
 .text._ZNK10MainWindow8ContainsEtttt
                0x00402b30        0x4 ./src/Display.o
                0x00402b30                MainWindow::Contains(unsigned short, unsigned short, unsigned short, unsigned short) const
 .text._ZNK11PopupWindow8ContainsEtttt
                0x00402b34       0x34 ./src/Display.o
                0x00402b34                PopupWindow::Contains(unsigned short, unsigned short, unsigned short, unsigned short) const
 .text._ZNK13FieldWithText9GetHeightEv
                0x00402b68       0x26 ./src/Display.o
                0x00402b68                FieldWithText::GetHeight() const
 .text._ZN12SingleButton5PressEbi
                0x00402b8e       0x12 ./src/Display.o
                0x00402b8e                SingleButton::Press(bool, int)
 .text._ZNK14ButtonWithText9GetHeightEv
                0x00402ba0       0x24 ./src/Display.o
                0x00402ba0                ButtonWithText::GetHeight() const
 .text._ZNK17ButtonRowWithText9GetHeightEv
                0x00402bc4       0x24 ./src/Display.o
                0x00402bc4                ButtonRowWithText::GetHeight() const
 .text._ZN13CharButtonRow5PressEbi
                0x00402be8        0xc ./src/Display.o
                0x00402be8                CharButtonRow::Press(bool, int)
 .text._ZNK9TextField9PrintTextEv
                0x00402bf4       0x28 ./src/Display.o
                0x00402bf4                TextField::PrintText() const
 .text._ZNK15StaticTextField9PrintTextEv
                0x00402c1c       0x14 ./src/Display.o
                0x00402c1c                StaticTextField::PrintText() const
 .text._ZNK10TextButton9PrintTextEj
                0x00402c30       0x18 ./src/Display.o
                0x00402c30                TextButton::PrintText(unsigned int) const
 .text._ZN11ProgressBar7RefreshEbtt
                0x00402c48      0x160 ./src/Display.o
                0x00402c48                ProgressBar::Refresh(bool, unsigned short, unsigned short)
 .text._ZN13FieldWithText7RefreshEbtt
                0x00402da8      0x19c ./src/Display.o
                0x00402da8                FieldWithText::Refresh(bool, unsigned short, unsigned short)
 .text._ZNK10FloatField9PrintTextEv
                0x00402f44       0x38 ./src/Display.o
                0x00402f44                FloatField::PrintText() const
 .text._ZNK12IntegerField9PrintTextEv
                0x00402f7c       0x34 ./src/Display.o
                0x00402f7c                IntegerField::PrintText() const
 .text._ZNK13IntegerButton9PrintTextEj
                0x00402fb0       0x3c ./src/Display.o
                0x00402fb0                IntegerButton::PrintText(unsigned int) const
 .text._ZNK12DisplayField7GetMaxYEv
                0x00402fec       0x12 ./src/Display.o
                0x00402fec                DisplayField::GetMaxY() const
 *fill*         0x00402ffe        0x2 
 .text._ZN10ButtonBase10CheckEventEttRiR11ButtonPress
                0x00403000       0x94 ./src/Display.o
                0x00403000                ButtonBase::CheckEvent(unsigned short, unsigned short, int&, ButtonPress&)
 .text._ZN13CharButtonRow10CheckEventEttRiR11ButtonPress
                0x00403094       0xa4 ./src/Display.o
                0x00403094                CharButtonRow::CheckEvent(unsigned short, unsigned short, int&, ButtonPress&)
 .text._ZN12DisplayFieldC2Ettt
                0x00403138       0x3c ./src/Display.o
                0x00403138                DisplayField::DisplayField(unsigned short, unsigned short, unsigned short)
                0x00403138                DisplayField::DisplayField(unsigned short, unsigned short, unsigned short)
 .text._ZN12DisplayField11SetTextRowsEPKc
                0x00403174       0x20 ./src/Display.o
                0x00403174                DisplayField::SetTextRows(char const*)
 .text._ZN12DisplayField19SetPositionAndWidthEtt
                0x00403194        0xe ./src/Display.o
                0x00403194                DisplayField::SetPositionAndWidth(unsigned short, unsigned short)
 *fill*         0x004031a2        0x2 
 .text._ZN12DisplayField17SetDefaultColoursEttttttPKt
                0x004031a4       0x48 ./src/Display.o
                0x004031a4                DisplayField::SetDefaultColours(unsigned short, unsigned short, unsigned short, unsigned short, unsigned short, unsigned short, unsigned short const*)
 .text._ZN12DisplayField12GetTextWidthEPKct
                0x004031ec       0x30 ./src/Display.o
                0x004031ec                DisplayField::GetTextWidth(char const*, unsigned short)
 .text._ZN12DisplayField12GetTextWidthEPKctj
                0x0040321c       0x34 ./src/Display.o
                0x0040321c                DisplayField::GetTextWidth(char const*, unsigned short, unsigned int)
 .text._ZN12DisplayField4ShowEb
                0x00403250       0x16 ./src/Display.o
                0x00403250                DisplayField::Show(bool)
 .text._ZN12DisplayField9FindEventEttPS_
                0x00403266       0x3a ./src/Display.o
                0x00403266                DisplayField::FindEvent(unsigned short, unsigned short, DisplayField*)
 .text._ZN12DisplayField10SetColoursEtt
                0x004032a0       0x1a ./src/Display.o
                0x004032a0                DisplayField::SetColours(unsigned short, unsigned short)
 .text._ZN11ButtonPressC2Ev
                0x004032ba        0x8 ./src/Display.o
                0x004032ba                ButtonPress::ButtonPress()
                0x004032ba                ButtonPress::ButtonPress()
 .text._ZN11ButtonPressC2EP10ButtonBasej
                0x004032c2        0x6 ./src/Display.o
                0x004032c2                ButtonPress::ButtonPress(ButtonBase*, unsigned int)
                0x004032c2                ButtonPress::ButtonPress(ButtonBase*, unsigned int)
 .text._ZN11ButtonPress5ClearEv
                0x004032c8        0x8 ./src/Display.o
                0x004032c8                ButtonPress::Clear()
 .text._ZNK11ButtonPress8GetEventEv
                0x004032d0        0x8 ./src/Display.o
                0x004032d0                ButtonPress::GetEvent() const
 .text._ZNK11ButtonPress9GetIParamEv
                0x004032d8        0xc ./src/Display.o
                0x004032d8                ButtonPress::GetIParam() const
 .text._ZNK11ButtonPress9GetSParamEv
                0x004032e4        0xc ./src/Display.o
                0x004032e4                ButtonPress::GetSParam() const
 .text._ZNK11ButtonPresseqERKS_
                0x004032f0       0x18 ./src/Display.o
                0x004032f0                ButtonPress::operator==(ButtonPress const&) const
 .text._ZN6Window8AddFieldEP12DisplayField
                0x00403308        0x8 ./src/Display.o
                0x00403308                Window::AddField(DisplayField*)
 .text._ZNK6Window15ObscuredByPopupEPK12DisplayField
                0x00403310       0x6c ./src/Display.o
                0x00403310                Window::ObscuredByPopup(DisplayField const*) const
 .text._ZN11PopupWindow7RefreshEb
                0x0040337c       0xc4 ./src/Display.o
                0x0040337c                PopupWindow::Refresh(bool)
 .text._ZNK6Window7VisibleEPK12DisplayField
                0x00403440       0x24 ./src/Display.o
                0x00403440                Window::Visible(DisplayField const*) const
 .text._ZN10MainWindow7RefreshEb
                0x00403464       0x58 ./src/Display.o
                0x00403464                MainWindow::Refresh(bool)
 .text._ZN6Window9FindEventEtt
                0x004034bc       0x60 ./src/Display.o
                0x004034bc                Window::FindEvent(unsigned short, unsigned short)
 .text._ZN6Window21FindEventOutsidePopupEtt
                0x0040351c       0x44 ./src/Display.o
                0x0040351c                Window::FindEventOutsidePopup(unsigned short, unsigned short)
 .text._ZN6Window8SetPopupEP11PopupWindowttb
                0x00403560       0x5c ./src/Display.o
                0x00403560                Window::SetPopup(PopupWindow*, unsigned short, unsigned short, bool)
 .text._ZN6Window10ClearPopupEbP11PopupWindow
                0x004035bc       0xd8 ./src/Display.o
                0x004035bc                Window::ClearPopup(bool, PopupWindow*)
 .text._ZN6Window6RedrawEP12DisplayField
                0x00403694       0xd0 ./src/Display.o
                0x00403694                Window::Redraw(DisplayField*)
 .text._ZN6Window4ShowEP12DisplayFieldb
                0x00403764       0xd0 ./src/Display.o
                0x00403764                Window::Show(DisplayField*, bool)
 .text._ZN6Window5PressE11ButtonPressb
                0x00403834       0x3c ./src/Display.o
                0x00403834                Window::Press(ButtonPress, bool)
 .text._ZN10MainWindowC2Ev
                0x00403870       0x14 ./src/Display.o
                0x00403870                MainWindow::MainWindow()
                0x00403870                MainWindow::MainWindow()
 .text._ZN10MainWindow4InitEt
                0x00403884        0x4 ./src/Display.o
                0x00403884                MainWindow::Init(unsigned short)
 .text._ZN10MainWindow14ClearAllPopupsEv
                0x00403888       0x1c ./src/Display.o
                0x00403888                MainWindow::ClearAllPopups()
 .text._ZN11PopupWindowC2Etttt
                0x004038a4       0x20 ./src/Display.o
                0x004038a4                PopupWindow::PopupWindow(unsigned short, unsigned short, unsigned short, unsigned short)
                0x004038a4                PopupWindow::PopupWindow(unsigned short, unsigned short, unsigned short, unsigned short)
 .text._ZN10ButtonBaseC2Ettt
                0x004038c4       0x48 ./src/Display.o
                0x004038c4                ButtonBase::ButtonBase(unsigned short, unsigned short, unsigned short)
                0x004038c4                ButtonBase::ButtonBase(unsigned short, unsigned short, unsigned short)
 .text._ZNK10ButtonBase11DrawOutlineEttb
                0x0040390c       0xa0 ./src/Display.o
                0x0040390c                ButtonBase::DrawOutline(unsigned short, unsigned short, bool) const
 .text._ZN17ButtonRowWithText7RefreshEbtt
                0x004039ac       0xd4 ./src/Display.o
                0x004039ac                ButtonRowWithText::Refresh(bool, unsigned short, unsigned short)
 .text._ZN12SingleButtonC2Ettt
                0x00403a80       0x1c ./src/Display.o
                0x00403a80                SingleButton::SingleButton(unsigned short, unsigned short, unsigned short)
                0x00403a80                SingleButton::SingleButton(unsigned short, unsigned short, unsigned short)
 .text._ZNK12SingleButton11DrawOutlineEtt
                0x00403a9c       0x10 ./src/Display.o
                0x00403a9c                SingleButton::DrawOutline(unsigned short, unsigned short) const
 .text._ZN14ButtonWithText7RefreshEbtt
                0x00403aac       0xe4 ./src/Display.o
                0x00403aac                ButtonWithText::Refresh(bool, unsigned short, unsigned short)
 .text._ZN10IconButton7RefreshEbtt
                0x00403b90       0x8c ./src/Display.o
                0x00403b90                IconButton::Refresh(bool, unsigned short, unsigned short)
 .text._ZN10TextButtonC2EtttPKchi
                0x00403c1c       0x34 ./src/Display.o
                0x00403c1c                TextButton::TextButton(unsigned short, unsigned short, unsigned short, char const*, unsigned char, int)
                0x00403c1c                TextButton::TextButton(unsigned short, unsigned short, unsigned short, char const*, unsigned char, int)
 .text._ZN10TextButtonC2EtttPKchS1_
                0x00403c50       0x28 ./src/Display.o
                0x00403c50                TextButton::TextButton(unsigned short, unsigned short, unsigned short, char const*, unsigned char, char const*)
                0x00403c50                TextButton::TextButton(unsigned short, unsigned short, unsigned short, char const*, unsigned char, char const*)
 .text._ZN10IconButtonC2EtttPKhhi
                0x00403c78       0x28 ./src/Display.o
                0x00403c78                IconButton::IconButton(unsigned short, unsigned short, unsigned short, unsigned char const*, unsigned char, int)
                0x00403c78                IconButton::IconButton(unsigned short, unsigned short, unsigned short, unsigned char const*, unsigned char, int)
 .text._ZN10IconButtonC2EtttPKhhPKc
                0x00403ca0       0x28 ./src/Display.o
                0x00403ca0                IconButton::IconButton(unsigned short, unsigned short, unsigned short, unsigned char const*, unsigned char, char const*)
                0x00403ca0                IconButton::IconButton(unsigned short, unsigned short, unsigned short, unsigned char const*, unsigned char, char const*)
 .text._ZN13CharButtonRowC2EttttPKch
                0x00403cc8       0x50 ./src/Display.o
                0x00403cc8                CharButtonRow::CharButtonRow(unsigned short, unsigned short, unsigned short, unsigned short, char const*, unsigned char)
                0x00403cc8                CharButtonRow::CharButtonRow(unsigned short, unsigned short, unsigned short, unsigned short, char const*, unsigned char)
 .text._ZN13CharButtonRow10ChangeTextEPKc
                0x00403d18        0xc ./src/Display.o
                0x00403d18                CharButtonRow::ChangeText(char const*)
 .text._ZNK13CharButtonRow9PrintTextEj
                0x00403d24       0x14 ./src/Display.o
                0x00403d24                CharButtonRow::PrintText(unsigned int) const
 .text._ZN11FileManager7FileSet20ReloadMacroShortListEi
                0x00403d38       0x60 ./src/FileManager.o
                0x00403d38                FileManager::FileSet::ReloadMacroShortList(int)
 .text._ZNK11FileManager7FileSet10IsInSubdirEv
                0x00403d98       0x62 ./src/FileManager.o
                0x00403d98                FileManager::FileSet::IsInSubdir() const
 *fill*         0x00403dfa        0x2 
 .text._ZN11FileManager7FileSet15FileListUpdatedEv
                0x00403dfc      0x10c ./src/FileManager.o
                0x00403dfc                FileManager::FileSet::FileListUpdated()
 .text._ZN11FileManager7FileSet6ScrollEi
                0x00403f08       0x14 ./src/FileManager.o
                0x00403f08                FileManager::FileSet::Scroll(int)
 .text._ZN11FileManager7FileSet10SetPendingEv
                0x00403f1c       0x3c ./src/FileManager.o
                0x00403f1c                FileManager::FileSet::SetPending()
 .text._ZN11FileManager7FileSet7DisplayEv
                0x00403f58       0x34 ./src/FileManager.o
                0x00403f58                FileManager::FileSet::Display()
 .text._ZN11FileManager15BeginNewMessageEv
                0x00403f8c       0x24 ./src/FileManager.o
                0x00403f8c                FileManager::BeginNewMessage()
 .text._ZN11FileManager19BeginReceivingFilesEv
                0x00403fb0       0x60 ./src/FileManager.o
                0x00403fb0                FileManager::BeginReceivingFiles()
 .text._ZN11FileManager11ReceiveFileEPKc
                0x00404010       0x90 ./src/FileManager.o
                0x00404010                FileManager::ReceiveFile(char const*)
 .text._ZN11FileManager16ReceiveErrorCodeEi
                0x004040a0       0x18 ./src/FileManager.o
                0x004040a0                FileManager::ReceiveErrorCode(int)
 .text._ZN11FileManager16DisplayFilesListEv
                0x004040b8       0x10 ./src/FileManager.o
                0x004040b8                FileManager::DisplayFilesList()
 .text._ZN11FileManager17DisplayMacrosListEv
                0x004040c8       0x10 ./src/FileManager.o
                0x004040c8                FileManager::DisplayMacrosList()
 .text._ZN11FileManager11ScrollFilesEi
                0x004040d8       0x10 ./src/FileManager.o
                0x004040d8                FileManager::ScrollFiles(int)
 .text._ZN11FileManager12ScrollMacrosEi
                0x004040e8       0x10 ./src/FileManager.o
                0x004040e8                FileManager::ScrollMacros(int)
 .text._ZN11FileManager11GetFilesDirEv
                0x004040f8        0x8 ./src/FileManager.o
                0x004040f8                FileManager::GetFilesDir()
 .text._ZN11FileManager12GetMacrosDirEv
                0x00404100        0x8 ./src/FileManager.o
                0x00404100                FileManager::GetMacrosDir()
 .text._ZN11FileManager16GetMacrosRootDirEv
                0x00404108        0xc ./src/FileManager.o
                0x00404108                FileManager::GetMacrosRootDir()
 .text._ZN11FileManager16RefreshFilesListEv
                0x00404114       0x10 ./src/FileManager.o
                0x00404114                FileManager::RefreshFilesList()
 .text._ZN11FileManager17RefreshMacrosListEv
                0x00404124       0x10 ./src/FileManager.o
                0x00404124                FileManager::RefreshMacrosList()
 .text._ZN11FileManager13ProcessTimersEv
                0x00404134       0x24 ./src/FileManager.o
                0x00404134                FileManager::ProcessTimers()
 .text._ZN11FileManager13SetNumVolumesEj
                0x00404158       0x10 ./src/FileManager.o
                0x00404158                FileManager::SetNumVolumes(unsigned int)
 .text._ZN6StringILj100EE3addEc
                0x00404168       0x26 ./src/FileManager.o
                0x00404168                String<100u>::add(char)
 *fill*         0x0040418e        0x2 
 .text._ZN11FileManager7FileSet16RequestParentDirEv
                0x00404190       0x6c ./src/FileManager.o
                0x00404190                FileManager::FileSet::RequestParentDir()
 .text._ZN11FileManager21RequestFilesParentDirEv
                0x004041fc       0x10 ./src/FileManager.o
                0x004041fc                FileManager::RequestFilesParentDir()
 .text._ZN11FileManager22RequestMacrosParentDirEv
                0x0040420c       0x10 ./src/FileManager.o
                0x0040420c                FileManager::RequestMacrosParentDir()
 .text._ZN6StringILj100EE3catEPKc
                0x0040421c       0x1c ./src/FileManager.o
                0x0040421c                String<100u>::cat(char const*)
 .text._ZN11FileManager7FileSet6ReloadEiRK6StringILj100EEi
                0x00404238       0x50 ./src/FileManager.o
                0x00404238                FileManager::FileSet::Reload(int, String<100u> const&, int)
 .text._ZN11FileManager18EndReceivedMessageEv
                0x00404288      0x180 ./src/FileManager.o
                0x00404288                FileManager::EndReceivedMessage()
 .text._ZN11FileManager20ReceiveDirectoryNameEPKc
                0x00404408       0x1c ./src/FileManager.o
                0x00404408                FileManager::ReceiveDirectoryName(char const*)
 .text._ZN11FileManager7FileSetC2EPKcjb
                0x00404424       0x54 ./src/FileManager.o
                0x00404424                FileManager::FileSet::FileSet(char const*, unsigned int, bool)
                0x00404424                FileManager::FileSet::FileSet(char const*, unsigned int, bool)
 .text._ZN11FileManager7FileSet13SetupRootPathEv
                0x00404478       0x3c ./src/FileManager.o
                0x00404478                FileManager::FileSet::SetupRootPath()
 .text._ZN11FileManager23FirmwareFeaturesChangedEv
                0x004044b4       0x10 ./src/FileManager.o
                0x004044b4                FileManager::FirmwareFeaturesChanged()
 .text._ZN11FileManager7FileSet13RequestSubdirEPKc
                0x004044c4       0x6c ./src/FileManager.o
                0x004044c4                FileManager::FileSet::RequestSubdir(char const*)
 .text._ZN11FileManager18RequestFilesSubdirEPKc
                0x00404530       0x10 ./src/FileManager.o
                0x00404530                FileManager::RequestFilesSubdir(char const*)
 .text._ZN11FileManager19RequestMacrosSubdirEPKc
                0x00404540       0x10 ./src/FileManager.o
                0x00404540                FileManager::RequestMacrosSubdir(char const*)
 .text._ZN6StringILj100EE6printfEPKcz
                0x00404550       0x38 ./src/FileManager.o
                0x00404550                String<100u>::printf(char const*, ...)
 .text._ZN11FileManager7FileSet10SelectCardEj
                0x00404588       0x94 ./src/FileManager.o
                0x00404588                FileManager::FileSet::SelectCard(unsigned int)
 .text._ZN11FileManager7FileSet8NextCardEv
                0x0040461c       0x2c ./src/FileManager.o
                0x0040461c                FileManager::FileSet::NextCard()
 .text._ZN11FileManager8NextCardEv
                0x00404648       0x10 ./src/FileManager.o
                0x00404648                FileManager::NextCard()
 .text.startup._GLOBAL__sub_I__ZN11FileManager9filesRootE
                0x00404658       0x6c ./src/FileManager.o
 .text._ZN10MessageLog14UpdateMessagesEb
                0x004046c4      0x150 ./src/MessageLog.o
                0x004046c4                MessageLog::UpdateMessages(bool)
 .text._ZN10MessageLog4InitEv
                0x00404814       0x24 ./src/MessageLog.o
                0x00404814                MessageLog::Init()
 .text._ZN10MessageLog11SaveMessageEPKc
                0x00404838       0x34 ./src/MessageLog.o
                0x00404838                MessageLog::SaveMessage(char const*)
 .text._ZN10MessageLog15BeginNewMessageEv
                0x0040486c       0x10 ./src/MessageLog.o
                0x0040486c                MessageLog::BeginNewMessage()
 .text._ZN10MessageLog14FindSplitPointEPKcjt
                0x0040487c       0x9c ./src/MessageLog.o
                0x0040487c                MessageLog::FindSplitPoint(char const*, unsigned int, unsigned short)
 .text._ZN10MessageLog13AppendMessageEPKc
                0x00404918       0xe4 ./src/MessageLog.o
                0x00404918                MessageLog::AppendMessage(char const*)
 .text._ZN10MessageLog17DisplayNewMessageEv
                0x004049fc       0x40 ./src/MessageLog.o
                0x004049fc                MessageLog::DisplayNewMessage()
 .text.startup._GLOBAL__sub_I__ZN10MessageLog4InitEv
                0x00404a3c       0x10 ./src/MessageLog.o
 .text._ZNK9FlashData7IsValidEv
                0x00404a4c       0x44 ./src/PanelDue.o
                0x00404a4c                FlashData::IsValid() const
 .text._ZN9FlashDataeqERKS_
                0x00404a90       0x5c ./src/PanelDue.o
                0x00404a90                FlashData::operator==(FlashData const&)
 .text._ZN9FlashData11SetDefaultsEv
                0x00404aec       0x3c ./src/PanelDue.o
                0x00404aec                FlashData::SetDefaults()
 .text._ZN9FlashData4LoadEv
                0x00404b28       0x10 ./src/PanelDue.o
                0x00404b28                FlashData::Load()
 .text._ZNK9FlashData4SaveEv
                0x00404b38       0x1c ./src/PanelDue.o
                0x00404b38                FlashData::Save() const
 .text._Z19GetFirmwareFeaturesv
                0x00404b54        0xc ./src/PanelDue.o
                0x00404b54                GetFirmwareFeatures()
 .text._Z14CondStripDrivePKc
                0x00404b60       0x20 ./src/PanelDue.o
                0x00404b60                CondStripDrive(char const*)
 .text._Z5Delaym
                0x00404b80       0x18 ./src/PanelDue.o
                0x00404b80                Delay(unsigned long)
 .text._Z15PrintInProgressv
                0x00404b98       0x28 ./src/PanelDue.o
                0x00404b98                PrintInProgress()
 .text._Z7bsearchPK21ReceiveDataTableEntryjPKc
                0x00404bc0       0x64 ./src/PanelDue.o
                0x00404bc0                bsearch(ReceiveDataTableEntry const*, unsigned int, char const*)
 .text._Z8OkToSendv
                0x00404c24       0x20 ./src/PanelDue.o
                0x00404c24                OkToSend()
 .text._Z9GetStatusv
                0x00404c44        0xc ./src/PanelDue.o
                0x00404c44                GetStatus()
 .text._Z14DelayTouchLongv
                0x00404c50       0x20 ./src/PanelDue.o
                0x00404c50                DelayTouchLong()
 .text._Z17ShortenTouchDelayv
                0x00404c70        0xc ./src/PanelDue.o
                0x00404c70                ShortenTouchDelay()
 .text._Z9TouchBeepv
                0x00404c7c       0x18 ./src/PanelDue.o
                0x00404c7c                TouchBeep()
 .text._Z9ErrorBeepv
                0x00404c94       0x28 ./src/PanelDue.o
                0x00404c94                ErrorBeep()
 .text._Z12DoTouchCalibttttbRt
                0x00404cbc       0xbc ./src/PanelDue.o
                0x00404cbc                DoTouchCalib(unsigned short, unsigned short, unsigned short, unsigned short, bool, unsigned short&)
 .text._Z12IsSaveNeededv
                0x00404d78       0x20 ./src/PanelDue.o
                0x00404d78                IsSaveNeeded()
 .text._Z13MirrorDisplayv
                0x00404d98       0x28 ./src/PanelDue.o
                0x00404d98                MirrorDisplay()
 .text._Z13InvertDisplayv
                0x00404dc0       0x28 ./src/PanelDue.o
                0x00404dc0                InvertDisplay()
 .text._Z11SetBaudRatem
                0x00404de8       0x10 ./src/PanelDue.o
                0x00404de8                SetBaudRate(unsigned long)
 .text._Z17RestoreBrightnessv
                0x00404df8       0x30 ./src/PanelDue.o
                0x00404df8                RestoreBrightness()
 .text._Z7InitLcd18DisplayOrientationmm
                0x00404e28       0x60 ./src/PanelDue.o
                0x00404e28                InitLcd(DisplayOrientation, unsigned long, unsigned long)
 .text._Z13SetBrightnessi
                0x00404e88       0x1c ./src/PanelDue.o
                0x00404e88                SetBrightness(int)
 .text._Z13DimBrightnessv
                0x00404ea4       0x3c ./src/PanelDue.o
                0x00404ea4                DimBrightness()
 .text._Z20GetDisplayDimmerTypev
                0x00404ee0        0xc ./src/PanelDue.o
                0x00404ee0                GetDisplayDimmerType()
 .text._Z20SetDisplayDimmerType17DisplayDimmerType
                0x00404eec        0xc ./src/PanelDue.o
                0x00404eec                SetDisplayDimmerType(DisplayDimmerType)
 .text._Z9SetVolumem
                0x00404ef8        0xc ./src/PanelDue.o
                0x00404ef8                SetVolume(unsigned long)
 .text._Z15SetColourSchemem
                0x00404f04       0x14 ./src/PanelDue.o
                0x00404f04                SetColourScheme(unsigned long)
 .text._Z11SetLanguagem
                0x00404f18       0x14 ./src/PanelDue.o
                0x00404f18                SetLanguage(unsigned long)
 .text._Z11GetBaudRatev
                0x00404f2c        0xc ./src/PanelDue.o
                0x00404f2c                GetBaudRate()
 .text._Z9GetVolumev
                0x00404f38        0xc ./src/PanelDue.o
                0x00404f38                GetVolume()
 .text._Z13GetBrightnessv
                0x00404f44        0xc ./src/PanelDue.o
                0x00404f44                GetBrightness()
 .text._Z12FactoryResetv
                0x00404f50       0x68 ./src/PanelDue.o
                0x00404f50                FactoryReset()
 .text._Z12SaveSettingsv
                0x00404fb8       0x30 ./src/PanelDue.o
                0x00404fb8                SaveSettings()
 .text._Z9SetStatusc
                0x00404fe8       0x78 ./src/PanelDue.o
                0x00404fe8                SetStatus(char)
 .text._Z9Reconnectv
                0x00405060       0x24 ./src/PanelDue.o
                0x00405060                Reconnect()
 .text._Z10GetIntegerPKcRl
                0x00405084       0x94 ./src/PanelDue.o
                0x00405084                GetInteger(char const*, long&)
 .text._Z18GetUnsignedIntegerPKcRm
                0x00405118       0x28 ./src/PanelDue.o
                0x00405118                GetUnsignedInteger(char const*, unsigned long&)
 .text._Z8GetFloatPKcRf
                0x00405140       0x38 ./src/PanelDue.o
                0x00405140                GetFloat(char const*, float&)
 .text._Z20StartReceivedMessagev
                0x00405178       0x30 ./src/PanelDue.o
                0x00405178                StartReceivedMessage()
 .text._Z18EndReceivedMessagev
                0x004051a8       0x80 ./src/PanelDue.o
                0x004051a8                EndReceivedMessage()
 .text._Z20ProcessReceivedValuePKcS0_PKj
                0x00405228      0x618 ./src/PanelDue.o
                0x00405228                ProcessReceivedValue(char const*, char const*, unsigned int const*)
 .text._Z15ProcessArrayEndPKcPKj
                0x00405840       0x40 ./src/PanelDue.o
                0x00405840                ProcessArrayEnd(char const*, unsigned int const*)
 .text._Z15UpdateDebugInfov
                0x00405880       0x20 ./src/PanelDue.o
                0x00405880                UpdateDebugInfo()
 .text.__cxa_pure_virtual
                0x004058a0        0x2 ./src/PanelDue.o
                0x004058a0                __cxa_pure_virtual
 *fill*         0x004058a2        0x2 
 .text.startup._GLOBAL__sub_I_lcd
                0x004058a4       0x98 ./src/PanelDue.o
 .text._Z14CalibrateTouchv
                0x0040593c      0x11c ./src/PanelDue.o
                0x0040593c                CalibrateTouch()
 .text.startup.main
                0x00405a58      0x434 ./src/PanelDue.o
                0x00405a58                main
 .text._ZN5Print5printEPKc
                0x00405e8c       0x26 ./src/Print.o
                0x00405e8c                Print::print(char const*)
 .text._ZN5Print5printEPKcj
                0x00405eb2       0x2c ./src/Print.o
                0x00405eb2                Print::print(char const*, unsigned int)
 *fill*         0x00405ede        0x2 
 .text._ZN5Print11printNumberEmj
                0x00405ee0       0x44 ./src/Print.o
                0x00405ee0                Print::printNumber(unsigned long, unsigned int)
 .text._ZN5Print5printElj
                0x00405f24       0x48 ./src/Print.o
                0x00405f24                Print::print(long, unsigned int)
 .text._ZN5Print10printFloatEfj
                0x00405f6c      0x190 ./src/Print.o
                0x00405f6c                Print::printFloat(float, unsigned int)
 .text._ZN12RequestTimerC2EmPKcS1_
                0x004060fc        0xe ./src/RequestTimer.o
                0x004060fc                RequestTimer::RequestTimer(unsigned long, char const*, char const*)
                0x004060fc                RequestTimer::RequestTimer(unsigned long, char const*, char const*)
 *fill*         0x0040610a        0x2 
 .text._ZN12RequestTimer7ProcessEv
                0x0040610c       0x60 ./src/RequestTimer.o
                0x0040610c                RequestTimer::Process()
 .text._ZN2UIL20ClearAlertOrResponseEv
                0x0040616c       0x44 ./src/UserInterface.o
 .text._ZN2UIL13StopAdjustingEv
                0x004061b0       0x30 ./src/UserInterface.o
 .text._ZN2UIL21CurrentButtonReleasedEv
                0x004061e0       0x30 ./src/UserInterface.o
 .text._ZN2UIL9AdjustingE11ButtonPress
                0x00406210       0x38 ./src/UserInterface.o
 .text._ZN9TextFieldC2Ettt13TextAlignmentPKcS2_b
                0x00406248       0x48 ./src/UserInterface.o
                0x00406248                TextField::TextField(unsigned short, unsigned short, unsigned short, TextAlignment, char const*, char const*, bool)
                0x00406248                TextField::TextField(unsigned short, unsigned short, unsigned short, TextAlignment, char const*, char const*, bool)
 .text._ZN15StaticTextFieldC2Ettt13TextAlignmentPKcb
                0x00406290       0x50 ./src/UserInterface.o
                0x00406290                StaticTextField::StaticTextField(unsigned short, unsigned short, unsigned short, TextAlignment, char const*, bool)
                0x00406290                StaticTextField::StaticTextField(unsigned short, unsigned short, unsigned short, TextAlignment, char const*, bool)
 .text._ZN15StaticTextField8SetValueEPKc
                0x004062e0       0x18 ./src/UserInterface.o
                0x004062e0                StaticTextField::SetValue(char const*)
 .text._ZN19StandardPopupWindowC2EttttttPKct
                0x004062f8       0xd0 ./src/UserInterface.o
                0x004062f8                StandardPopupWindow::StandardPopupWindow(unsigned short, unsigned short, unsigned short, unsigned short, unsigned short, unsigned short, char const*, unsigned short)
                0x004062f8                StandardPopupWindow::StandardPopupWindow(unsigned short, unsigned short, unsigned short, unsigned short, unsigned short, unsigned short, char const*, unsigned short)
 .text._ZN10AlertPopupC2ERK12ColourScheme
                0x004063c8      0x2bc ./src/UserInterface.o
                0x004063c8                AlertPopup::AlertPopup(ColourScheme const&)
                0x004063c8                AlertPopup::AlertPopup(ColourScheme const&)
 .text._Z13AddTextButtontjjPKc5EventS0_
                0x00406684       0x60 ./src/UserInterface.o
                0x00406684                AddTextButton(unsigned short, unsigned int, unsigned int, char const*, Event, char const*)
 .text._Z16AddIntegerButtontjjPKcS0_5Event
                0x004066e4       0x6c ./src/UserInterface.o
                0x004066e4                AddIntegerButton(unsigned short, unsigned int, unsigned int, char const*, char const*, Event)
 .text._Z13AddIconButtontjjPKh5EventPKc
                0x00406750       0x60 ./src/UserInterface.o
                0x00406750                AddIconButton(unsigned short, unsigned int, unsigned int, unsigned char const*, Event, char const*)
 .text._Z21CreateStringButtonRowP6WindowttttjPKPKcS4_5Eventi
                0x004067b0       0xb4 ./src/UserInterface.o
                0x004067b0                CreateStringButtonRow(Window*, unsigned short, unsigned short, unsigned short, unsigned short, unsigned int, char const* const*, char const* const*, Event, int)
 .text._Z17CreateIntPopupBarRK12ColourSchemetjPKPKcPKi5EventS8_
                0x00406864       0xc4 ./src/UserInterface.o
                0x00406864                CreateIntPopupBar(ColourScheme const&, unsigned short, unsigned int, char const* const*, int const*, Event, Event)
 .text._Z11StripPrefixPKc
                0x00406928       0x74 ./src/UserInterface.o
                0x00406928                StripPrefix(char const*)
 .text._Z16ChangeBrightnessb
                0x0040699c       0x2c ./src/UserInterface.o
                0x0040699c                ChangeBrightness(bool)
 .text._Z23ChangeDisplayDimmerTypev
                0x004069c8       0x20 ./src/UserInterface.o
                0x004069c8                ChangeDisplayDimmerType()
 .text._Z11UpdateFieldP13IntegerButtoni
                0x004069e8       0x20 ./src/UserInterface.o
                0x004069e8                UpdateField(IntegerButton*, int)
 .text._Z15PopupAreYouSure5EventPKcS1_
                0x00406a08       0x4c ./src/UserInterface.o
                0x00406a08                PopupAreYouSure(Event, char const*, char const*)
 .text._Z24CreateIntegerAdjustPopupRK12ColourScheme
                0x00406a54       0x50 ./src/UserInterface.o
                0x00406a54                CreateIntegerAdjustPopup(ColourScheme const&)
 .text._Z18CreateExtrudePopupRK12ColourScheme
                0x00406aa4      0x1a0 ./src/UserInterface.o
                0x00406aa4                CreateExtrudePopup(ColourScheme const&)
 .text._Z19CreateFileListPopupR15FileListButtonsPP10TextButtonjjRK12ColourSchemeb
                0x00406c44      0x2fc ./src/UserInterface.o
                0x00406c44                CreateFileListPopup(FileListButtons&, TextButton**, unsigned int, unsigned int, ColourScheme const&, bool)
 .text._Z21CreateFileActionPopupRK12ColourScheme
                0x00406f40      0x398 ./src/UserInterface.o
                0x00406f40                CreateFileActionPopup(ColourScheme const&)
 .text._Z21CreateAreYouSurePopupRK12ColourScheme
                0x004072d8      0x128 ./src/UserInterface.o
                0x004072d8                CreateAreYouSurePopup(ColourScheme const&)
 .text._Z19CreateBaudRatePopupRK12ColourScheme
                0x00407400       0x30 ./src/UserInterface.o
                0x00407400                CreateBaudRatePopup(ColourScheme const&)
 .text._Z17CreateVolumePopupRK12ColourScheme
                0x00407430       0x2c ./src/UserInterface.o
                0x00407430                CreateVolumePopup(ColourScheme const&)
 .text._Z18CreateColoursPopupRK12ColourScheme
                0x0040745c       0x44 ./src/UserInterface.o
                0x0040745c                CreateColoursPopup(ColourScheme const&)
 .text._Z19CreateLanguagePopupRK12ColourScheme
                0x004074a0       0x9c ./src/UserInterface.o
                0x004074a0                CreateLanguagePopup(ColourScheme const&)
 .text._Z19CreateKeyboardPopupm12ColourScheme
                0x0040753c      0x2b8 ./src/UserInterface.o
                0x0040753c                CreateKeyboardPopup(unsigned long, ColourScheme)
 .text._Z19CreateBabystepPopupRK12ColourScheme
                0x004077f4      0x124 ./src/UserInterface.o
                0x004077f4                CreateBabystepPopup(ColourScheme const&)
 .text._Z21CreateTemperatureGridRK12ColourScheme
                0x00407918      0x294 ./src/UserInterface.o
                0x00407918                CreateTemperatureGrid(ColourScheme const&)
 .text._Z22CreateControlTabFieldsRK12ColourScheme
                0x00407bac      0x338 ./src/UserInterface.o
                0x00407bac                CreateControlTabFields(ColourScheme const&)
 .text._Z23CreatePrintingTabFieldsRK12ColourScheme
                0x00407ee4      0x39c ./src/UserInterface.o
                0x00407ee4                CreatePrintingTabFields(ColourScheme const&)
 .text._Z22CreateMessageTabFieldsRK12ColourScheme
                0x00408280      0x128 ./src/UserInterface.o
                0x00408280                CreateMessageTabFields(ColourScheme const&)
 .text._Z20CreateSetupTabFieldsmRK12ColourScheme
                0x004083a8      0x238 ./src/UserInterface.o
                0x004083a8                CreateSetupTabFields(unsigned long, ColourScheme const&)
 .text._Z21DisplayColourGradientv
                0x004085e0       0xc8 ./src/UserInterface.o
                0x004085e0                DisplayColourGradient()
 .text._Z18CreateCommonFieldsRK12ColourScheme
                0x004086a8       0xa8 ./src/UserInterface.o
                0x004086a8                CreateCommonFields(ColourScheme const&)
 .text._Z15CreateMainPagesmRK12ColourScheme
                0x00408750      0x104 ./src/UserInterface.o
                0x00408750                CreateMainPages(unsigned long, ColourScheme const&)
 .text._ZN2UI15GetNumLanguagesEv
                0x00408854        0x4 ./src/UserInterface.o
                0x00408854                UI::GetNumLanguages()
 .text._ZN2UI15ShowFilesButtonEv
                0x00408858       0x5c ./src/UserInterface.o
                0x00408858                UI::ShowFilesButton()
 .text._ZN2UI15ShowPauseButtonEv
                0x004088b4       0x5c ./src/UserInterface.o
                0x004088b4                UI::ShowPauseButton()
 .text._ZN2UI26ShowResumeAndCancelButtonsEv
                0x00408910       0x5c ./src/UserInterface.o
                0x00408910                UI::ShowResumeAndCancelButtons()
 .text._ZN2UI8ShowAxisEjb
                0x0040896c       0x40 ./src/UserInterface.o
                0x0040896c                UI::ShowAxis(unsigned int, bool)
 .text._Z15CreateMovePopupRK12ColourScheme
                0x004089ac      0x130 ./src/UserInterface.o
                0x004089ac                CreateMovePopup(ColourScheme const&)
 .text._ZN2UI12CreateFieldsEmRK12ColourScheme
                0x00408adc      0x198 ./src/UserInterface.o
                0x00408adc                UI::CreateFields(unsigned long, ColourScheme const&)
 .text._ZN2UI18UpdateAxisPositionEjf
                0x00408c74       0x1c ./src/UserInterface.o
                0x00408c74                UI::UpdateAxisPosition(unsigned int, float)
 .text._ZN2UI24UpdateCurrentTemperatureEjf
                0x00408c90       0x30 ./src/UserInterface.o
                0x00408c90                UI::UpdateCurrentTemperature(unsigned int, float)
 .text._ZN2UI18UpdateHeaterStatusEji
                0x00408cc0       0x68 ./src/UserInterface.o
                0x00408cc0                UI::UpdateHeaterStatus(unsigned int, int)
 .text._ZN2UI12ShowKeyboardEv
                0x00408d28       0x30 ./src/UserInterface.o
                0x00408d28                UI::ShowKeyboard()
 .text._ZN2UI14PopupCancelledEv
                0x00408d58       0x20 ./src/UserInterface.o
                0x00408d58                UI::PopupCancelled()
 .text._ZN2UI9DoPollingEv
                0x00408d78       0x18 ./src/UserInterface.o
                0x00408d78                UI::DoPolling()
 .text._ZN2UI4SpinEv
                0x00408d90       0x50 ./src/UserInterface.o
                0x00408d90                UI::Spin()
 .text._ZN2UI20UpdatePrintingFieldsEv
                0x00408de0       0x8c ./src/UserInterface.o
                0x00408de0                UI::UpdatePrintingFields()
 .text._ZN2UI23SetPrintProgressPercentEj
                0x00408e6c       0x14 ./src/UserInterface.o
                0x00408e6c                UI::SetPrintProgressPercent(unsigned int)
 .text._ZN2UI14UpdateGeometryEjb
                0x00408e80       0x78 ./src/UserInterface.o
                0x00408e80                UI::UpdateGeometry(unsigned int, bool)
 .text._ZN2UI17UpdateHomedStatusEib
                0x00408ef8       0x40 ./src/UserInterface.o
                0x00408ef8                UI::UpdateHomedStatus(int, bool)
 .text._ZN2UI12UpdateZProbeEPKc
                0x00408f38       0x3c ./src/UserInterface.o
                0x00408f38                UI::UpdateZProbe(char const*)
 .text._ZN2UI17UpdateMachineNameEPKc
                0x00408f74       0x3c ./src/UserInterface.o
                0x00408f74                UI::UpdateMachineName(char const*)
 .text._ZN2UI16UpdateFanPercentEi
                0x00408fb0       0x14 ./src/UserInterface.o
                0x00408fb0                UI::UpdateFanPercent(int)
 .text._ZN2UI23UpdateActiveTemperatureEji
                0x00408fc4       0x20 ./src/UserInterface.o
                0x00408fc4                UI::UpdateActiveTemperature(unsigned int, int)
 .text._ZN2UI24UpdateStandbyTemperatureEji
                0x00408fe4       0x20 ./src/UserInterface.o
                0x00408fe4                UI::UpdateStandbyTemperature(unsigned int, int)
 .text._ZN2UI21UpdateExtrusionFactorEji
                0x00409004       0x18 ./src/UserInterface.o
                0x00409004                UI::UpdateExtrusionFactor(unsigned int, int)
 .text._ZN2UI18UpdateSpeedPercentEi
                0x0040901c       0x14 ./src/UserInterface.o
                0x0040901c                UI::UpdateSpeedPercent(int)
 .text._ZN2UI10ClearAlertEv
                0x00409030       0x38 ./src/UserInterface.o
                0x00409030                UI::ClearAlert()
 .text._ZN2UI13CanDimDisplayEv
                0x00409068       0x14 ./src/UserInterface.o
                0x00409068                UI::CanDimDisplay()
 .text._ZN2UI12FileSelectedEPKc
                0x0040907c       0xb0 ./src/UserInterface.o
                0x0040907c                UI::FileSelected(char const*)
 .text._ZN2UI26UpdateFileLastModifiedTextEPKc
                0x0040912c       0x4c ./src/UserInterface.o
                0x0040912c                UI::UpdateFileLastModifiedText(char const*)
 .text._ZN2UI22UpdateFileObjectHeightEf
                0x00409178       0x14 ./src/UserInterface.o
                0x00409178                UI::UpdateFileObjectHeight(float)
 .text._ZN2UI21UpdateFileLayerHeightEf
                0x0040918c       0x14 ./src/UserInterface.o
                0x0040918c                UI::UpdateFileLayerHeight(float)
 .text._ZN2UI14UpdateFileSizeEi
                0x004091a0       0x14 ./src/UserInterface.o
                0x004091a0                UI::UpdateFileSize(int)
 .text._ZN2UI18UpdateFileFilamentEi
                0x004091b4       0x14 ./src/UserInterface.o
                0x004091b4                UI::UpdateFileFilament(int)
 .text._ZN2UI20IsDisplayingFileInfoEv
                0x004091c8       0x10 ./src/UserInterface.o
                0x004091c8                UI::IsDisplayingFileInfo()
 .text._ZN2UI23FirmwareFeaturesChangedEm
                0x004091d8       0x30 ./src/UserInterface.o
                0x004091d8                UI::FirmwareFeaturesChanged(unsigned long)
 .text._ZN2UI20OnButtonPressTimeoutEv
                0x00409208       0x14 ./src/UserInterface.o
                0x00409208                UI::OnButtonPressTimeout()
 .text._ZN2UI24DisplayFilesOrMacrosListEbij
                0x0040921c       0x5c ./src/UserInterface.o
                0x0040921c                UI::DisplayFilesOrMacrosList(bool, int, unsigned int)
 .text._ZN2UI14FileListLoadedEbi
                0x00409278       0x3c ./src/UserInterface.o
                0x00409278                UI::FileListLoaded(bool, int)
 .text._ZN2UI20EnableFileNavButtonsEbbbb
                0x004092b4       0x44 ./src/UserInterface.o
                0x004092b4                UI::EnableFileNavButtons(bool, bool, bool, bool)
 .text._ZN2UI16UpdateFileButtonEbjPKcS1_
                0x004092f8       0x48 ./src/UserInterface.o
                0x004092f8                UI::UpdateFileButton(bool, unsigned int, char const*, char const*)
 .text._ZN2UI19GetNumScrolledFilesEb
                0x00409340        0x4 ./src/UserInterface.o
                0x00409340                UI::GetNumScrolledFiles(bool)
 .text._ZN2UI17SetBabystepOffsetEf
                0x00409344       0x14 ./src/UserInterface.o
                0x00409344                UI::SetBabystepOffset(float)
 .text._ZN6StringILj55EE4copyEPKc
                0x00409358       0x22 ./src/UserInterface.o
                0x00409358                String<55u>::copy(char const*)
 .text._ZN6StringILj50EE3catEPKc
                0x0040937a       0x1c ./src/UserInterface.o
                0x0040937a                String<50u>::cat(char const*)
 *fill*         0x00409396        0x2 
 .text._ZN2UI20UpdateMacroShortListEjPKc
                0x00409398       0x94 ./src/UserInterface.o
                0x00409398                UI::UpdateMacroShortList(unsigned int, char const*)
 .text._ZN2UI25UpdateFileGeneratedByTextEPKc
                0x0040942c       0x2c ./src/UserInterface.o
                0x0040942c                UI::UpdateFileGeneratedByText(char const*)
 .text._ZN10AlertPopup3SetEPKcS1_lm
                0x00409458       0xec ./src/UserInterface.o
                0x00409458                AlertPopup::Set(char const*, char const*, long, unsigned long)
 .text._ZN2UI12ProcessAlertERK5Alert
                0x00409544       0xa0 ./src/UserInterface.o
                0x00409544                UI::ProcessAlert(Alert const&)
 .text._ZN2UI18ProcessSimpleAlertEPKc
                0x004095e4       0x7c ./src/UserInterface.o
                0x004095e4                UI::ProcessSimpleAlert(char const*)
 .text._ZN2UI19NewResponseReceivedEPKc
                0x00409660       0xb4 ./src/UserInterface.o
                0x00409660                UI::NewResponseReceived(char const*)
 .text._ZN6StringILj50EE4catfEPKcz
                0x00409714       0x40 ./src/UserInterface.o
                0x00409714                String<50u>::catf(char const*, ...)
 .text._ZN2UIL14AppendTimeLeftEi
                0x00409754       0x6c ./src/UserInterface.o
 .text._ZN2UI15UpdateTimesLeftEjj
                0x004097c0       0x88 ./src/UserInterface.o
                0x004097c0                UI::UpdateTimesLeft(unsigned int, unsigned int)
 .text._ZN6StringILj12EE6printfEPKcz
                0x00409848       0x38 ./src/UserInterface.o
                0x00409848                String<12u>::printf(char const*, ...)
 .text._ZN2UI19UpdatePrintTimeTextEmb
                0x00409880       0x78 ./src/UserInterface.o
                0x00409880                UI::UpdatePrintTimeText(unsigned long, bool)
 .text._ZN6StringILj40EE3catEPKc
                0x004098f8       0x1c ./src/UserInterface.o
                0x004098f8                String<40u>::cat(char const*)
 .text._ZN2UI23PrintingFilenameChangedEPKc
                0x00409914       0x5c ./src/UserInterface.o
                0x00409914                UI::PrintingFilenameChanged(char const*)
 .text.startup._GLOBAL__sub_I_fwVersionField
                0x00409970       0xa8 ./src/UserInterface.o
 .text._ZN2UI10ChangePageEP10ButtonBase
                0x00409a18      0x11c ./src/UserInterface.o
                0x00409a18                UI::ChangePage(ButtonBase*)
 .text._ZN2UI12ChangeStatusE13PrinterStatusS0_
                0x00409b34       0xa8 ./src/UserInterface.o
                0x00409b34                UI::ChangeStatus(PrinterStatus, PrinterStatus)
 .text._ZN2UI12PrintStartedEv
                0x00409bdc       0x10 ./src/UserInterface.o
                0x00409bdc                UI::PrintStarted()
 .text._ZN2UI15ShowDefaultPageEv
                0x00409bec       0x10 ./src/UserInterface.o
                0x00409bec                UI::ShowDefaultPage()
 .text._ZN2UI12ProcessTouchE11ButtonPress
                0x00409bfc      0xa88 ./src/UserInterface.o
                0x00409bfc                UI::ProcessTouch(ButtonPress)
 .text._ZN2UI24ProcessTouchOutsidePopupE11ButtonPress
                0x0040a684      0x104 ./src/UserInterface.o
                0x0040a684                UI::ProcessTouchOutsidePopup(ButtonPress)
 .text._ZN2UI29AdjustControlPageMacroButtonsEv
                0x0040a788       0xd4 ./src/UserInterface.o
                0x0040a788                UI::AdjustControlPageMacroButtons()
 .text._ZN2UI13SetNumHeatersEj
                0x0040a85c       0xcc ./src/UserInterface.o
                0x0040a85c                UI::SetNumHeaters(unsigned int)
 .text._ZN2UI11SetNumToolsEj
                0x0040a928       0x48 ./src/UserInterface.o
                0x0040a928                UI::SetNumTools(unsigned int)
 .text          0x0040a970      0x370 c:/program files (x86)/gnu tools arm embedded/6 2017-q2-update/bin/../lib/gcc/arm-none-eabi/6.3.1/thumb/v7e-m\libgcc.a(_arm_addsubdf3.o)
                0x0040a970                __aeabi_drsub
                0x0040a978                __aeabi_dsub
                0x0040a978                __subdf3
                0x0040a97c                __aeabi_dadd
                0x0040a97c                __adddf3
                0x0040abf4                __floatunsidf
                0x0040abf4                __aeabi_ui2d
                0x0040ac14                __floatsidf
                0x0040ac14                __aeabi_i2d
                0x0040ac38                __aeabi_f2d
                0x0040ac38                __extendsfdf2
                0x0040ac74                __floatundidf
                0x0040ac74                __aeabi_ul2d
                0x0040ac84                __floatdidf
                0x0040ac84                __aeabi_l2d
 .text          0x0040ace0      0x424 c:/program files (x86)/gnu tools arm embedded/6 2017-q2-update/bin/../lib/gcc/arm-none-eabi/6.3.1/thumb/v7e-m\libgcc.a(_arm_muldivdf3.o)
                0x0040ace0                __aeabi_dmul
                0x0040ace0                __muldf3
                0x0040af34                __divdf3
                0x0040af34                __aeabi_ddiv
 .text          0x0040b104       0x50 c:/program files (x86)/gnu tools arm embedded/6 2017-q2-update/bin/../lib/gcc/arm-none-eabi/6.3.1/thumb/v7e-m\libgcc.a(_arm_fixdfsi.o)
                0x0040b104                __aeabi_d2iz
                0x0040b104                __fixdfsi
 .text          0x0040b154       0x40 c:/program files (x86)/gnu tools arm embedded/6 2017-q2-update/bin/../lib/gcc/arm-none-eabi/6.3.1/thumb/v7e-m\libgcc.a(_arm_fixunsdfsi.o)
                0x0040b154                __aeabi_d2uiz
                0x0040b154                __fixunsdfsi
 .text          0x0040b194       0xa0 c:/program files (x86)/gnu tools arm embedded/6 2017-q2-update/bin/../lib/gcc/arm-none-eabi/6.3.1/thumb/v7e-m\libgcc.a(_arm_truncdfsf2.o)
                0x0040b194                __truncdfsf2
                0x0040b194                __aeabi_d2f
 .text          0x0040b234      0x21c c:/program files (x86)/gnu tools arm embedded/6 2017-q2-update/bin/../lib/gcc/arm-none-eabi/6.3.1/thumb/v7e-m\libgcc.a(_arm_addsubsf3.o)
                0x0040b234                __aeabi_frsub
                0x0040b23c                __subsf3
                0x0040b23c                __aeabi_fsub
                0x0040b240                __aeabi_fadd
                0x0040b240                __addsf3
                0x0040b3a0                __aeabi_ui2f
                0x0040b3a0                __floatunsisf
                0x0040b3a8                __aeabi_i2f
                0x0040b3a8                __floatsisf
                0x0040b3c4                __aeabi_ul2f
                0x0040b3c4                __floatundisf
                0x0040b3d4                __aeabi_l2f
                0x0040b3d4                __floatdisf
 .text          0x0040b450      0x2a0 c:/program files (x86)/gnu tools arm embedded/6 2017-q2-update/bin/../lib/gcc/arm-none-eabi/6.3.1/thumb/v7e-m\libgcc.a(_arm_muldivsf3.o)
                0x0040b450                __mulsf3
                0x0040b450                __aeabi_fmul
                0x0040b5b8                __aeabi_fdiv
                0x0040b5b8                __divsf3
 .text          0x0040b6f0       0xec c:/program files (x86)/gnu tools arm embedded/6 2017-q2-update/bin/../lib/gcc/arm-none-eabi/6.3.1/thumb/v7e-m\libgcc.a(_arm_cmpsf2.o)
                0x0040b6f0                __gesf2
                0x0040b6f0                __gtsf2
                0x0040b6f8                __lesf2
                0x0040b6f8                __ltsf2
                0x0040b700                __nesf2
                0x0040b700                __eqsf2
                0x0040b700                __cmpsf2
                0x0040b760                __aeabi_cfrcmple
                0x0040b768                __aeabi_cfcmpeq
                0x0040b768                __aeabi_cfcmple
                0x0040b778                __aeabi_fcmpeq
                0x0040b78c                __aeabi_fcmplt
                0x0040b7a0                __aeabi_fcmple
                0x0040b7b4                __aeabi_fcmpge
                0x0040b7c8                __aeabi_fcmpgt
 .text          0x0040b7dc       0x2c c:/program files (x86)/gnu tools arm embedded/6 2017-q2-update/bin/../lib/gcc/arm-none-eabi/6.3.1/thumb/v7e-m\libgcc.a(_arm_unordsf2.o)
                0x0040b7dc                __unordsf2
                0x0040b7dc                __aeabi_fcmpun
 .text          0x0040b808       0x4c c:/program files (x86)/gnu tools arm embedded/6 2017-q2-update/bin/../lib/gcc/arm-none-eabi/6.3.1/thumb/v7e-m\libgcc.a(_arm_fixsfsi.o)
                0x0040b808                __aeabi_f2iz
                0x0040b808                __fixsfsi
 .text          0x0040b854       0x40 c:/program files (x86)/gnu tools arm embedded/6 2017-q2-update/bin/../lib/gcc/arm-none-eabi/6.3.1/thumb/v7e-m\libgcc.a(_arm_fixunssfsi.o)
                0x0040b854                __fixunssfsi
                0x0040b854                __aeabi_f2uiz
 .text.__libc_init_array
                0x0040b894       0x48 c:/program files (x86)/gnu tools arm embedded/6 2017-q2-update/bin/../lib/gcc/arm-none-eabi/6.3.1/../../../../arm-none-eabi/lib/thumb/v7e-m\libc_nano.a(lib_a-init.o)
                0x0040b894                __libc_init_array
 .text.memcmp   0x0040b8dc       0x1e c:/program files (x86)/gnu tools arm embedded/6 2017-q2-update/bin/../lib/gcc/arm-none-eabi/6.3.1/../../../../arm-none-eabi/lib/thumb/v7e-m\libc_nano.a(lib_a-memcmp.o)
                0x0040b8dc                memcmp
 .text.memcpy   0x0040b8fa       0x16 c:/program files (x86)/gnu tools arm embedded/6 2017-q2-update/bin/../lib/gcc/arm-none-eabi/6.3.1/../../../../arm-none-eabi/lib/thumb/v7e-m\libc_nano.a(lib_a-memcpy-stub.o)
                0x0040b8fa                memcpy
 .text.memset   0x0040b910       0x10 c:/program files (x86)/gnu tools arm embedded/6 2017-q2-update/bin/../lib/gcc/arm-none-eabi/6.3.1/../../../../arm-none-eabi/lib/thumb/v7e-m\libc_nano.a(lib_a-memset.o)
                0x0040b910                memset
 .text.snprintf
                0x0040b920       0x68 c:/program files (x86)/gnu tools arm embedded/6 2017-q2-update/bin/../lib/gcc/arm-none-eabi/6.3.1/../../../../arm-none-eabi/lib/thumb/v7e-m\libc_nano.a(lib_a-snprintf.o)
                0x0040b920                sniprintf
                0x0040b920                snprintf
 .text.strcasecmp
                0x0040b988       0x3c c:/program files (x86)/gnu tools arm embedded/6 2017-q2-update/bin/../lib/gcc/arm-none-eabi/6.3.1/../../../../arm-none-eabi/lib/thumb/v7e-m\libc_nano.a(lib_a-strcasecmp.o)
                0x0040b988                strcasecmp
 .text.strchr   0x0040b9c4       0x1c c:/program files (x86)/gnu tools arm embedded/6 2017-q2-update/bin/../lib/gcc/arm-none-eabi/6.3.1/../../../../arm-none-eabi/lib/thumb/v7e-m\libc_nano.a(lib_a-strchr.o)
                0x0040b9c4                strchr
 .text          0x0040b9e0       0x14 c:/program files (x86)/gnu tools arm embedded/6 2017-q2-update/bin/../lib/gcc/arm-none-eabi/6.3.1/../../../../arm-none-eabi/lib/thumb/v7e-m\libc_nano.a(lib_a-strcmp.o)
                0x0040b9e0                strcmp
 .text          0x0040b9f4       0x10 c:/program files (x86)/gnu tools arm embedded/6 2017-q2-update/bin/../lib/gcc/arm-none-eabi/6.3.1/../../../../arm-none-eabi/lib/thumb/v7e-m\libc_nano.a(lib_a-strlen.o)
                0x0040b9f4                strlen
 .text.strncmp  0x0040ba04       0x24 c:/program files (x86)/gnu tools arm embedded/6 2017-q2-update/bin/../lib/gcc/arm-none-eabi/6.3.1/../../../../arm-none-eabi/lib/thumb/v7e-m\libc_nano.a(lib_a-strncmp.o)
                0x0040ba04                strncmp
 .text.unlikely.sulp
                0x0040ba28       0x42 c:/program files (x86)/gnu tools arm embedded/6 2017-q2-update/bin/../lib/gcc/arm-none-eabi/6.3.1/../../../../arm-none-eabi/lib/thumb/v7e-m\libc_nano.a(lib_a-strtod.o)
 *fill*         0x0040ba6a        0x6 
 .text._strtod_l
                0x0040ba70      0xbe8 c:/program files (x86)/gnu tools arm embedded/6 2017-q2-update/bin/../lib/gcc/arm-none-eabi/6.3.1/../../../../arm-none-eabi/lib/thumb/v7e-m\libc_nano.a(lib_a-strtod.o)
                0x0040ba70                _strtod_l
 .text.strtof   0x0040c658       0x9c c:/program files (x86)/gnu tools arm embedded/6 2017-q2-update/bin/../lib/gcc/arm-none-eabi/6.3.1/../../../../arm-none-eabi/lib/thumb/v7e-m\libc_nano.a(lib_a-strtod.o)
                0x0040c658                strtof
 .text._strtol_l.isra.0
                0x0040c6f4      0x100 c:/program files (x86)/gnu tools arm embedded/6 2017-q2-update/bin/../lib/gcc/arm-none-eabi/6.3.1/../../../../arm-none-eabi/lib/thumb/v7e-m\libc_nano.a(lib_a-strtol.o)
 .text.strtol   0x0040c7f4       0x2c c:/program files (x86)/gnu tools arm embedded/6 2017-q2-update/bin/../lib/gcc/arm-none-eabi/6.3.1/../../../../arm-none-eabi/lib/thumb/v7e-m\libc_nano.a(lib_a-strtol.o)
                0x0040c7f4                strtol
 .text._strtoul_l.isra.0
                0x0040c820       0xfa c:/program files (x86)/gnu tools arm embedded/6 2017-q2-update/bin/../lib/gcc/arm-none-eabi/6.3.1/../../../../arm-none-eabi/lib/thumb/v7e-m\libc_nano.a(lib_a-strtoul.o)
 *fill*         0x0040c91a        0x2 
 .text.strtoul  0x0040c91c       0x2c c:/program files (x86)/gnu tools arm embedded/6 2017-q2-update/bin/../lib/gcc/arm-none-eabi/6.3.1/../../../../arm-none-eabi/lib/thumb/v7e-m\libc_nano.a(lib_a-strtoul.o)
                0x0040c91c                strtoul
 .text._vsnprintf_r
                0x0040c948       0x58 c:/program files (x86)/gnu tools arm embedded/6 2017-q2-update/bin/../lib/gcc/arm-none-eabi/6.3.1/../../../../arm-none-eabi/lib/thumb/v7e-m\libc_nano.a(lib_a-vsnprintf.o)
                0x0040c948                _vsniprintf_r
                0x0040c948                _vsnprintf_r
 .text.vsnprintf
                0x0040c9a0       0x1c c:/program files (x86)/gnu tools arm embedded/6 2017-q2-update/bin/../lib/gcc/arm-none-eabi/6.3.1/../../../../arm-none-eabi/lib/thumb/v7e-m\libc_nano.a(lib_a-vsnprintf.o)
                0x0040c9a0                vsniprintf
                0x0040c9a0                vsnprintf
 .text.rshift   0x0040c9bc       0x6a c:/program files (x86)/gnu tools arm embedded/6 2017-q2-update/bin/../lib/gcc/arm-none-eabi/6.3.1/../../../../arm-none-eabi/lib/thumb/v7e-m\libc_nano.a(lib_a-gdtoa-gethex.o)
 .text.__hexdig_fun
                0x0040ca26       0x2a c:/program files (x86)/gnu tools arm embedded/6 2017-q2-update/bin/../lib/gcc/arm-none-eabi/6.3.1/../../../../arm-none-eabi/lib/thumb/v7e-m\libc_nano.a(lib_a-gdtoa-gethex.o)
                0x0040ca26                __hexdig_fun
 .text.__gethex
                0x0040ca50      0x43c c:/program files (x86)/gnu tools arm embedded/6 2017-q2-update/bin/../lib/gcc/arm-none-eabi/6.3.1/../../../../arm-none-eabi/lib/thumb/v7e-m\libc_nano.a(lib_a-gdtoa-gethex.o)
                0x0040ca50                __gethex
 .text.L_shift  0x0040ce8c       0x24 c:/program files (x86)/gnu tools arm embedded/6 2017-q2-update/bin/../lib/gcc/arm-none-eabi/6.3.1/../../../../arm-none-eabi/lib/thumb/v7e-m\libc_nano.a(lib_a-gdtoa-hexnan.o)
 .text.__match  0x0040ceb0       0x26 c:/program files (x86)/gnu tools arm embedded/6 2017-q2-update/bin/../lib/gcc/arm-none-eabi/6.3.1/../../../../arm-none-eabi/lib/thumb/v7e-m\libc_nano.a(lib_a-gdtoa-hexnan.o)
                0x0040ceb0                __match
 .text.__hexnan
                0x0040ced6      0x120 c:/program files (x86)/gnu tools arm embedded/6 2017-q2-update/bin/../lib/gcc/arm-none-eabi/6.3.1/../../../../arm-none-eabi/lib/thumb/v7e-m\libc_nano.a(lib_a-gdtoa-hexnan.o)
                0x0040ced6                __hexnan
 .text.__locale_ctype_ptr_l
                0x0040cff6        0x6 c:/program files (x86)/gnu tools arm embedded/6 2017-q2-update/bin/../lib/gcc/arm-none-eabi/6.3.1/../../../../arm-none-eabi/lib/thumb/v7e-m\libc_nano.a(lib_a-locale.o)
                0x0040cff6                __locale_ctype_ptr_l
 .text.__locale_ctype_ptr
                0x0040cffc       0x1c c:/program files (x86)/gnu tools arm embedded/6 2017-q2-update/bin/../lib/gcc/arm-none-eabi/6.3.1/../../../../arm-none-eabi/lib/thumb/v7e-m\libc_nano.a(lib_a-locale.o)
                0x0040cffc                __locale_ctype_ptr
 .text.__localeconv_l
                0x0040d018        0x4 c:/program files (x86)/gnu tools arm embedded/6 2017-q2-update/bin/../lib/gcc/arm-none-eabi/6.3.1/../../../../arm-none-eabi/lib/thumb/v7e-m\libc_nano.a(lib_a-localeconv.o)
                0x0040d018                __localeconv_l
 .text.__ascii_mbtowc
                0x0040d01c       0x24 c:/program files (x86)/gnu tools arm embedded/6 2017-q2-update/bin/../lib/gcc/arm-none-eabi/6.3.1/../../../../arm-none-eabi/lib/thumb/v7e-m\libc_nano.a(lib_a-mbtowc_r.o)
                0x0040d01c                __ascii_mbtowc
 .text._Balloc  0x0040d040       0x68 c:/program files (x86)/gnu tools arm embedded/6 2017-q2-update/bin/../lib/gcc/arm-none-eabi/6.3.1/../../../../arm-none-eabi/lib/thumb/v7e-m\libc_nano.a(lib_a-mprec.o)
                0x0040d040                _Balloc
 .text._Bfree   0x0040d0a8       0x2e c:/program files (x86)/gnu tools arm embedded/6 2017-q2-update/bin/../lib/gcc/arm-none-eabi/6.3.1/../../../../arm-none-eabi/lib/thumb/v7e-m\libc_nano.a(lib_a-mprec.o)
                0x0040d0a8                _Bfree
 .text.__multadd
                0x0040d0d6       0x76 c:/program files (x86)/gnu tools arm embedded/6 2017-q2-update/bin/../lib/gcc/arm-none-eabi/6.3.1/../../../../arm-none-eabi/lib/thumb/v7e-m\libc_nano.a(lib_a-mprec.o)
                0x0040d0d6                __multadd
 .text.__s2b    0x0040d14c       0x7c c:/program files (x86)/gnu tools arm embedded/6 2017-q2-update/bin/../lib/gcc/arm-none-eabi/6.3.1/../../../../arm-none-eabi/lib/thumb/v7e-m\libc_nano.a(lib_a-mprec.o)
                0x0040d14c                __s2b
 .text.__hi0bits
                0x0040d1c8       0x3e c:/program files (x86)/gnu tools arm embedded/6 2017-q2-update/bin/../lib/gcc/arm-none-eabi/6.3.1/../../../../arm-none-eabi/lib/thumb/v7e-m\libc_nano.a(lib_a-mprec.o)
                0x0040d1c8                __hi0bits
 .text.__lo0bits
                0x0040d206       0x5e c:/program files (x86)/gnu tools arm embedded/6 2017-q2-update/bin/../lib/gcc/arm-none-eabi/6.3.1/../../../../arm-none-eabi/lib/thumb/v7e-m\libc_nano.a(lib_a-mprec.o)
                0x0040d206                __lo0bits
 .text.__i2b    0x0040d264       0x12 c:/program files (x86)/gnu tools arm embedded/6 2017-q2-update/bin/../lib/gcc/arm-none-eabi/6.3.1/../../../../arm-none-eabi/lib/thumb/v7e-m\libc_nano.a(lib_a-mprec.o)
                0x0040d264                __i2b
 .text.__multiply